2026-04-24T08:04:35,295378-07:00 Linux version 6.18.22-x64v1-xanmod1 (root@runner-5zaukmnig-project-51590166-concurrent-0) (Debian clang version 19.1.7 (3), Debian LLD 19.1.7) #0~20260411.g1d9cd8c SMP PREEMPT_DYNAMIC Sat Apr 11 18:07:48 UTC
2026-04-24T08:04:35,295378-07:00 Command line: BOOT_IMAGE=/boot/vmlinuz-6.18.22-x64v1-xanmod1 root=UUID=1d93df94-f6f2-4289-98ee-774f2f6a4bbd ro quiet processor.max_cstate=1 nowatchdog nmi_watchdog=0 tsc=reliable threadirqs usbhid.mousepoll=1 usbhid.kbpoll=1 radeon.dpm=1 radeon.bapm=0 radeon.runpm=0 radeon.msi=1 radeon.fastfb=1 radeon.audio=0 radeon.pcie_gen2=1 radeon.disp_priority=1 pcie_aspm=force mitigations=off ahci.mobile_lpm_policy=0 zswap.enabled=0 iomem=relaxed transparent_hugepage=madvise drm_kms_helper.poll=0 snd_hda_intel.power_save=0 processor.ignore_ppc=1 radeon.hard_reset=1 radeon.lockup_timeout=10000
2026-04-24T08:04:35,295378-07:00 BIOS-provided physical RAM map:
2026-04-24T08:04:35,295378-07:00 BIOS-e820: [mem 0x0000000000000000-0x000000000008efff] usable
2026-04-24T08:04:35,295378-07:00 BIOS-e820: [mem 0x000000000008f000-0x000000000008ffff] ACPI NVS
2026-04-24T08:04:35,295378-07:00 BIOS-e820: [mem 0x0000000000090000-0x000000000009ffff] usable
2026-04-24T08:04:35,295378-07:00 BIOS-e820: [mem 0x0000000000100000-0x00000000c6ce9fff] usable
2026-04-24T08:04:35,295378-07:00 BIOS-e820: [mem 0x00000000c6cea000-0x00000000c70f9fff] reserved
2026-04-24T08:04:35,295378-07:00 BIOS-e820: [mem 0x00000000c70fa000-0x00000000c7179fff] ACPI NVS
2026-04-24T08:04:35,295378-07:00 BIOS-e820: [mem 0x00000000c717a000-0x00000000c71d9fff] ACPI data
2026-04-24T08:04:35,295378-07:00 BIOS-e820: [mem 0x00000000c71da000-0x00000000c7bfffff] usable
2026-04-24T08:04:35,295378-07:00 BIOS-e820: [mem 0x00000000fed80000-0x00000000fed80fff] reserved
2026-04-24T08:04:35,295378-07:00 BIOS-e820: [mem 0x0000000100000000-0x000000041effffff] usable
2026-04-24T08:04:35,295378-07:00 NX (Execute Disable) protection: active
2026-04-24T08:04:35,295378-07:00 APIC: Static calls initialized
2026-04-24T08:04:35,295378-07:00 efi: EFI v2.0 by Phoenix Technologies Ltd.
2026-04-24T08:04:35,295378-07:00 efi: ACPI=0xc71d9000 ACPI 2.0=0xc71d9014 SMBIOS=0xc70ec000 MOKvar=0xc703d000 INITRD=0xc497d818
2026-04-24T08:04:35,295378-07:00 efi: Not removing mem42: MMIO range=[0xfed80000-0xfed80fff] (4KB) from e820 map
2026-04-24T08:04:35,295378-07:00 SMBIOS 2.6 present.
2026-04-24T08:04:35,295378-07:00 DMI: LENOVO 06222DU/06222DU, BIOS 8RET54WW (1.17 ) 10/24/2012
2026-04-24T08:04:35,295378-07:00 DMI: Memory slots populated: 2/2
2026-04-24T08:04:35,295378-07:00 tsc: Fast TSC calibration using PIT
2026-04-24T08:04:35,295378-07:00 tsc: Detected 1297.252 MHz processor
2026-04-24T08:04:35,297183-07:00 e820: update [mem 0x00000000-0x00000fff] usable ==> reserved
2026-04-24T08:04:35,297192-07:00 e820: remove [mem 0x000a0000-0x000fffff] usable
2026-04-24T08:04:35,297209-07:00 last_pfn = 0x41f000 max_arch_pfn = 0x400000000
2026-04-24T08:04:35,297230-07:00 MTRR map: 9 entries (3 fixed + 6 variable; max 20), built from 9 variable MTRRs
2026-04-24T08:04:35,297236-07:00 x86/PAT: Configuration [0-7]: WB  WC  UC- UC  WB  WP  UC- WT
2026-04-24T08:04:35,297435-07:00 last_pfn = 0xc7c00 max_arch_pfn = 0x400000000
2026-04-24T08:04:35,308446-07:00 Using GB pages for direct mapping
2026-04-24T08:04:35,309153-07:00 Secure boot disabled
2026-04-24T08:04:35,309156-07:00 RAMDISK: [mem 0xb6b6c000-0xc0177fff]
2026-04-24T08:04:35,309173-07:00 ACPI: Early table checksum verification disabled
2026-04-24T08:04:35,309184-07:00 ACPI: RSDP 0x00000000C71D9014 000024 (v04 LENOVO)
2026-04-24T08:04:35,309198-07:00 ACPI: XSDT 0x00000000C71D9120 000074 (v01 LENOVO TP-8R    00000003 PTEC 00000002)
2026-04-24T08:04:35,309215-07:00 ACPI: FACP 0x00000000C71C4000 0000F4 (v04 LENOVO TP-8R    00001170 PTL  00000002)
2026-04-24T08:04:35,309232-07:00 ACPI: DSDT 0x00000000C71C6000 0112E1 (v01 LENOVO TP-8R    00001000 PTEC 00001170)
2026-04-24T08:04:35,309242-07:00 ACPI: FACS 0x00000000C7165000 000040
2026-04-24T08:04:35,309249-07:00 ACPI: FACS 0x00000000C7165000 000040
2026-04-24T08:04:35,309256-07:00 ACPI: SLIC 0x00000000C71D8000 000176 (v01 LENOVO TP-8R    00001170 PTEC 00000001)
2026-04-24T08:04:35,309265-07:00 ACPI: HPET 0x00000000C71C3000 000038 (v01 LENOVO TP-8R    00001170 PTL  00000002)
2026-04-24T08:04:35,309274-07:00 ACPI: APIC 0x00000000C71C2000 00005E (v02 LENOVO TP-8R    00001170 PTL  00000002)
2026-04-24T08:04:35,309282-07:00 ACPI: MCFG 0x00000000C71C1000 00003C (v01 LENOVO TP-8R    00001170 PTL  00000002)
2026-04-24T08:04:35,309291-07:00 ACPI: UEFI 0x00000000C71C0000 00003E (v01 LENOVO TP-8R    00001170 PTL  00000002)
2026-04-24T08:04:35,309299-07:00 ACPI: UEFI 0x00000000C71BF000 000042 (v01 PTL    COMBUF   00000001 PTL  00000001)
2026-04-24T08:04:35,309308-07:00 ACPI: SSDT 0x00000000C71BE000 0003DE (v01 AMD    POWERNOW 00000001 AMD  00000001)
2026-04-24T08:04:35,309317-07:00 ACPI: SSDT 0x00000000C71BC000 00168E (v02 AMD    ALIB     00000001 MSFT 04000000)
2026-04-24T08:04:35,309327-07:00 ACPI: UEFI 0x00000000C71BB000 00013E (v01 LENOVO TP-8R    00001170 PTL  00000002)
2026-04-24T08:04:35,309334-07:00 ACPI: Reserving FACP table memory at [mem 0xc71c4000-0xc71c40f3]
2026-04-24T08:04:35,309339-07:00 ACPI: Reserving DSDT table memory at [mem 0xc71c6000-0xc71d72e0]
2026-04-24T08:04:35,309342-07:00 ACPI: Reserving FACS table memory at [mem 0xc7165000-0xc716503f]
2026-04-24T08:04:35,309345-07:00 ACPI: Reserving FACS table memory at [mem 0xc7165000-0xc716503f]
2026-04-24T08:04:35,309347-07:00 ACPI: Reserving SLIC table memory at [mem 0xc71d8000-0xc71d8175]
2026-04-24T08:04:35,309350-07:00 ACPI: Reserving HPET table memory at [mem 0xc71c3000-0xc71c3037]
2026-04-24T08:04:35,309352-07:00 ACPI: Reserving APIC table memory at [mem 0xc71c2000-0xc71c205d]
2026-04-24T08:04:35,309355-07:00 ACPI: Reserving MCFG table memory at [mem 0xc71c1000-0xc71c103b]
2026-04-24T08:04:35,309358-07:00 ACPI: Reserving UEFI table memory at [mem 0xc71c0000-0xc71c003d]
2026-04-24T08:04:35,309360-07:00 ACPI: Reserving UEFI table memory at [mem 0xc71bf000-0xc71bf041]
2026-04-24T08:04:35,309363-07:00 ACPI: Reserving SSDT table memory at [mem 0xc71be000-0xc71be3dd]
2026-04-24T08:04:35,309365-07:00 ACPI: Reserving SSDT table memory at [mem 0xc71bc000-0xc71bd68d]
2026-04-24T08:04:35,309368-07:00 ACPI: Reserving UEFI table memory at [mem 0xc71bb000-0xc71bb13d]
2026-04-24T08:04:35,309655-07:00 No NUMA configuration found
2026-04-24T08:04:35,309657-07:00 Faking a node at [mem 0x0000000000000000-0x000000041effffff]
2026-04-24T08:04:35,309695-07:00 NODE_DATA(0) allocated [mem 0x41efd3280-0x41effdfff]
2026-04-24T08:04:35,310682-07:00 Zone ranges:
2026-04-24T08:04:35,310685-07:00   DMA      [mem 0x0000000000001000-0x0000000000ffffff]
2026-04-24T08:04:35,310693-07:00   DMA32    [mem 0x0000000001000000-0x00000000ffffffff]
2026-04-24T08:04:35,310697-07:00   Normal   [mem 0x0000000100000000-0x000000041effffff]
2026-04-24T08:04:35,310702-07:00   Device   empty
2026-04-24T08:04:35,310705-07:00 Movable zone start for each node
2026-04-24T08:04:35,310709-07:00 Early memory node ranges
2026-04-24T08:04:35,310711-07:00   node   0: [mem 0x0000000000001000-0x000000000008efff]
2026-04-24T08:04:35,310715-07:00   node   0: [mem 0x0000000000090000-0x000000000009ffff]
2026-04-24T08:04:35,310719-07:00   node   0: [mem 0x0000000000100000-0x00000000c6ce9fff]
2026-04-24T08:04:35,310724-07:00   node   0: [mem 0x00000000c71da000-0x00000000c7bfffff]
2026-04-24T08:04:35,310727-07:00   node   0: [mem 0x0000000100000000-0x000000041effffff]
2026-04-24T08:04:35,310735-07:00 Initmem setup node 0 [mem 0x0000000000001000-0x000000041effffff]
2026-04-24T08:04:35,310759-07:00 On node 0, zone DMA: 1 pages in unavailable ranges
2026-04-24T08:04:35,310763-07:00 On node 0, zone DMA: 1 pages in unavailable ranges
2026-04-24T08:04:35,310926-07:00 On node 0, zone DMA: 96 pages in unavailable ranges
2026-04-24T08:04:35,344870-07:00 On node 0, zone DMA32: 1264 pages in unavailable ranges
2026-04-24T08:04:35,481424-07:00 On node 0, zone Normal: 1024 pages in unavailable ranges
2026-04-24T08:04:35,481578-07:00 On node 0, zone Normal: 4096 pages in unavailable ranges
2026-04-24T08:04:35,481952-07:00 ACPI: PM-Timer IO Port: 0x808
2026-04-24T08:04:35,481977-07:00 ACPI: LAPIC_NMI (acpi_id[0x00] high edge lint[0x1])
2026-04-24T08:04:35,481984-07:00 ACPI: LAPIC_NMI (acpi_id[0x01] high edge lint[0x1])
2026-04-24T08:04:35,482048-07:00 IOAPIC[0]: apic_id 2, version 33, address 0xfec00000, GSI 0-23
2026-04-24T08:04:35,482057-07:00 ACPI: INT_SRC_OVR (bus 0 bus_irq 0 global_irq 2 dfl dfl)
2026-04-24T08:04:35,482071-07:00 ACPI: Using ACPI (MADT) for SMP configuration information
2026-04-24T08:04:35,482075-07:00 ACPI: HPET id: 0x43538210 base: 0xfed00000
2026-04-24T08:04:35,482105-07:00 CPU topo: Max. logical packages:   1
2026-04-24T08:04:35,482108-07:00 CPU topo: Max. logical dies:       1
2026-04-24T08:04:35,482110-07:00 CPU topo: Max. dies per package:   1
2026-04-24T08:04:35,482127-07:00 CPU topo: Max. threads per core:   1
2026-04-24T08:04:35,482130-07:00 CPU topo: Num. cores per package:     2
2026-04-24T08:04:35,482132-07:00 CPU topo: Num. threads per package:   2
2026-04-24T08:04:35,482134-07:00 CPU topo: Allowing 2 present CPUs plus 0 hotplug CPUs
2026-04-24T08:04:35,482167-07:00 PM: hibernation: Registered nosave memory: [mem 0x00000000-0x00000fff]
2026-04-24T08:04:35,482172-07:00 PM: hibernation: Registered nosave memory: [mem 0x0008f000-0x0008ffff]
2026-04-24T08:04:35,482177-07:00 PM: hibernation: Registered nosave memory: [mem 0x000a0000-0x000fffff]
2026-04-24T08:04:35,482182-07:00 PM: hibernation: Registered nosave memory: [mem 0xc6cea000-0xc71d9fff]
2026-04-24T08:04:35,482186-07:00 PM: hibernation: Registered nosave memory: [mem 0xc7c00000-0xffffffff]
2026-04-24T08:04:35,482191-07:00 [mem 0xc7c00000-0xfed7ffff] available for PCI devices
2026-04-24T08:04:35,482197-07:00 Booting paravirtualized kernel on bare hardware
2026-04-24T08:04:35,482202-07:00 clocksource: refined-jiffies: mask: 0xffffffff max_cycles: 0xffffffff, max_idle_ns: 7645519600211568 ns
2026-04-24T08:04:35,501331-07:00 setup_percpu: NR_CPUS:8192 nr_cpumask_bits:2 nr_cpu_ids:2 nr_node_ids:1
2026-04-24T08:04:35,502834-07:00 percpu: Embedded 62 pages/cpu s217088 r8192 d28672 u1048576
2026-04-24T08:04:35,502853-07:00 pcpu-alloc: s217088 r8192 d28672 u1048576 alloc=1*2097152
2026-04-24T08:04:35,502862-07:00 pcpu-alloc: [0] 0 1
2026-04-24T08:04:35,502912-07:00 Kernel command line: BOOT_IMAGE=/boot/vmlinuz-6.18.22-x64v1-xanmod1 root=UUID=1d93df94-f6f2-4289-98ee-774f2f6a4bbd ro quiet processor.max_cstate=1 nowatchdog nmi_watchdog=0 tsc=reliable threadirqs usbhid.mousepoll=1 usbhid.kbpoll=1 radeon.dpm=1 radeon.bapm=0 radeon.runpm=0 radeon.msi=1 radeon.fastfb=1 radeon.audio=0 radeon.pcie_gen2=1 radeon.disp_priority=1 pcie_aspm=force mitigations=off ahci.mobile_lpm_policy=0 zswap.enabled=0 iomem=relaxed transparent_hugepage=madvise drm_kms_helper.poll=0 snd_hda_intel.power_save=0 processor.ignore_ppc=1 radeon.hard_reset=1 radeon.lockup_timeout=10000
2026-04-24T08:04:35,503646-07:00 PCIe ASPM is forcibly enabled
2026-04-24T08:04:35,504012-07:00 printk: log buffer data + meta data: 131072 + 458752 = 589824 bytes
2026-04-24T08:04:35,513239-07:00 Dentry cache hash table entries: 2097152 (order: 12, 16777216 bytes, linear)
2026-04-24T08:04:35,517874-07:00 Inode-cache hash table entries: 1048576 (order: 11, 8388608 bytes, linear)
2026-04-24T08:04:35,517987-07:00 software IO TLB: area num 2.
2026-04-24T08:04:35,592862-07:00 Fallback order for Node 0: 0
2026-04-24T08:04:35,592876-07:00 Built 1 zonelists, mobility grouping on.  Total pages: 4089518
2026-04-24T08:04:35,592881-07:00 Policy zone: Normal
2026-04-24T08:04:35,594215-07:00 mem auto-init: stack:all(zero), heap alloc:on, heap free:off
2026-04-24T08:04:35,867775-07:00 SLUB: HWalign=64, Order=0-3, MinObjects=0, CPUs=2, Nodes=1
2026-04-24T08:04:35,870090-07:00 ftrace: allocating 56667 entries in 222 pages
2026-04-24T08:04:35,870105-07:00 ftrace: allocated 222 pages with 6 groups
2026-04-24T08:04:35,872117-07:00 Dynamic Preempt: lazy
2026-04-24T08:04:35,872428-07:00 rcu: Preemptible hierarchical RCU implementation.
2026-04-24T08:04:35,872431-07:00 rcu: 	RCU restricting CPUs from NR_CPUS=8192 to nr_cpu_ids=2.
2026-04-24T08:04:35,872435-07:00 rcu: 	RCU priority boosting: priority 1 delay 0 ms.
2026-04-24T08:04:35,872439-07:00 	Trampoline variant of Tasks RCU enabled.
2026-04-24T08:04:35,872440-07:00 	Rude variant of Tasks RCU enabled.
2026-04-24T08:04:35,872442-07:00 	Tracing variant of Tasks RCU enabled.
2026-04-24T08:04:35,872444-07:00 rcu: RCU calculated value of scheduler-enlistment delay is 25 jiffies.
2026-04-24T08:04:35,872447-07:00 rcu: Adjusting geometry for rcu_fanout_leaf=16, nr_cpu_ids=2
2026-04-24T08:04:35,872474-07:00 RCU Tasks: Setting shift to 1 and lim to 1 rcu_task_cb_adjust=1 rcu_task_cpu_ids=2.
2026-04-24T08:04:35,872479-07:00 RCU Tasks Rude: Setting shift to 1 and lim to 1 rcu_task_cb_adjust=1 rcu_task_cpu_ids=2.
2026-04-24T08:04:35,872484-07:00 RCU Tasks Trace: Setting shift to 1 and lim to 1 rcu_task_cb_adjust=1 rcu_task_cpu_ids=2.
2026-04-24T08:04:35,890882-07:00 NR_IRQS: 524544, nr_irqs: 440, preallocated irqs: 16
2026-04-24T08:04:35,891452-07:00 rcu: srcu_init: Setting srcu_struct sizes based on contention.
2026-04-24T08:04:35,892996-07:00 kfence: initialized - using 2097152 bytes for 255 objects at 0x(____ptrval____)-0x(____ptrval____)
2026-04-24T08:04:35,893228-07:00 Console: colour dummy device 80x25
2026-04-24T08:04:35,893238-07:00 printk: legacy console [tty0] enabled
2026-04-24T08:04:35,893824-07:00 ACPI: Core revision 20250807
2026-04-24T08:04:35,894551-07:00 clocksource: hpet: mask: 0xffffffff max_cycles: 0xffffffff, max_idle_ns: 133484873504 ns
2026-04-24T08:04:35,894589-07:00 APIC: Switch to symmetric I/O mode setup
2026-04-24T08:04:35,895096-07:00 ..TIMER: vector=0x30 apic1=0 pin1=2 apic2=-1 pin2=-1
2026-04-24T08:04:35,914634-07:00 clocksource: tsc-early: mask: 0xffffffffffffffff max_cycles: 0x12b2fa1b427, max_idle_ns: 440795256637 ns
2026-04-24T08:04:35,914653-07:00 Calibrating delay loop (skipped), value calculated using timer frequency.. 2594.50 BogoMIPS (lpj=5189008)
2026-04-24T08:04:35,914758-07:00 Last level iTLB entries: 4KB 512, 2MB 8, 4MB 4
2026-04-24T08:04:35,914764-07:00 Last level dTLB entries: 4KB 512, 2MB 8, 4MB 4, 1GB 0
2026-04-24T08:04:35,914785-07:00 mitigations: Enabled attack vectors: SMT mitigations: off
2026-04-24T08:04:35,914795-07:00 Speculative Store Bypass: Vulnerable
2026-04-24T08:04:35,914801-07:00 Spectre V2 : Vulnerable
2026-04-24T08:04:35,914806-07:00 Spectre V1 : Vulnerable: __user pointer sanitization and usercopy barriers only; no swapgs barriers
2026-04-24T08:04:35,914820-07:00 x86/fpu: x87 FPU will use FXSAVE
2026-04-24T08:04:35,979169-07:00 Freeing SMP alternatives memory: 60K
2026-04-24T08:04:35,979201-07:00 pid_max: default: 32768 minimum: 301
2026-04-24T08:04:35,980590-07:00 LSM: initializing lsm=capability,landlock,lockdown,yama,bpf
2026-04-24T08:04:35,982367-07:00 landlock: Up and running.
2026-04-24T08:04:35,982376-07:00 Yama: becoming mindful.
2026-04-24T08:04:35,982907-07:00 LSM support for eBPF active
2026-04-24T08:04:35,983599-07:00 Mount-cache hash table entries: 32768 (order: 6, 262144 bytes, linear)
2026-04-24T08:04:35,983750-07:00 Mountpoint-cache hash table entries: 32768 (order: 6, 262144 bytes, linear)
2026-04-24T08:04:36,099891-07:00 smpboot: CPU0: AMD E-300 APU with Radeon(tm) HD Graphics (family: 0x14, model: 0x2, stepping: 0x0)
2026-04-24T08:04:36,101130-07:00 Performance Events: AMD PMU driver.
2026-04-24T08:04:36,101155-07:00 ... version:                   0
2026-04-24T08:04:36,101159-07:00 ... bit width:                 48
2026-04-24T08:04:36,101163-07:00 ... generic counters:          4
2026-04-24T08:04:36,101166-07:00 ... generic bitmap:            000000000000000f
2026-04-24T08:04:36,101170-07:00 ... fixed-purpose counters:    0
2026-04-24T08:04:36,101173-07:00 ... fixed-purpose bitmap:      0000000000000000
2026-04-24T08:04:36,101176-07:00 ... value mask:                0000ffffffffffff
2026-04-24T08:04:36,101179-07:00 ... max period:                00007fffffffffff
2026-04-24T08:04:36,101182-07:00 ... global_ctrl mask:          000000000000000f
2026-04-24T08:04:36,101521-07:00 signal: max sigframe size: 1440
2026-04-24T08:04:36,101863-07:00 rcu: Hierarchical SRCU implementation.
2026-04-24T08:04:36,101871-07:00 rcu: 	Max phase no-delay instances is 1000.
2026-04-24T08:04:36,102268-07:00 Timer migration: 1 hierarchy levels; 8 children per group; 1 crossnode level
2026-04-24T08:04:36,102643-07:00 MCE: In-kernel MCE decoding enabled.
2026-04-24T08:04:36,102643-07:00 smp: Bringing up secondary CPUs ...
2026-04-24T08:04:36,102987-07:00 smpboot: x86: Booting SMP configuration:
2026-04-24T08:04:36,103001-07:00 .... node  #0, CPUs:      #1
2026-04-24T08:04:35,302488-07:00 No irq handler for 1.55
2026-04-24T08:04:36,114783-07:00 smp: Brought up 1 node, 2 CPUs
2026-04-24T08:04:36,114783-07:00 smpboot: Total of 2 processors activated (5189.00 BogoMIPS)
2026-04-24T08:04:36,115314-07:00 Memory: 15749168K/16358072K available (19609K kernel code, 2815K rwdata, 14476K rodata, 3472K init, 4060K bss, 602388K reserved, 0K cma-reserved)
2026-04-24T08:04:36,115336-07:00 le9 Unofficial (le9uo) working set protection 1.15 by Masahito Suzuki (forked from hakavlad's original le9 patch)
2026-04-24T08:04:36,117260-07:00 devtmpfs: initialized
2026-04-24T08:04:36,117260-07:00 x86/mm: Memory block size: 128MB
2026-04-24T08:04:36,125174-07:00 ACPI: PM: Registering ACPI NVS region [mem 0x0008f000-0x0008ffff] (4096 bytes)
2026-04-24T08:04:36,125174-07:00 ACPI: PM: Registering ACPI NVS region [mem 0xc70fa000-0xc7179fff] (524288 bytes)
2026-04-24T08:04:36,126909-07:00 clocksource: jiffies: mask: 0xffffffff max_cycles: 0xffffffff, max_idle_ns: 7645041785100000 ns
2026-04-24T08:04:36,126957-07:00 posixtimers hash table entries: 1024 (order: 2, 16384 bytes, linear)
2026-04-24T08:04:36,126988-07:00 futex hash table entries: 512 (32768 bytes on 1 NUMA nodes, total 32 KiB, linear).
2026-04-24T08:04:36,128450-07:00 pinctrl core: initialized pinctrl subsystem
2026-04-24T08:04:36,128908-07:00 PM: RTC time: 15:04:36, date: 2026-04-24
2026-04-24T08:04:36,133118-07:00 NET: Registered PF_NETLINK/PF_ROUTE protocol family
2026-04-24T08:04:36,135280-07:00 DMA: preallocated 2048 KiB GFP_KERNEL pool for atomic allocations
2026-04-24T08:04:36,136510-07:00 DMA: preallocated 2048 KiB GFP_KERNEL|GFP_DMA pool for atomic allocations
2026-04-24T08:04:36,137735-07:00 DMA: preallocated 2048 KiB GFP_KERNEL|GFP_DMA32 pool for atomic allocations
2026-04-24T08:04:36,137803-07:00 audit: initializing netlink subsys (disabled)
2026-04-24T08:04:36,138064-07:00 audit: type=2000 audit(1777043076.240:1): state=initialized audit_enabled=0 res=1
2026-04-24T08:04:36,138896-07:00 thermal_sys: Registered thermal governor 'fair_share'
2026-04-24T08:04:36,138910-07:00 thermal_sys: Registered thermal governor 'bang_bang'
2026-04-24T08:04:36,138914-07:00 thermal_sys: Registered thermal governor 'step_wise'
2026-04-24T08:04:36,138917-07:00 thermal_sys: Registered thermal governor 'user_space'
2026-04-24T08:04:36,138920-07:00 thermal_sys: Registered thermal governor 'power_allocator'
2026-04-24T08:04:36,138970-07:00 cpuidle: using governor ladder
2026-04-24T08:04:36,138970-07:00 cpuidle: using governor menu
2026-04-24T08:04:36,151146-07:00 efi: Freeing EFI boot services memory: 44780K
2026-04-24T08:04:36,151190-07:00 acpiphp: ACPI Hot Plug PCI Controller Driver version: 0.5
2026-04-24T08:04:36,152246-07:00 PCI: ECAM [mem 0xf8000000-0xf9ffffff] (base 0xf8000000) for domain 0000 [bus 00-1f]
2026-04-24T08:04:36,152268-07:00 PCI: not using ECAM ([mem 0xf8000000-0xf9ffffff] not reserved)
2026-04-24T08:04:36,152274-07:00 PCI: Using configuration type 1 for base access
2026-04-24T08:04:36,152277-07:00 PCI: Using configuration type 1 for extended access
2026-04-24T08:04:36,152994-07:00 kprobes: kprobe jump-optimization is enabled. All kprobes are optimized if possible.
2026-04-24T08:04:36,174757-07:00 HugeTLB: registered 1.00 GiB page size, pre-allocated 0 pages
2026-04-24T08:04:36,174773-07:00 HugeTLB: 16380 KiB vmemmap can be freed for a 1.00 GiB page
2026-04-24T08:04:36,174779-07:00 HugeTLB: registered 2.00 MiB page size, pre-allocated 0 pages
2026-04-24T08:04:36,174782-07:00 HugeTLB: 28 KiB vmemmap can be freed for a 2.00 MiB page
2026-04-24T08:04:36,211142-07:00 raid6: skipped pq benchmark and selected sse2x4
2026-04-24T08:04:36,211157-07:00 raid6: using ssse3x2 recovery algorithm
2026-04-24T08:04:36,211546-07:00 fbcon: Taking over console
2026-04-24T08:04:36,211638-07:00 ACPI: Added _OSI(Module Device)
2026-04-24T08:04:36,211643-07:00 ACPI: Added _OSI(Processor Device)
2026-04-24T08:04:36,211647-07:00 ACPI: Added _OSI(Processor Aggregator Device)
2026-04-24T08:04:36,267865-07:00 ACPI: 3 ACPI AML tables successfully acquired and loaded
2026-04-24T08:04:36,280553-07:00 ACPI: [Firmware Bug]: BIOS _OSI(Linux) query ignored
2026-04-24T08:04:36,287969-07:00 ACPI: EC: EC started
2026-04-24T08:04:36,287983-07:00 ACPI: EC: interrupt blocked
2026-04-24T08:04:36,291628-07:00 ACPI: EC: EC_CMD/EC_SC=0x66, EC_DATA=0x62
2026-04-24T08:04:36,291639-07:00 ACPI: \_SB_.PCI0.LPC0.EC__: Boot DSDT EC used to handle transactions
2026-04-24T08:04:36,291646-07:00 ACPI: Interpreter enabled
2026-04-24T08:04:36,291699-07:00 ACPI: PM: (supports S0 S3 S4 S5)
2026-04-24T08:04:36,291704-07:00 ACPI: Using IOAPIC for interrupt routing
2026-04-24T08:04:36,294057-07:00 PCI: ECAM [mem 0xf8000000-0xf9ffffff] (base 0xf8000000) for domain 0000 [bus 00-1f]
2026-04-24T08:04:36,295097-07:00 PCI: ECAM [mem 0xf8000000-0xf9ffffff] reserved as ACPI motherboard resource
2026-04-24T08:04:36,295138-07:00 PCI: Using host bridge windows from ACPI; if necessary, use "pci=nocrs" and report a bug
2026-04-24T08:04:36,295143-07:00 PCI: Using E820 reservations for host bridge windows
2026-04-24T08:04:36,295801-07:00 ACPI: Enabled 4 GPEs in block 00 to 1F
2026-04-24T08:04:36,323600-07:00 ACPI: PCI Root Bridge [PCI0] (domain 0000 [bus 00-ff])
2026-04-24T08:04:36,323635-07:00 acpi PNP0A08:00: _OSC: OS supports [ExtendedConfig ASPM ClockPM Segments MSI EDR HPX-Type3]
2026-04-24T08:04:36,324110-07:00 acpi PNP0A08:00: _OSC: platform does not support [SHPCHotplug LTR DPC]
2026-04-24T08:04:36,324940-07:00 acpi PNP0A08:00: _OSC: OS now controls [PCIeHotplug PME AER PCIeCapability]
2026-04-24T08:04:36,324971-07:00 acpi PNP0A08:00: [Firmware Info]: ECAM [mem 0xf8000000-0xf9ffffff] for domain 0000 [bus 00-1f] only partially covers this bridge
2026-04-24T08:04:36,327180-07:00 acpi PNP0A08:00: ignoring host bridge window [mem 0x000ce000-0x000cffff window] (conflicts with Video ROM [mem 0x000c0000-0x000ce5ff])
2026-04-24T08:04:36,328157-07:00 PCI host bridge to bus 0000:00
2026-04-24T08:04:36,328179-07:00 pci_bus 0000:00: root bus resource [mem 0x000a0000-0x000cdfff window]
2026-04-24T08:04:36,328190-07:00 pci_bus 0000:00: root bus resource [mem 0x000d0000-0x000effff window]
2026-04-24T08:04:36,328196-07:00 pci_bus 0000:00: root bus resource [mem 0xe0000000-0xffffffff window]
2026-04-24T08:04:36,328202-07:00 pci_bus 0000:00: root bus resource [io  0x0000-0x0cf7 window]
2026-04-24T08:04:36,328207-07:00 pci_bus 0000:00: root bus resource [io  0x0d00-0xffff window]
2026-04-24T08:04:36,328214-07:00 pci_bus 0000:00: root bus resource [bus 00-ff]
2026-04-24T08:04:36,328252-07:00 pci 0000:00:00.0: [1022:1510] type 00 class 0x060000 conventional PCI endpoint
2026-04-24T08:04:36,328495-07:00 pci 0000:00:01.0: [1002:9802] type 00 class 0x030000 PCIe Root Complex Integrated Endpoint
2026-04-24T08:04:36,328539-07:00 pci 0000:00:01.0: BAR 0 [mem 0xe0000000-0xefffffff pref]
2026-04-24T08:04:36,328547-07:00 pci 0000:00:01.0: BAR 1 [io  0x4000-0x40ff]
2026-04-24T08:04:36,328554-07:00 pci 0000:00:01.0: BAR 2 [mem 0xf0300000-0xf033ffff]
2026-04-24T08:04:36,328570-07:00 pci 0000:00:01.0: enabling Extended Tags
2026-04-24T08:04:36,328602-07:00 pci 0000:00:01.0: Video device with shadowed ROM at [mem 0x000c0000-0x000dffff]
2026-04-24T08:04:36,328639-07:00 pci 0000:00:01.0: supports D1 D2
2026-04-24T08:04:36,328915-07:00 pci 0000:00:01.1: [1002:1314] type 00 class 0x040300 PCIe Root Complex Integrated Endpoint
2026-04-24T08:04:36,328958-07:00 pci 0000:00:01.1: BAR 0 [mem 0xf0344000-0xf0347fff]
2026-04-24T08:04:36,328975-07:00 pci 0000:00:01.1: enabling Extended Tags
2026-04-24T08:04:36,329027-07:00 pci 0000:00:01.1: supports D1 D2
2026-04-24T08:04:36,329231-07:00 pci 0000:00:05.0: [1022:1513] type 01 class 0x060400 PCIe Root Port
2026-04-24T08:04:36,329263-07:00 pci 0000:00:05.0: PCI bridge to [bus 01]
2026-04-24T08:04:36,329275-07:00 pci 0000:00:05.0:   bridge window [io  0x3000-0x3fff]
2026-04-24T08:04:36,329282-07:00 pci 0000:00:05.0:   bridge window [mem 0xf0200000-0xf02fffff]
2026-04-24T08:04:36,329307-07:00 pci 0000:00:05.0: enabling Extended Tags
2026-04-24T08:04:36,329376-07:00 pci 0000:00:05.0: PME# supported from D0 D3hot D3cold
2026-04-24T08:04:36,329678-07:00 pci 0000:00:06.0: [1022:1514] type 01 class 0x060400 PCIe Root Port
2026-04-24T08:04:36,329709-07:00 pci 0000:00:06.0: PCI bridge to [bus 02]
2026-04-24T08:04:36,329719-07:00 pci 0000:00:06.0:   bridge window [io  0x2000-0x2fff]
2026-04-24T08:04:36,329726-07:00 pci 0000:00:06.0:   bridge window [mem 0xf0100000-0xf01fffff]
2026-04-24T08:04:36,329750-07:00 pci 0000:00:06.0: enabling Extended Tags
2026-04-24T08:04:36,329815-07:00 pci 0000:00:06.0: PME# supported from D0 D3hot D3cold
2026-04-24T08:04:36,330094-07:00 pci 0000:00:07.0: [1022:1515] type 01 class 0x060400 PCIe Root Port
2026-04-24T08:04:36,330126-07:00 pci 0000:00:07.0: PCI bridge to [bus 03]
2026-04-24T08:04:36,330138-07:00 pci 0000:00:07.0:   bridge window [mem 0xf0000000-0xf00fffff]
2026-04-24T08:04:36,330162-07:00 pci 0000:00:07.0: enabling Extended Tags
2026-04-24T08:04:36,330230-07:00 pci 0000:00:07.0: PME# supported from D0 D3hot D3cold
2026-04-24T08:04:36,330580-07:00 pci 0000:00:11.0: [1002:4391] type 00 class 0x010601 conventional PCI endpoint
2026-04-24T08:04:36,330660-07:00 pci 0000:00:11.0: BAR 0 [io  0x4118-0x411f]
2026-04-24T08:04:36,330668-07:00 pci 0000:00:11.0: BAR 1 [io  0x4124-0x4127]
2026-04-24T08:04:36,330675-07:00 pci 0000:00:11.0: BAR 2 [io  0x4110-0x4117]
2026-04-24T08:04:36,330682-07:00 pci 0000:00:11.0: BAR 3 [io  0x4120-0x4123]
2026-04-24T08:04:36,330688-07:00 pci 0000:00:11.0: BAR 4 [io  0x4100-0x410f]
2026-04-24T08:04:36,330695-07:00 pci 0000:00:11.0: BAR 5 [mem 0xf034a000-0xf034a3ff]
2026-04-24T08:04:36,331088-07:00 pci 0000:00:12.0: [1002:4397] type 00 class 0x0c0310 conventional PCI endpoint
2026-04-24T08:04:36,331152-07:00 pci 0000:00:12.0: BAR 0 [mem 0xf0349000-0xf0349fff]
2026-04-24T08:04:36,331529-07:00 pci 0000:00:12.2: [1002:4396] type 00 class 0x0c0320 conventional PCI endpoint
2026-04-24T08:04:36,331593-07:00 pci 0000:00:12.2: BAR 0 [mem 0xf034a500-0xf034a5ff]
2026-04-24T08:04:36,331662-07:00 pci 0000:00:12.2: supports D1 D2
2026-04-24T08:04:36,331667-07:00 pci 0000:00:12.2: PME# supported from D0 D1 D2 D3hot
2026-04-24T08:04:36,331987-07:00 pci 0000:00:13.0: [1002:4397] type 00 class 0x0c0310 conventional PCI endpoint
2026-04-24T08:04:36,332051-07:00 pci 0000:00:13.0: BAR 0 [mem 0xf0348000-0xf0348fff]
2026-04-24T08:04:36,332372-07:00 pci 0000:00:13.2: [1002:4396] type 00 class 0x0c0320 conventional PCI endpoint
2026-04-24T08:04:36,332435-07:00 pci 0000:00:13.2: BAR 0 [mem 0xf034a400-0xf034a4ff]
2026-04-24T08:04:36,332504-07:00 pci 0000:00:13.2: supports D1 D2
2026-04-24T08:04:36,332509-07:00 pci 0000:00:13.2: PME# supported from D0 D1 D2 D3hot
2026-04-24T08:04:36,332828-07:00 pci 0000:00:14.0: [1002:4385] type 00 class 0x0c0500 conventional PCI endpoint
2026-04-24T08:04:36,333219-07:00 pci 0000:00:14.2: [1002:4383] type 00 class 0x040300 conventional PCI endpoint
2026-04-24T08:04:36,333284-07:00 pci 0000:00:14.2: BAR 0 [mem 0xf0340000-0xf0343fff 64bit]
2026-04-24T08:04:36,333345-07:00 pci 0000:00:14.2: PME# supported from D0 D3hot D3cold
2026-04-24T08:04:36,333636-07:00 pci 0000:00:14.3: [1002:439d] type 00 class 0x060100 conventional PCI endpoint
2026-04-24T08:04:36,334091-07:00 pci 0000:00:14.4: [1002:4384] type 01 class 0x060401 conventional PCI bridge
2026-04-24T08:04:36,334135-07:00 pci 0000:00:14.4: PCI bridge to [bus 04] (subtractive decode)
2026-04-24T08:04:36,334468-07:00 pci 0000:00:18.0: [1022:1700] type 00 class 0x060000 conventional PCI endpoint
2026-04-24T08:04:36,334814-07:00 pci 0000:00:18.1: [1022:1701] type 00 class 0x060000 conventional PCI endpoint
2026-04-24T08:04:36,334996-07:00 pci 0000:00:18.2: [1022:1702] type 00 class 0x060000 conventional PCI endpoint
2026-04-24T08:04:36,335176-07:00 pci 0000:00:18.3: [1022:1703] type 00 class 0x060000 conventional PCI endpoint
2026-04-24T08:04:36,335354-07:00 pci 0000:00:18.4: [1022:1704] type 00 class 0x060000 conventional PCI endpoint
2026-04-24T08:04:36,335519-07:00 pci 0000:00:18.5: [1022:1718] type 00 class 0x060000 conventional PCI endpoint
2026-04-24T08:04:36,335684-07:00 pci 0000:00:18.6: [1022:1716] type 00 class 0x060000 conventional PCI endpoint
2026-04-24T08:04:36,335860-07:00 pci 0000:00:18.7: [1022:1719] type 00 class 0x060000 conventional PCI endpoint
2026-04-24T08:04:36,336233-07:00 pci 0000:01:00.0: [10ec:8176] type 00 class 0x028000 PCIe Endpoint
2026-04-24T08:04:36,336308-07:00 pci 0000:01:00.0: BAR 0 [io  0x3000-0x30ff]
2026-04-24T08:04:36,336319-07:00 pci 0000:01:00.0: BAR 2 [mem 0xf0200000-0xf0203fff 64bit]
2026-04-24T08:04:36,336448-07:00 pci 0000:01:00.0: supports D1 D2
2026-04-24T08:04:36,336453-07:00 pci 0000:01:00.0: PME# supported from D0 D1 D2 D3hot D3cold
2026-04-24T08:04:36,342745-07:00 pci 0000:00:05.0: PCI bridge to [bus 01]
2026-04-24T08:04:36,343037-07:00 pci 0000:02:00.0: [1969:1083] type 00 class 0x020000 PCIe Endpoint
2026-04-24T08:04:36,343110-07:00 pci 0000:02:00.0: BAR 0 [mem 0xf0100000-0xf013ffff 64bit]
2026-04-24T08:04:36,343120-07:00 pci 0000:02:00.0: BAR 2 [io  0x2000-0x207f]
2026-04-24T08:04:36,343178-07:00 pci 0000:02:00.0: [Firmware Bug]: disabling VPD access (can't determine size of non-standard VPD format)
2026-04-24T08:04:36,343251-07:00 pci 0000:02:00.0: PME# supported from D0 D1 D2 D3hot D3cold
2026-04-24T08:04:36,350740-07:00 pci 0000:00:06.0: PCI bridge to [bus 02]
2026-04-24T08:04:36,351007-07:00 pci 0000:03:00.0: [10ec:5209] type 00 class 0xff0000 PCIe Endpoint
2026-04-24T08:04:36,351081-07:00 pci 0000:03:00.0: BAR 0 [mem 0xf0000000-0xf0000fff]
2026-04-24T08:04:36,351098-07:00 pci 0000:03:00.0: ROM [mem 0xffff0000-0xffffffff pref]
2026-04-24T08:04:36,351217-07:00 pci 0000:03:00.0: supports D1 D2
2026-04-24T08:04:36,351223-07:00 pci 0000:03:00.0: PME# supported from D1 D2 D3hot
2026-04-24T08:04:36,358758-07:00 pci 0000:00:07.0: PCI bridge to [bus 03]
2026-04-24T08:04:36,358870-07:00 pci_bus 0000:04: extended config space not accessible
2026-04-24T08:04:36,359096-07:00 pci 0000:00:14.4: PCI bridge to [bus 04] (subtractive decode)
2026-04-24T08:04:36,359115-07:00 pci 0000:00:14.4:   bridge window [mem 0x000a0000-0x000cdfff window] (subtractive decode)
2026-04-24T08:04:36,359122-07:00 pci 0000:00:14.4:   bridge window [mem 0x000d0000-0x000effff window] (subtractive decode)
2026-04-24T08:04:36,359128-07:00 pci 0000:00:14.4:   bridge window [mem 0xe0000000-0xffffffff window] (subtractive decode)
2026-04-24T08:04:36,359134-07:00 pci 0000:00:14.4:   bridge window [io  0x0000-0x0cf7 window] (subtractive decode)
2026-04-24T08:04:36,359140-07:00 pci 0000:00:14.4:   bridge window [io  0x0d00-0xffff window] (subtractive decode)
2026-04-24T08:04:36,361962-07:00 ACPI: PCI: Interrupt link LNKA configured for IRQ 0
2026-04-24T08:04:36,362770-07:00 ACPI: PCI: Interrupt link LNKB configured for IRQ 0
2026-04-24T08:04:36,363156-07:00 ACPI: PCI: Interrupt link LNKC configured for IRQ 0
2026-04-24T08:04:36,363539-07:00 ACPI: PCI: Interrupt link LNKD configured for IRQ 0
2026-04-24T08:04:36,363875-07:00 ACPI: PCI: Interrupt link LNKE configured for IRQ 0
2026-04-24T08:04:36,364163-07:00 ACPI: PCI: Interrupt link LNKF configured for IRQ 0
2026-04-24T08:04:36,364450-07:00 ACPI: PCI: Interrupt link LNKG configured for IRQ 0
2026-04-24T08:04:36,364737-07:00 ACPI: PCI: Interrupt link LNKH configured for IRQ 0
2026-04-24T08:04:36,367389-07:00 ACPI: EC: interrupt unblocked
2026-04-24T08:04:36,367399-07:00 ACPI: EC: event unblocked
2026-04-24T08:04:36,367404-07:00 ACPI: EC: EC_CMD/EC_SC=0x66, EC_DATA=0x62
2026-04-24T08:04:36,367409-07:00 ACPI: EC: GPE=0x3
2026-04-24T08:04:36,367416-07:00 ACPI: \_SB_.PCI0.LPC0.EC__: Boot DSDT EC initialization complete
2026-04-24T08:04:36,367422-07:00 ACPI: \_SB_.PCI0.LPC0.EC__: EC: Used to handle transactions and events
2026-04-24T08:04:36,367829-07:00 iommu: Default domain type: Translated
2026-04-24T08:04:36,367829-07:00 iommu: DMA domain TLB invalidation policy: lazy mode
2026-04-24T08:04:36,367829-07:00 SCSI subsystem initialized
2026-04-24T08:04:36,367829-07:00 libata version 3.00 loaded.
2026-04-24T08:04:36,367829-07:00 ACPI: bus type USB registered
2026-04-24T08:04:36,367829-07:00 usbcore: registered new interface driver usbfs
2026-04-24T08:04:36,367829-07:00 usbcore: registered new interface driver hub
2026-04-24T08:04:36,367829-07:00 usbcore: registered new device driver usb
2026-04-24T08:04:36,367829-07:00 EDAC MC: Ver: 3.0.0
2026-04-24T08:04:36,370941-07:00 efivars: Registered efivars operations
2026-04-24T08:04:36,371534-07:00 NetLabel: Initializing
2026-04-24T08:04:36,371548-07:00 NetLabel:  domain hash size = 128
2026-04-24T08:04:36,371552-07:00 NetLabel:  protocols = UNLABELED CIPSOv4 CALIPSO
2026-04-24T08:04:36,371595-07:00 NetLabel:  unlabeled traffic allowed by default
2026-04-24T08:04:36,371608-07:00 mctp: management component transport protocol core
2026-04-24T08:04:36,371612-07:00 NET: Registered PF_MCTP protocol family
2026-04-24T08:04:36,371658-07:00 PCI: Using ACPI for IRQ routing
2026-04-24T08:04:36,372935-07:00 PCI: pci_cache_line_size set to 64 bytes
2026-04-24T08:04:36,373040-07:00 e820: reserve RAM buffer [mem 0x0008f000-0x0008ffff]
2026-04-24T08:04:36,373048-07:00 e820: reserve RAM buffer [mem 0xc6cea000-0xc7ffffff]
2026-04-24T08:04:36,373053-07:00 e820: reserve RAM buffer [mem 0xc7c00000-0xc7ffffff]
2026-04-24T08:04:36,373057-07:00 e820: reserve RAM buffer [mem 0x41f000000-0x41fffffff]
2026-04-24T08:04:36,373223-07:00 pci 0000:00:01.0: vgaarb: setting as boot VGA device
2026-04-24T08:04:36,373223-07:00 pci 0000:00:01.0: vgaarb: bridge control possible
2026-04-24T08:04:36,373223-07:00 pci 0000:00:01.0: vgaarb: VGA device added: decodes=io+mem,owns=io+mem,locks=none
2026-04-24T08:04:36,373223-07:00 vgaarb: loaded
2026-04-24T08:04:36,375299-07:00 hpet0: at MMIO 0xfed00000, IRQs 2, 8, 0
2026-04-24T08:04:36,375325-07:00 hpet0: 3 comparators, 32-bit 14.318180 MHz counter
2026-04-24T08:04:36,377382-07:00 amd_nb: x86/cpu/AMD: CPU erratum 688 worked around
2026-04-24T08:04:36,377732-07:00 clocksource: Switched to clocksource tsc-early
2026-04-24T08:04:36,379663-07:00 VFS: Disk quotas dquot_6.6.0
2026-04-24T08:04:36,379814-07:00 VFS: Dquot-cache hash table entries: 512 (order 0, 4096 bytes)
2026-04-24T08:04:36,380984-07:00 pnp: PnP ACPI init
2026-04-24T08:04:36,381609-07:00 system 00:00: [io  0x0f50-0x0f51] has been reserved
2026-04-24T08:04:36,381626-07:00 system 00:00: [mem 0xfec00000-0xfec00fff] could not be reserved
2026-04-24T08:04:36,381635-07:00 system 00:00: [mem 0xfee00000-0xfee00fff] has been reserved
2026-04-24T08:04:36,381642-07:00 system 00:00: [mem 0xf8000000-0xf9ffffff] has been reserved
2026-04-24T08:04:36,384659-07:00 system 00:04: [io  0x04d0-0x04d1] has been reserved
2026-04-24T08:04:36,384673-07:00 system 00:04: [io  0x0530-0x0537] has been reserved
2026-04-24T08:04:36,384680-07:00 system 00:04: [io  0x0800-0x0827] has been reserved
2026-04-24T08:04:36,384686-07:00 system 00:04: [io  0x0830] has been reserved
2026-04-24T08:04:36,384693-07:00 system 00:04: [io  0x0840-0x0847] has been reserved
2026-04-24T08:04:36,384718-07:00 system 00:04: [io  0x0b00-0x0b1f] has been reserved
2026-04-24T08:04:36,384726-07:00 system 00:04: [io  0x0b20-0x0b3f] has been reserved
2026-04-24T08:04:36,384732-07:00 system 00:04: [io  0x0c00-0x0c01] has been reserved
2026-04-24T08:04:36,384738-07:00 system 00:04: [io  0x0c14] has been reserved
2026-04-24T08:04:36,384744-07:00 system 00:04: [io  0x0c50-0x0c52] has been reserved
2026-04-24T08:04:36,384750-07:00 system 00:04: [io  0x0cd0-0x0cd1] has been reserved
2026-04-24T08:04:36,384756-07:00 system 00:04: [io  0x0cd2-0x0cd3] has been reserved
2026-04-24T08:04:36,384762-07:00 system 00:04: [io  0x0cd4-0x0cd5] has been reserved
2026-04-24T08:04:36,384768-07:00 system 00:04: [io  0x0cd6-0x0cd7] has been reserved
2026-04-24T08:04:36,384773-07:00 system 00:04: [io  0x0cd8-0x0cdf] has been reserved
2026-04-24T08:04:36,384780-07:00 system 00:04: [io  0x0cf9] could not be reserved
2026-04-24T08:04:36,384786-07:00 system 00:04: [io  0x8100-0x81ff window] has been reserved
2026-04-24T08:04:36,384793-07:00 system 00:04: [io  0x8200-0x82ff window] has been reserved
2026-04-24T08:04:36,385325-07:00 system 00:05: [mem 0x000e0000-0x000fffff] could not be reserved
2026-04-24T08:04:36,385339-07:00 system 00:05: [mem 0xffe00000-0xffffffff] has been reserved
2026-04-24T08:04:36,385345-07:00 system 00:05: [mem 0xfec10000-0xfec1001f] has been reserved
2026-04-24T08:04:36,385352-07:00 system 00:05: [mem 0xfed00000-0xfed003ff] has been reserved
2026-04-24T08:04:36,385358-07:00 system 00:05: [mem 0xfed61000-0xfed613ff] has been reserved
2026-04-24T08:04:36,385365-07:00 system 00:05: [mem 0xfed80000-0xfed80fff] has been reserved
2026-04-24T08:04:36,386285-07:00 pnp: PnP ACPI: found 6 devices
2026-04-24T08:04:36,403640-07:00 clocksource: acpi_pm: mask: 0xffffff max_cycles: 0xffffff, max_idle_ns: 2085701024 ns
2026-04-24T08:04:36,404393-07:00 NET: Registered PF_INET protocol family
2026-04-24T08:04:36,405681-07:00 IP idents hash table entries: 262144 (order: 9, 2097152 bytes, linear)
2026-04-24T08:04:36,462305-07:00 tcp_listen_portaddr_hash hash table entries: 8192 (order: 5, 131072 bytes, linear)
2026-04-24T08:04:36,464141-07:00 Table-perturb hash table entries: 65536 (order: 6, 262144 bytes, linear)
2026-04-24T08:04:36,464806-07:00 TCP established hash table entries: 131072 (order: 8, 1048576 bytes, linear)
2026-04-24T08:04:36,466812-07:00 TCP bind hash table entries: 65536 (order: 9, 2097152 bytes, linear)
2026-04-24T08:04:36,467862-07:00 TCP: Hash tables configured (established 131072 bind 65536)
2026-04-24T08:04:36,468675-07:00 MPTCP token hash table entries: 16384 (order: 7, 393216 bytes, linear)
2026-04-24T08:04:36,469300-07:00 UDP hash table entries: 8192 (order: 7, 524288 bytes, linear)
2026-04-24T08:04:36,469873-07:00 UDP-Lite hash table entries: 8192 (order: 7, 524288 bytes, linear)
2026-04-24T08:04:36,470484-07:00 NET: Registered PF_UNIX/PF_LOCAL protocol family
2026-04-24T08:04:36,470577-07:00 NET: Registered PF_XDP protocol family
2026-04-24T08:04:36,470603-07:00 pci 0000:03:00.0: ROM [mem 0xffff0000-0xffffffff pref]: can't claim; no compatible bridge window
2026-04-24T08:04:36,470631-07:00 pci 0000:00:07.0: bridge window [io  0x1000-0x0fff] to [bus 03] add_size 1000
2026-04-24T08:04:36,470644-07:00 pci 0000:00:07.0: bridge window [mem 0x00100000-0x000fffff 64bit pref] to [bus 03] add_size 200000 add_align 100000
2026-04-24T08:04:36,470688-07:00 pci 0000:00:07.0: bridge window [mem 0xf0400000-0xf05fffff 64bit pref]: assigned
2026-04-24T08:04:36,470703-07:00 pci 0000:00:07.0: bridge window [io  0x1000-0x1fff]: assigned
2026-04-24T08:04:36,470717-07:00 pci 0000:00:05.0: PCI bridge to [bus 01]
2026-04-24T08:04:36,470726-07:00 pci 0000:00:05.0:   bridge window [io  0x3000-0x3fff]
2026-04-24T08:04:36,470736-07:00 pci 0000:00:05.0:   bridge window [mem 0xf0200000-0xf02fffff]
2026-04-24T08:04:36,470750-07:00 pci 0000:00:06.0: PCI bridge to [bus 02]
2026-04-24T08:04:36,470757-07:00 pci 0000:00:06.0:   bridge window [io  0x2000-0x2fff]
2026-04-24T08:04:36,470767-07:00 pci 0000:00:06.0:   bridge window [mem 0xf0100000-0xf01fffff]
2026-04-24T08:04:36,470783-07:00 pci 0000:03:00.0: ROM [mem 0xf0010000-0xf001ffff pref]: assigned
2026-04-24T08:04:36,470792-07:00 pci 0000:00:07.0: PCI bridge to [bus 03]
2026-04-24T08:04:36,470799-07:00 pci 0000:00:07.0:   bridge window [io  0x1000-0x1fff]
2026-04-24T08:04:36,470808-07:00 pci 0000:00:07.0:   bridge window [mem 0xf0000000-0xf00fffff]
2026-04-24T08:04:36,470816-07:00 pci 0000:00:07.0:   bridge window [mem 0xf0400000-0xf05fffff 64bit pref]
2026-04-24T08:04:36,470829-07:00 pci 0000:00:14.4: PCI bridge to [bus 04]
2026-04-24T08:04:36,470902-07:00 pci_bus 0000:00: resource 4 [mem 0x000a0000-0x000cdfff window]
2026-04-24T08:04:36,470910-07:00 pci_bus 0000:00: resource 5 [mem 0x000d0000-0x000effff window]
2026-04-24T08:04:36,470916-07:00 pci_bus 0000:00: resource 6 [mem 0xe0000000-0xffffffff window]
2026-04-24T08:04:36,470922-07:00 pci_bus 0000:00: resource 7 [io  0x0000-0x0cf7 window]
2026-04-24T08:04:36,470928-07:00 pci_bus 0000:00: resource 8 [io  0x0d00-0xffff window]
2026-04-24T08:04:36,470934-07:00 pci_bus 0000:01: resource 0 [io  0x3000-0x3fff]
2026-04-24T08:04:36,470940-07:00 pci_bus 0000:01: resource 1 [mem 0xf0200000-0xf02fffff]
2026-04-24T08:04:36,470946-07:00 pci_bus 0000:02: resource 0 [io  0x2000-0x2fff]
2026-04-24T08:04:36,470951-07:00 pci_bus 0000:02: resource 1 [mem 0xf0100000-0xf01fffff]
2026-04-24T08:04:36,470957-07:00 pci_bus 0000:03: resource 0 [io  0x1000-0x1fff]
2026-04-24T08:04:36,470962-07:00 pci_bus 0000:03: resource 1 [mem 0xf0000000-0xf00fffff]
2026-04-24T08:04:36,470967-07:00 pci_bus 0000:03: resource 2 [mem 0xf0400000-0xf05fffff 64bit pref]
2026-04-24T08:04:36,470974-07:00 pci_bus 0000:04: resource 4 [mem 0x000a0000-0x000cdfff window]
2026-04-24T08:04:36,470980-07:00 pci_bus 0000:04: resource 5 [mem 0x000d0000-0x000effff window]
2026-04-24T08:04:36,470985-07:00 pci_bus 0000:04: resource 6 [mem 0xe0000000-0xffffffff window]
2026-04-24T08:04:36,470991-07:00 pci_bus 0000:04: resource 7 [io  0x0000-0x0cf7 window]
2026-04-24T08:04:36,470996-07:00 pci_bus 0000:04: resource 8 [io  0x0d00-0xffff window]
2026-04-24T08:04:36,471426-07:00 pci 0000:00:01.1: D0 power state depends on 0000:00:01.0
2026-04-24T08:04:36,476464-07:00 PCI: CLS 32 bytes, default 64
2026-04-24T08:04:36,476556-07:00 PCI-DMA: Using software bounce buffering for IO (SWIOTLB)
2026-04-24T08:04:36,476560-07:00 software IO TLB: mapped [mem 0x00000000b2b6c000-0x00000000b6b6c000] (64MB)
2026-04-24T08:04:36,476824-07:00 Trying to unpack rootfs image as initramfs...
2026-04-24T08:04:36,477103-07:00 LVT offset 0 assigned for vector 0x400
2026-04-24T08:04:36,482748-07:00 perf: AMD IBS detected (0x000000ff)
2026-04-24T08:04:36,600598-07:00 Initialise system trusted keyrings
2026-04-24T08:04:36,600684-07:00 Key type blacklist registered
2026-04-24T08:04:36,602690-07:00 workingset: timestamp_bits=36 max_order=22 bucket_order=0
2026-04-24T08:04:36,618706-07:00 fuse: init (API version 7.45)
2026-04-24T08:04:36,619670-07:00 integrity: Platform Keyring initialized
2026-04-24T08:04:36,619712-07:00 integrity: Machine keyring initialized
2026-04-24T08:04:36,674609-07:00 xor: measuring software checksum speed
2026-04-24T08:04:36,675742-07:00    prefetch64-sse  :  2914 MB/sec
2026-04-24T08:04:36,676957-07:00    generic_sse     :  2716 MB/sec
2026-04-24T08:04:36,676962-07:00 xor: using function: prefetch64-sse (2914 MB/sec)
2026-04-24T08:04:36,676973-07:00 Key type asymmetric registered
2026-04-24T08:04:36,676978-07:00 Asymmetric key parser 'x509' registered
2026-04-24T08:04:36,677153-07:00 Block layer SCSI generic (bsg) driver version 0.4 loaded (major 245)
2026-04-24T08:04:36,677441-07:00 io scheduler mq-deadline registered
2026-04-24T08:04:36,682705-07:00 ledtrig-cpu: registered to indicate activity on CPUs
2026-04-24T08:04:36,684106-07:00 pcieport 0000:00:05.0: PME: Signaling with IRQ 24
2026-04-24T08:04:36,688060-07:00 pcieport 0000:00:06.0: PME: Signaling with IRQ 25
2026-04-24T08:04:36,689501-07:00 pcieport 0000:00:07.0: PME: Signaling with IRQ 26
2026-04-24T08:04:36,689616-07:00 pcieport 0000:00:07.0: pciehp: Slot #7 AttnBtn- PwrCtrl- MRL- AttnInd- PwrInd- HotPlug+ Surprise- Interlock- NoCompl+ IbPresDis- LLActRep+
2026-04-24T08:04:36,693056-07:00 ACPI: AC: AC Adapter [ACAD] (on-line)
2026-04-24T08:04:36,693328-07:00 input: Power Button as /devices/LNXSYSTM:00/LNXSYBUS:00/PNP0C0C:00/input/input0
2026-04-24T08:04:36,693474-07:00 ACPI: button: Power Button [PWRB]
2026-04-24T08:04:36,693618-07:00 input: Sleep Button as /devices/LNXSYSTM:00/LNXSYBUS:00/PNP0C0E:00/input/input1
2026-04-24T08:04:36,693716-07:00 ACPI: button: Sleep Button [SLPB]
2026-04-24T08:04:36,693898-07:00 input: Lid Switch as /devices/LNXSYSTM:00/LNXSYBUS:00/PNP0C0D:00/input/input2
2026-04-24T08:04:36,694703-07:00 ACPI: button: Lid Switch [LID]
2026-04-24T08:04:36,694933-07:00 input: Power Button as /devices/LNXSYSTM:00/LNXPWRBN:00/input/input3
2026-04-24T08:04:36,695183-07:00 ACPI: button: Power Button [PWRF]
2026-04-24T08:04:36,695416-07:00 ACPI: processor limited to max C-state 1
2026-04-24T08:04:36,698561-07:00 Could not retrieve perf counters (-19)
2026-04-24T08:04:36,706964-07:00 thermal LNXTHERM:00: registered as thermal_zone0
2026-04-24T08:04:36,706984-07:00 ACPI: thermal: Thermal Zone [THZ0] (66 C)
2026-04-24T08:04:36,709094-07:00 Serial: 8250/16550 driver, 32 ports, IRQ sharing enabled
2026-04-24T08:04:36,730401-07:00 Non-volatile memory driver v1.3
2026-04-24T08:04:36,730418-07:00 Linux agpgart interface v0.103
2026-04-24T08:04:36,739193-07:00 ahci 0000:00:11.0: AHCI vers 0001.0200, 32 command slots, 3 Gbps, SATA mode
2026-04-24T08:04:36,739216-07:00 ahci 0000:00:11.0: 1/1 ports implemented (port mask 0x1)
2026-04-24T08:04:36,739223-07:00 ahci 0000:00:11.0: flags: 64bit ncq sntf ilck pm led clo pmp pio slum part
2026-04-24T08:04:36,742196-07:00 scsi host0: ahci
2026-04-24T08:04:36,743522-07:00 ata1: SATA max UDMA/133 abar m1024@0xf034a000 port 0xf034a100 irq 19 lpm-pol 0
2026-04-24T08:04:36,743739-07:00 ACPI: bus type drm_connector registered
2026-04-24T08:04:36,745253-07:00 QUIRK: Enable AMD PLL fix
2026-04-24T08:04:36,745361-07:00 ohci-pci 0000:00:12.0: OHCI PCI host controller
2026-04-24T08:04:36,745393-07:00 ohci-pci 0000:00:12.0: new USB bus registered, assigned bus number 1
2026-04-24T08:04:36,746716-07:00 ohci-pci 0000:00:12.0: irq 18, io mem 0xf0349000
2026-04-24T08:04:36,758874-07:00 ACPI: battery: Slot [BAT1] (battery present)
2026-04-24T08:04:36,807037-07:00 usb usb1: New USB device found, idVendor=1d6b, idProduct=0001, bcdDevice= 6.18
2026-04-24T08:04:36,807059-07:00 usb usb1: New USB device strings: Mfr=3, Product=2, SerialNumber=1
2026-04-24T08:04:36,807066-07:00 usb usb1: Product: OHCI PCI host controller
2026-04-24T08:04:36,807072-07:00 usb usb1: Manufacturer: Linux 6.18.22-x64v1-xanmod1 ohci_hcd
2026-04-24T08:04:36,807078-07:00 usb usb1: SerialNumber: 0000:00:12.0
2026-04-24T08:04:36,807678-07:00 hub 1-0:1.0: USB hub found
2026-04-24T08:04:36,807771-07:00 hub 1-0:1.0: 5 ports detected
2026-04-24T08:04:36,809474-07:00 ohci-pci 0000:00:13.0: OHCI PCI host controller
2026-04-24T08:04:36,809502-07:00 ohci-pci 0000:00:13.0: new USB bus registered, assigned bus number 2
2026-04-24T08:04:36,809916-07:00 ohci-pci 0000:00:13.0: irq 18, io mem 0xf0348000
2026-04-24T08:04:36,867050-07:00 usb usb2: New USB device found, idVendor=1d6b, idProduct=0001, bcdDevice= 6.18
2026-04-24T08:04:36,867072-07:00 usb usb2: New USB device strings: Mfr=3, Product=2, SerialNumber=1
2026-04-24T08:04:36,867079-07:00 usb usb2: Product: OHCI PCI host controller
2026-04-24T08:04:36,867085-07:00 usb usb2: Manufacturer: Linux 6.18.22-x64v1-xanmod1 ohci_hcd
2026-04-24T08:04:36,867091-07:00 usb usb2: SerialNumber: 0000:00:13.0
2026-04-24T08:04:36,867577-07:00 hub 2-0:1.0: USB hub found
2026-04-24T08:04:36,867669-07:00 hub 2-0:1.0: 5 ports detected
2026-04-24T08:04:36,868801-07:00 usbcore: registered new interface driver usbserial_generic
2026-04-24T08:04:36,868831-07:00 usbserial: USB Serial support registered for generic
2026-04-24T08:04:36,868988-07:00 i8042: PNP: PS/2 Controller [PNP0303:KBC0,PNP0f13:MSE0] at 0x60,0x64 irq 1,12
2026-04-24T08:04:36,871212-07:00 ehci-pci 0000:00:12.2: EHCI Host Controller
2026-04-24T08:04:36,871274-07:00 ehci-pci 0000:00:12.2: new USB bus registered, assigned bus number 3
2026-04-24T08:04:36,871324-07:00 ehci-pci 0000:00:12.2: applying AMD SB700/SB800/Hudson-2/3 EHCI dummy qh workaround
2026-04-24T08:04:36,871391-07:00 ehci-pci 0000:00:12.2: debug port 1
2026-04-24T08:04:36,871501-07:00 i8042: Detected active multiplexing controller, rev 1.1
2026-04-24T08:04:36,872064-07:00 ehci-pci 0000:00:12.2: irq 17, io mem 0xf034a500
2026-04-24T08:04:36,874296-07:00 serio: i8042 KBD port at 0x60,0x64 irq 1
2026-04-24T08:04:36,874319-07:00 serio: i8042 AUX0 port at 0x60,0x64 irq 12
2026-04-24T08:04:36,874329-07:00 serio: i8042 AUX1 port at 0x60,0x64 irq 12
2026-04-24T08:04:36,874337-07:00 serio: i8042 AUX2 port at 0x60,0x64 irq 12
2026-04-24T08:04:36,874344-07:00 serio: i8042 AUX3 port at 0x60,0x64 irq 12
2026-04-24T08:04:36,875543-07:00 rtc_cmos 00:01: RTC can wake from S4
2026-04-24T08:04:36,876610-07:00 rtc_cmos 00:01: registered as rtc0
2026-04-24T08:04:36,876709-07:00 rtc_cmos 00:01: setting system clock to 2026-04-24T15:04:37 UTC (1777043077)
2026-04-24T08:04:36,876813-07:00 rtc_cmos 00:01: alarms up to one month, 114 bytes nvram, hpet irqs
2026-04-24T08:04:36,877048-07:00 amd_pstate: the _CPC object is not present in SBIOS or ACPI disabled
2026-04-24T08:04:36,879004-07:00 simple-framebuffer simple-framebuffer.0: [drm] Registered 1 planes with drm panic
2026-04-24T08:04:36,879025-07:00 [drm] Initialized simpledrm 1.0.0 for simple-framebuffer.0 on minor 0
2026-04-24T08:04:36,882618-07:00 ehci-pci 0000:00:12.2: USB 2.0 started, EHCI 1.00
2026-04-24T08:04:36,882972-07:00 usb usb3: New USB device found, idVendor=1d6b, idProduct=0002, bcdDevice= 6.18
2026-04-24T08:04:36,882981-07:00 usb usb3: New USB device strings: Mfr=3, Product=2, SerialNumber=1
2026-04-24T08:04:36,882987-07:00 usb usb3: Product: EHCI Host Controller
2026-04-24T08:04:36,882991-07:00 usb usb3: Manufacturer: Linux 6.18.22-x64v1-xanmod1 ehci_hcd
2026-04-24T08:04:36,882995-07:00 usb usb3: SerialNumber: 0000:00:12.2
2026-04-24T08:04:36,883560-07:00 hub 3-0:1.0: USB hub found
2026-04-24T08:04:36,883603-07:00 hub 3-0:1.0: 5 ports detected
2026-04-24T08:04:36,885622-07:00 Console: switching to colour frame buffer device 80x30
2026-04-24T08:04:36,888047-07:00 simple-framebuffer simple-framebuffer.0: [drm] fb0: simpledrmdrmfb frame buffer device
2026-04-24T08:04:36,889812-07:00 hid: raw HID events driver (C) Jiri Kosina
2026-04-24T08:04:36,889969-07:00 usbcore: registered new interface driver usbhid
2026-04-24T08:04:36,889977-07:00 usbhid: USB HID core driver
2026-04-24T08:04:36,890239-07:00 drop_monitor: Initializing network drop monitor service
2026-04-24T08:04:36,891121-07:00 NET: Registered PF_INET6 protocol family
2026-04-24T08:04:36,894035-07:00 Segment Routing with IPv6
2026-04-24T08:04:36,894051-07:00 RPL Segment Routing with IPv6
2026-04-24T08:04:36,894094-07:00 In-situ OAM (IOAM) with IPv6
2026-04-24T08:04:36,894163-07:00 NET: Registered PF_PACKET protocol family
2026-04-24T08:04:36,899451-07:00 microcode: Current revision: 0x05000119
2026-04-24T08:04:36,899469-07:00 microcode: Updated early from: 0x05000101
2026-04-24T08:04:36,900749-07:00 input: AT Translated Set 2 keyboard as /devices/platform/i8042/serio0/input/input4
2026-04-24T08:04:36,901196-07:00 IPI shorthand broadcast: enabled
2026-04-24T08:04:36,915928-07:00 sched_clock: Marking stable (1616013094, 3110337)->(1623779526, -4656095)
2026-04-24T08:04:36,916571-07:00 registered taskstats version 1
2026-04-24T08:04:36,923875-07:00 Loading compiled-in X.509 certificates
2026-04-24T08:04:36,946955-07:00 hub 1-0:1.0: USB hub found
2026-04-24T08:04:36,947059-07:00 hub 1-0:1.0: 5 ports detected
2026-04-24T08:04:36,948361-07:00 ehci-pci 0000:00:13.2: EHCI Host Controller
2026-04-24T08:04:36,948391-07:00 ehci-pci 0000:00:13.2: new USB bus registered, assigned bus number 4
2026-04-24T08:04:36,948408-07:00 ehci-pci 0000:00:13.2: applying AMD SB700/SB800/Hudson-2/3 EHCI dummy qh workaround
2026-04-24T08:04:36,948473-07:00 ehci-pci 0000:00:13.2: debug port 1
2026-04-24T08:04:36,948864-07:00 ehci-pci 0000:00:13.2: irq 17, io mem 0xf034a400
2026-04-24T08:04:36,958726-07:00 ehci-pci 0000:00:13.2: USB 2.0 started, EHCI 1.00
2026-04-24T08:04:36,959126-07:00 usb usb4: New USB device found, idVendor=1d6b, idProduct=0002, bcdDevice= 6.18
2026-04-24T08:04:36,959139-07:00 usb usb4: New USB device strings: Mfr=3, Product=2, SerialNumber=1
2026-04-24T08:04:36,959146-07:00 usb usb4: Product: EHCI Host Controller
2026-04-24T08:04:36,959151-07:00 usb usb4: Manufacturer: Linux 6.18.22-x64v1-xanmod1 ehci_hcd
2026-04-24T08:04:36,959157-07:00 usb usb4: SerialNumber: 0000:00:13.2
2026-04-24T08:04:36,959675-07:00 hub 4-0:1.0: USB hub found
2026-04-24T08:04:36,959720-07:00 hub 4-0:1.0: 5 ports detected
2026-04-24T08:04:37,022905-07:00 hub 2-0:1.0: USB hub found
2026-04-24T08:04:37,023008-07:00 hub 2-0:1.0: 5 ports detected
2026-04-24T08:04:37,206684-07:00 usb 4-5: new high-speed USB device number 2 using ehci-pci
2026-04-24T08:04:37,210708-07:00 ata1: SATA link up 3.0 Gbps (SStatus 123 SControl 300)
2026-04-24T08:04:37,211649-07:00 ata1.00: supports DRM functions and may not be fully accessible
2026-04-24T08:04:37,211666-07:00 ata1.00: ATA-10: CT1000MX500SSD1, M3CR033, max UDMA/133
2026-04-24T08:04:37,211740-07:00 ata1.00: 1953525168 sectors, multi 1: LBA48 NCQ (depth 32), AA
2026-04-24T08:04:37,213250-07:00 ata1.00: Features: Trust Dev-Sleep DIPM
2026-04-24T08:04:37,213544-07:00 ata1.00: supports DRM functions and may not be fully accessible
2026-04-24T08:04:37,214592-07:00 ata1.00: configured for UDMA/133
2026-04-24T08:04:37,215086-07:00 scsi 0:0:0:0: Direct-Access     ATA      CT1000MX500SSD1  033  PQ: 0 ANSI: 5
2026-04-24T08:04:37,217055-07:00 sd 0:0:0:0: [sda] 1953525168 512-byte logical blocks: (1.00 TB/932 GiB)
2026-04-24T08:04:37,217073-07:00 sd 0:0:0:0: [sda] 4096-byte physical blocks
2026-04-24T08:04:37,217131-07:00 sd 0:0:0:0: [sda] Write Protect is off
2026-04-24T08:04:37,217142-07:00 sd 0:0:0:0: [sda] Mode Sense: 00 3a 00 00
2026-04-24T08:04:37,217237-07:00 sd 0:0:0:0: [sda] Write cache: enabled, read cache: enabled, doesn't support DPO or FUA
2026-04-24T08:04:37,217534-07:00 sd 0:0:0:0: [sda] Preferred minimum I/O size 4096 bytes
2026-04-24T08:04:37,254721-07:00  sda: sda1 sda2 sda3
2026-04-24T08:04:37,255570-07:00 sd 0:0:0:0: [sda] supports TCG Opal
2026-04-24T08:04:37,255583-07:00 sd 0:0:0:0: [sda] Attached SCSI disk
2026-04-24T08:04:37,361552-07:00 usb 4-5: New USB device found, idVendor=04f2, idProduct=b2b9, bcdDevice=41.64
2026-04-24T08:04:37,361574-07:00 usb 4-5: New USB device strings: Mfr=1, Product=2, SerialNumber=0
2026-04-24T08:04:37,361582-07:00 usb 4-5: Product: Integrated Camera
2026-04-24T08:04:37,361588-07:00 usb 4-5: Manufacturer: Image Processor
2026-04-24T08:04:37,398661-07:00 usb 1-4: new full-speed USB device number 2 using ohci-pci
2026-04-24T08:04:37,498661-07:00 tsc: Refined TSC clocksource calibration: 1297.237 MHz
2026-04-24T08:04:37,498691-07:00 clocksource: tsc: mask: 0xffffffffffffffff max_cycles: 0x12b2ebef9b1, max_idle_ns: 440795214546 ns
2026-04-24T08:04:37,498776-07:00 clocksource: Switched to clocksource tsc
2026-04-24T08:04:37,586758-07:00 usb 1-4: New USB device found, idVendor=0a5c, idProduct=217f, bcdDevice= 7.48
2026-04-24T08:04:37,586780-07:00 usb 1-4: New USB device strings: Mfr=1, Product=2, SerialNumber=3
2026-04-24T08:04:37,586787-07:00 usb 1-4: Product: Broadcom Bluetooth Device
2026-04-24T08:04:37,586793-07:00 usb 1-4: Manufacturer: Broadcom Corp
2026-04-24T08:04:37,586798-07:00 usb 1-4: SerialNumber: 7CE9D3BAA4BC
2026-04-24T08:04:42,157346-07:00 Freeing initrd memory: 153648K
2026-04-24T08:04:42,188220-07:00 Loaded X.509 cert 'Build time autogenerated kernel key: 2abbf26058799da8cf061797c854846699428893'
2026-04-24T08:04:42,199664-07:00 Demotion targets for Node 0: null
2026-04-24T08:04:42,200930-07:00 Key type .fscrypt registered
2026-04-24T08:04:42,200946-07:00 Key type fscrypt-provisioning registered
2026-04-24T08:04:42,203404-07:00 Btrfs loaded, zoned=yes, fsverity=yes
2026-04-24T08:04:42,203559-07:00 Key type big_key registered
2026-04-24T08:04:42,205897-07:00 PM:   Magic number: 6:894:83
2026-04-24T08:04:42,212964-07:00 RAS: Correctable Errors collector initialized.
2026-04-24T08:04:42,245728-07:00 clk: Disabling unused clocks
2026-04-24T08:04:42,245745-07:00 PM: genpd: Disabling unused power domains
2026-04-24T08:04:42,253866-07:00 Freeing unused decrypted memory: 2028K
2026-04-24T08:04:42,257458-07:00 Freeing unused kernel image (initmem) memory: 3472K
2026-04-24T08:04:42,257607-07:00 Write protecting the kernel read-only data: 36864k
2026-04-24T08:04:42,259553-07:00 Freeing unused kernel image (text/rodata gap) memory: 868K
2026-04-24T08:04:42,261483-07:00 Freeing unused kernel image (rodata/data gap) memory: 1908K
2026-04-24T08:04:42,348054-07:00 x86/mm: Checked W+X mappings: passed, no W+X pages found.
2026-04-24T08:04:42,348075-07:00 rodata_test: all tests were successful
2026-04-24T08:04:42,348167-07:00 Run /init as init process
2026-04-24T08:04:42,348174-07:00   with arguments:
2026-04-24T08:04:42,348179-07:00     /init
2026-04-24T08:04:42,348182-07:00   with environment:
2026-04-24T08:04:42,348186-07:00     HOME=/
2026-04-24T08:04:42,348189-07:00     TERM=linux
2026-04-24T08:04:43,723429-07:00 ACPI: video: Video Device [VGA1] (multi-head: yes  rom: no  post: no)
2026-04-24T08:04:43,724169-07:00 input: Video Bus as /devices/LNXSYSTM:00/LNXSYBUS:00/PNP0A08:00/LNXVIDEO:01/input/input9
2026-04-24T08:04:43,812819-07:00 ACPI Warning: SystemIO range 0x0000000000000B00-0x0000000000000B08 conflicts with OpRegion 0x0000000000000B00-0x0000000000000B0F (\_SB.PCI0.SMB.SMB0) (20250807/utaddress-204)
2026-04-24T08:04:43,812855-07:00 ACPI: OSL: Resource conflict; ACPI support missing from driver?
2026-04-24T08:04:43,864000-07:00 sp5100_tco: SP5100/SB800 TCO WatchDog Timer Driver
2026-04-24T08:04:43,864384-07:00 sp5100-tco sp5100-tco: Using 0xfed80b00 for watchdog MMIO address
2026-04-24T08:04:43,890983-07:00 sp5100-tco sp5100-tco: initialized. heartbeat=60 sec (nowayout=0)
2026-04-24T08:04:44,288781-07:00 atl1c 0000:02:00.0 enp2s0: renamed from eth0
2026-04-24T08:04:44,604244-07:00 [drm] radeon kernel modesetting enabled.
2026-04-24T08:04:44,632985-07:00 Console: switching to colour dummy device 80x25
2026-04-24T08:04:44,644802-07:00 radeon 0000:00:01.0: vgaarb: deactivate vga console
2026-04-24T08:04:44,645579-07:00 [drm] initializing kernel modesetting (PALM 0x1002:0x9802 0x17AA:0x21EC 0x00).
2026-04-24T08:04:44,645659-07:00 resource: resource sanity check: requesting [mem 0x00000000000c0000-0x00000000000dffff], which spans more than PCI Bus 0000:00 [mem 0x000a0000-0x000cdfff window]
2026-04-24T08:04:44,645673-07:00 caller radeon_read_bios+0x3f/0xd0 [radeon] mapping multiple BARs
2026-04-24T08:04:44,646365-07:00 ATOM BIOS: Lenovo
2026-04-24T08:04:44,646576-07:00 radeon 0000:00:01.0: VRAM: 384M 0x0000000000000000 - 0x0000000017FFFFFF (384M used)
2026-04-24T08:04:44,646594-07:00 radeon 0000:00:01.0: GTT: 1024M 0x0000000018000000 - 0x0000000057FFFFFF
2026-04-24T08:04:44,646616-07:00 [drm] Detected VRAM RAM=384M, BAR=256M
2026-04-24T08:04:44,646620-07:00 [drm] RAM width 32bits DDR
2026-04-24T08:04:44,647114-07:00 [drm] radeon: 384M of VRAM memory ready
2026-04-24T08:04:44,647135-07:00 [drm] radeon: 1024M of GTT memory ready.
2026-04-24T08:04:44,647173-07:00 [drm] Loading PALM Microcode
2026-04-24T08:04:44,647868-07:00 [drm] Internal thermal controller without fan control
2026-04-24T08:04:44,648016-07:00 == power state 0 ==
2026-04-24T08:04:44,648023-07:00 	ui class: none
2026-04-24T08:04:44,648026-07:00 	internal class: uvd_hd
2026-04-24T08:04:44,648035-07:00 	caps:
2026-04-24T08:04:44,648039-07:00 	uvd    vclk: 39000 dclk: 30000
2026-04-24T08:04:44,648043-07:00 		power level 0    sclk: 27858 vddc: 850
2026-04-24T08:04:44,648048-07:00 	status:
2026-04-24T08:04:44,648051-07:00 == power state 1 ==
2026-04-24T08:04:44,648054-07:00 	ui class: none
2026-04-24T08:04:44,648056-07:00 	internal class: uvd
2026-04-24T08:04:44,648061-07:00 	caps:
2026-04-24T08:04:44,648065-07:00 	uvd    vclk: 52000 dclk: 41053
2026-04-24T08:04:44,648068-07:00 		power level 0    sclk: 48750 vddc: 913
2026-04-24T08:04:44,648072-07:00 	status:
2026-04-24T08:04:44,648075-07:00 == power state 2 ==
2026-04-24T08:04:44,648078-07:00 	ui class: battery
2026-04-24T08:04:44,648080-07:00 	internal class: none
2026-04-24T08:04:44,648085-07:00 	caps:
2026-04-24T08:04:44,648088-07:00 	uvd    vclk: 0 dclk: 0
2026-04-24T08:04:44,648091-07:00 		power level 0    sclk: 27858 vddc: 850
2026-04-24T08:04:44,648095-07:00 	status:
2026-04-24T08:04:44,648098-07:00 == power state 3 ==
2026-04-24T08:04:44,648101-07:00 	ui class: performance
2026-04-24T08:04:44,648103-07:00 	internal class: none
2026-04-24T08:04:44,648108-07:00 	caps:
2026-04-24T08:04:44,648111-07:00 	uvd    vclk: 0 dclk: 0
2026-04-24T08:04:44,648114-07:00 		power level 0    sclk: 27858 vddc: 850
2026-04-24T08:04:44,648118-07:00 		power level 1    sclk: 48750 vddc: 913
2026-04-24T08:04:44,648122-07:00 	status:
2026-04-24T08:04:44,648125-07:00 == power state 4 ==
2026-04-24T08:04:44,648127-07:00 	ui class: none
2026-04-24T08:04:44,648129-07:00 	internal class: boot
2026-04-24T08:04:44,648134-07:00 	caps:
2026-04-24T08:04:44,648137-07:00 	uvd    vclk: 0 dclk: 0
2026-04-24T08:04:44,648140-07:00 		power level 0    sclk: 20000 vddc: 913
2026-04-24T08:04:44,648144-07:00 	status: c r b
2026-04-24T08:04:44,648152-07:00 == power state 5 ==
2026-04-24T08:04:44,648154-07:00 	ui class: none
2026-04-24T08:04:44,648156-07:00 	internal class: thermal
2026-04-24T08:04:44,648161-07:00 	caps:
2026-04-24T08:04:44,648164-07:00 	uvd    vclk: 0 dclk: 0
2026-04-24T08:04:44,648167-07:00 		power level 0    sclk: 17334 vddc: 850
2026-04-24T08:04:44,648171-07:00 	status:
2026-04-24T08:04:44,648176-07:00 [drm] Found smc ucode version: 0x00010601
2026-04-24T08:04:44,648258-07:00 [drm] radeon: dpm initialized
2026-04-24T08:04:44,653522-07:00 [drm] GART: num cpu pages 262144, num gpu pages 262144
2026-04-24T08:04:44,668876-07:00 [drm] PCIE GART of 1024M enabled (table at 0x0000000000162000).
2026-04-24T08:04:44,669169-07:00 radeon 0000:00:01.0: WB enabled
2026-04-24T08:04:44,669181-07:00 radeon 0000:00:01.0: fence driver on ring 0 uses gpu addr 0x0000000018000c00
2026-04-24T08:04:44,669189-07:00 radeon 0000:00:01.0: fence driver on ring 3 uses gpu addr 0x0000000018000c0c
2026-04-24T08:04:44,669660-07:00 radeon 0000:00:01.0: fence driver on ring 5 uses gpu addr 0x0000000000072118
2026-04-24T08:04:44,670465-07:00 radeon 0000:00:01.0: radeon: MSI limited to 32-bit
2026-04-24T08:04:44,670765-07:00 radeon 0000:00:01.0: radeon: using MSI.
2026-04-24T08:04:44,671311-07:00 [drm] radeon: irq initialized.
2026-04-24T08:04:44,688479-07:00 [drm] ring test on 0 succeeded in 1 usecs
2026-04-24T08:04:44,688504-07:00 [drm] ring test on 3 succeeded in 3 usecs
2026-04-24T08:04:44,734365-07:00 [drm] ring test on 5 succeeded in 1 usecs
2026-04-24T08:04:44,754279-07:00 [drm] UVD initialized successfully.
2026-04-24T08:04:44,755086-07:00 [drm] ib test on ring 0 succeeded in 0 usecs
2026-04-24T08:04:44,755153-07:00 [drm] ib test on ring 3 succeeded in 0 usecs
2026-04-24T08:04:44,900435-07:00 psmouse serio4: synaptics: queried max coordinates: x [..5766], y [..5260]
2026-04-24T08:04:44,966659-07:00 psmouse serio4: synaptics: Touchpad model: 1, fw: 8.0, id: 0x1e2b1, caps: 0xd001a3/0x940300/0x123c00/0x0, board id: 1917, fw id: 864720
2026-04-24T08:04:44,966707-07:00 psmouse serio4: synaptics: serio: Synaptics pass-through port at isa0060/serio4/input0
2026-04-24T08:04:45,006771-07:00 input: SynPS/2 Synaptics TouchPad as /devices/platform/i8042/serio4/input/input13
2026-04-24T08:04:45,306874-07:00 [drm] ib test on ring 5 succeeded
2026-04-24T08:04:45,327939-07:00 radeon 0000:00:01.0: [drm] Skipping radeon atom DIG backlight registration
2026-04-24T08:04:45,333043-07:00 acpi device:37: registered as cooling_device2
2026-04-24T08:04:45,333076-07:00 [drm] Radeon Display Connectors
2026-04-24T08:04:45,333081-07:00 [drm] Connector 0:
2026-04-24T08:04:45,333084-07:00 [drm]   LVDS-1
2026-04-24T08:04:45,333087-07:00 [drm]   HPD1
2026-04-24T08:04:45,333090-07:00 [drm]   DDC: 0x6430 0x6430 0x6434 0x6434 0x6438 0x6438 0x643c 0x643c
2026-04-24T08:04:45,333097-07:00 [drm]   Encoders:
2026-04-24T08:04:45,333099-07:00 [drm]     LCD1: INTERNAL_UNIPHY
2026-04-24T08:04:45,333103-07:00 [drm] Connector 1:
2026-04-24T08:04:45,333106-07:00 [drm]   HDMI-A-1
2026-04-24T08:04:45,333108-07:00 [drm]   HPD2
2026-04-24T08:04:45,333110-07:00 [drm]   DDC: 0x6440 0x6440 0x6444 0x6444 0x6448 0x6448 0x644c 0x644c
2026-04-24T08:04:45,333115-07:00 [drm]   Encoders:
2026-04-24T08:04:45,333117-07:00 [drm]     DFP1: INTERNAL_UNIPHY
2026-04-24T08:04:45,333120-07:00 [drm] Connector 2:
2026-04-24T08:04:45,333122-07:00 [drm]   VGA-1
2026-04-24T08:04:45,333124-07:00 [drm]   DDC: 0x64d8 0x64d8 0x64dc 0x64dc 0x64e0 0x64e0 0x64e4 0x64e4
2026-04-24T08:04:45,333129-07:00 [drm]   Encoders:
2026-04-24T08:04:45,333131-07:00 [drm]     CRT1: INTERNAL_KLDSCP_DAC1
2026-04-24T08:04:45,334915-07:00 switching from power state:
2026-04-24T08:04:45,334929-07:00 	ui class: none
2026-04-24T08:04:45,334933-07:00 	internal class: boot
2026-04-24T08:04:45,334942-07:00 	caps:
2026-04-24T08:04:45,334945-07:00 	uvd    vclk: 0 dclk: 0
2026-04-24T08:04:45,334951-07:00 		power level 0    sclk: 20000 vddc: 913
2026-04-24T08:04:45,334957-07:00 	status: c b
2026-04-24T08:04:45,334964-07:00 switching to power state:
2026-04-24T08:04:45,334966-07:00 	ui class: performance
2026-04-24T08:04:45,334969-07:00 	internal class: none
2026-04-24T08:04:45,334974-07:00 	caps:
2026-04-24T08:04:45,334977-07:00 	uvd    vclk: 0 dclk: 0
2026-04-24T08:04:45,334980-07:00 		power level 0    sclk: 27858 vddc: 850
2026-04-24T08:04:45,334985-07:00 		power level 1    sclk: 48750 vddc: 913
2026-04-24T08:04:45,334989-07:00 	status: r
2026-04-24T08:04:45,337783-07:00 [drm] Initialized radeon 2.51.0 for 0000:00:01.0 on minor 0
2026-04-24T08:04:45,706037-07:00 psmouse serio5: trackpoint: IBM TrackPoint firmware: 0x0e, buttons: 3/3
2026-04-24T08:04:45,780903-07:00 [drm] fb mappable at 0xE0366000
2026-04-24T08:04:45,780920-07:00 [drm] vram apper at 0xE0000000
2026-04-24T08:04:45,780924-07:00 [drm] size 4325376
2026-04-24T08:04:45,780928-07:00 [drm] fb depth is 24
2026-04-24T08:04:45,780931-07:00 [drm]    pitch is 5632
2026-04-24T08:04:45,781277-07:00 fbcon: radeondrmfb (fb0) is primary device
2026-04-24T08:04:45,926631-07:00 input: TPPS/2 IBM TrackPoint as /devices/platform/i8042/serio4/serio5/input/input14
2026-04-24T08:04:46,333076-07:00 Console: switching to colour frame buffer device 170x48
2026-04-24T08:04:46,335598-07:00 radeon 0000:00:01.0: [drm] fb0: radeondrmfb frame buffer device
2026-04-24T08:05:19,878299-07:00 amdgpu: Virtual CRAT table created for CPU
2026-04-24T08:05:19,878367-07:00 amdgpu: Topology: Add CPU node
2026-04-24T08:05:20,132862-07:00 async_tx: api initialized (async)
2026-04-24T08:05:20,507882-07:00 PM: Image not found (code -22)
2026-04-24T08:05:20,806038-07:00 EXT4-fs (sda3): orphan cleanup on readonly fs
2026-04-24T08:05:20,807776-07:00 EXT4-fs (sda3): mounted filesystem 1d93df94-f6f2-4289-98ee-774f2f6a4bbd ro with ordered data mode. Quota mode: none.
2026-04-24T08:05:21,645026-07:00 systemd[1]: systemd 257.9-1~deb13u1 running in system mode (+PAM +AUDIT +SELINUX +APPARMOR +IMA +IPE +SMACK +SECCOMP +GCRYPT -GNUTLS +OPENSSL +ACL +BLKID +CURL +ELFUTILS +FIDO2 +IDN2 -IDN +IPTC +KMOD +LIBCRYPTSETUP +LIBCRYPTSETUP_PLUGINS +LIBFDISK +PCRE2 +PWQUALITY +P11KIT +QRENCODE +TPM2 +BZIP2 +LZ4 +XZ +ZLIB +ZSTD +BPF_FRAMEWORK +BTF -XKBCOMMON -UTMP +SYSVINIT +LIBARCHIVE)
2026-04-24T08:05:21,645066-07:00 systemd[1]: Detected architecture x86-64.
2026-04-24T08:05:21,650144-07:00 systemd[1]: Hostname set to <x130e>.
2026-04-24T08:05:22,323616-07:00 systemd[1]: bpf-restrict-fs: LSM BPF program attached
2026-04-24T08:05:22,998567-07:00 systemd-sysv-generator[280]: SysV service '/etc/init.d/exim4' lacks a native systemd unit file, automatically generating a unit file for compatibility.
2026-04-24T08:05:22,998606-07:00 systemd-sysv-generator[280]: Please update package to include a native systemd unit file.
2026-04-24T08:05:22,998619-07:00 systemd-sysv-generator[280]: ! This compatibility logic is deprecated, expect removal soon. !
2026-04-24T08:05:23,010244-07:00 systemd-sysv-generator[280]: SysV service '/etc/init.d/preload' lacks a native systemd unit file, automatically generating a unit file for compatibility.
2026-04-24T08:05:23,010270-07:00 systemd-sysv-generator[280]: Please update package to include a native systemd unit file.
2026-04-24T08:05:23,010284-07:00 systemd-sysv-generator[280]: ! This compatibility logic is deprecated, expect removal soon. !
2026-04-24T08:05:23,361713-07:00 systemd[1]: Configuration file /etc/systemd/system/ssd-performance.service is marked world-inaccessible. This has no effect as configuration data is accessible via APIs without restrictions. Proceeding anyway.
2026-04-24T08:05:23,487491-07:00 systemd[1]: Configuration file /etc/systemd/system/network-performance.service is marked world-inaccessible. This has no effect as configuration data is accessible via APIs without restrictions. Proceeding anyway.
2026-04-24T08:05:23,499357-07:00 systemd[1]: Configuration file /etc/systemd/system/ksm-enable.service is marked world-inaccessible. This has no effect as configuration data is accessible via APIs without restrictions. Proceeding anyway.
2026-04-24T08:05:23,549161-07:00 systemd[1]: Configuration file /etc/systemd/system/gpu-performance.service is marked world-inaccessible. This has no effect as configuration data is accessible via APIs without restrictions. Proceeding anyway.
2026-04-24T08:05:23,998004-07:00 systemd[1]: Queued start job for default target graphical.target.
2026-04-24T08:05:24,050225-07:00 systemd[1]: Created slice system-getty.slice - Slice /system/getty.
2026-04-24T08:05:24,054274-07:00 systemd[1]: Created slice system-modprobe.slice - Slice /system/modprobe.
2026-04-24T08:05:24,057962-07:00 systemd[1]: Created slice system-systemd\x2dfsck.slice - Slice /system/systemd-fsck.
2026-04-24T08:05:24,061986-07:00 systemd[1]: Created slice system-xfs_scrub.slice - xfs_scrub background service slice.
2026-04-24T08:05:24,064651-07:00 systemd[1]: Created slice user.slice - User and Session Slice.
2026-04-24T08:05:24,065122-07:00 systemd[1]: Started systemd-ask-password-wall.path - Forward Password Requests to Wall Directory Watch.
2026-04-24T08:05:24,066257-07:00 systemd[1]: Set up automount proc-sys-fs-binfmt_misc.automount - Arbitrary Executable File Formats File System Automount Point.
2026-04-24T08:05:24,066416-07:00 systemd[1]: Expecting device dev-disk-by\x2duuid-2a7a2c0e\x2deb22\x2d4f84\x2dab43\x2dc1bb70fec58b.device - /dev/disk/by-uuid/2a7a2c0e-eb22-4f84-ab43-c1bb70fec58b...
2026-04-24T08:05:24,066484-07:00 systemd[1]: Expecting device dev-disk-by\x2duuid-47FA\x2dE39B.device - /dev/disk/by-uuid/47FA-E39B...
2026-04-24T08:05:24,066905-07:00 systemd[1]: Reached target nss-lookup.target - Host and Network Name Lookups.
2026-04-24T08:05:24,067010-07:00 systemd[1]: Reached target nss-user-lookup.target - User and Group Name Lookups.
2026-04-24T08:05:24,067216-07:00 systemd[1]: Reached target slices.target - Slice Units.
2026-04-24T08:05:24,067922-07:00 systemd[1]: Listening on dm-event.socket - Device-mapper event daemon FIFOs.
2026-04-24T08:05:24,068507-07:00 systemd[1]: Listening on lvm2-lvmpolld.socket - LVM2 poll daemon socket.
2026-04-24T08:05:24,090843-07:00 systemd[1]: Listening on rpcbind.socket - RPCbind Server Activation Socket.
2026-04-24T08:05:24,091692-07:00 systemd[1]: Listening on syslog.socket - Syslog Socket.
2026-04-24T08:05:24,099859-07:00 systemd[1]: Listening on systemd-coredump.socket - Process Core Dump Socket.
2026-04-24T08:05:24,105461-07:00 systemd[1]: Listening on systemd-creds.socket - Credential Encryption/Decryption.
2026-04-24T08:05:24,106144-07:00 systemd[1]: Listening on systemd-initctl.socket - initctl Compatibility Named Pipe.
2026-04-24T08:05:24,106780-07:00 systemd[1]: Listening on systemd-journald-dev-log.socket - Journal Socket (/dev/log).
2026-04-24T08:05:24,107450-07:00 systemd[1]: Listening on systemd-journald.socket - Journal Sockets.
2026-04-24T08:05:24,107720-07:00 systemd[1]: systemd-pcrextend.socket - TPM PCR Measurements was skipped because of an unmet condition check (ConditionSecurity=measured-uki).
2026-04-24T08:05:24,107843-07:00 systemd[1]: systemd-pcrlock.socket - Make TPM PCR Policy was skipped because of an unmet condition check (ConditionSecurity=measured-uki).
2026-04-24T08:05:24,108379-07:00 systemd[1]: Listening on systemd-udevd-control.socket - udev Control Socket.
2026-04-24T08:05:24,108741-07:00 systemd[1]: Listening on systemd-udevd-kernel.socket - udev Kernel Socket.
2026-04-24T08:05:24,115327-07:00 systemd[1]: Mounting dev-hugepages.mount - Huge Pages File System...
2026-04-24T08:05:24,123009-07:00 systemd[1]: Mounting dev-mqueue.mount - POSIX Message Queue File System...
2026-04-24T08:05:24,139122-07:00 systemd[1]: Mounting run-lock.mount - Legacy Locks Directory /run/lock...
2026-04-24T08:05:24,151043-07:00 systemd[1]: Mounting sys-kernel-debug.mount - Kernel Debug File System...
2026-04-24T08:05:24,179003-07:00 systemd[1]: Mounting sys-kernel-tracing.mount - Kernel Trace File System...
2026-04-24T08:05:24,179591-07:00 systemd[1]: auth-rpcgss-module.service - Kernel Module supporting RPCSEC_GSS was skipped because of an unmet condition check (ConditionPathExists=/etc/krb5.keytab).
2026-04-24T08:05:24,207313-07:00 systemd[1]: Starting keyboard-setup.service - Set the console keyboard layout...
2026-04-24T08:05:24,229143-07:00 systemd[1]: Starting kmod-static-nodes.service - Create List of Static Device Nodes...
2026-04-24T08:05:24,251287-07:00 systemd[1]: Starting lvm2-monitor.service - Monitoring of LVM2 mirrors, snapshots etc. using dmeventd or progress polling...
2026-04-24T08:05:24,267254-07:00 systemd[1]: Starting modprobe@configfs.service - Load Kernel Module configfs...
2026-04-24T08:05:24,275210-07:00 systemd[1]: Starting modprobe@drm.service - Load Kernel Module drm...
2026-04-24T08:05:24,300406-07:00 systemd[1]: Starting modprobe@efi_pstore.service - Load Kernel Module efi_pstore...
2026-04-24T08:05:24,307600-07:00 systemd[1]: Starting modprobe@fuse.service - Load Kernel Module fuse...
2026-04-24T08:05:24,308740-07:00 systemd[1]: systemd-fsck-root.service - File System Check on Root Device was skipped because of an unmet condition check (ConditionPathExists=!/run/initramfs/fsck-root).
2026-04-24T08:05:24,308980-07:00 systemd[1]: systemd-hibernate-clear.service - Clear Stale Hibernate Storage Info was skipped because of an unmet condition check (ConditionPathExists=/sys/firmware/efi/efivars/HibernateLocation-8cf2644b-4b0b-428f-9387-6d876050dc67).
2026-04-24T08:05:24,327881-07:00 systemd[1]: Starting systemd-journald.service - Journal Service...
2026-04-24T08:05:24,348481-07:00 systemd[1]: Starting systemd-modules-load.service - Load Kernel Modules...
2026-04-24T08:05:24,348763-07:00 systemd[1]: systemd-pcrmachine.service - TPM PCR Machine ID Measurement was skipped because of an unmet condition check (ConditionSecurity=measured-uki).
2026-04-24T08:05:24,367380-07:00 systemd[1]: Starting systemd-remount-fs.service - Remount Root and Kernel File Systems...
2026-04-24T08:05:24,367686-07:00 systemd[1]: systemd-tpm2-setup-early.service - Early TPM SRK Setup was skipped because of an unmet condition check (ConditionSecurity=measured-uki).
2026-04-24T08:05:24,383898-07:00 systemd[1]: Starting systemd-udev-load-credentials.service - Load udev Rules from Credentials...
2026-04-24T08:05:24,392266-07:00 systemd[1]: Starting systemd-udev-trigger.service - Coldplug All udev Devices...
2026-04-24T08:05:24,410682-07:00 systemd[1]: Mounted dev-hugepages.mount - Huge Pages File System.
2026-04-24T08:05:24,411675-07:00 systemd[1]: Mounted dev-mqueue.mount - POSIX Message Queue File System.
2026-04-24T08:05:24,412239-07:00 systemd[1]: Mounted run-lock.mount - Legacy Locks Directory /run/lock.
2026-04-24T08:05:24,412785-07:00 systemd[1]: Mounted sys-kernel-debug.mount - Kernel Debug File System.
2026-04-24T08:05:24,413310-07:00 systemd[1]: Mounted sys-kernel-tracing.mount - Kernel Trace File System.
2026-04-24T08:05:24,419656-07:00 systemd[1]: Finished keyboard-setup.service - Set the console keyboard layout.
2026-04-24T08:05:24,422023-07:00 systemd[1]: Finished kmod-static-nodes.service - Create List of Static Device Nodes.
2026-04-24T08:05:24,451519-07:00 systemd[1]: Starting systemd-tmpfiles-setup-dev-early.service - Create Static Device Nodes in /dev gracefully...
2026-04-24T08:05:24,627001-07:00 systemd[1]: Finished systemd-udev-load-credentials.service - Load udev Rules from Credentials.
2026-04-24T08:05:24,730702-07:00 EXT4-fs (sda3): re-mounted 1d93df94-f6f2-4289-98ee-774f2f6a4bbd r/w.
2026-04-24T08:05:24,750897-07:00 systemd[1]: Finished systemd-remount-fs.service - Remount Root and Kernel File Systems.
2026-04-24T08:05:24,753029-07:00 systemd[1]: systemd-hwdb-update.service - Rebuild Hardware Database was skipped because of an unmet condition check (ConditionNeedsUpdate=/etc).
2026-04-24T08:05:24,770696-07:00 lp: driver loaded but no devices found
2026-04-24T08:05:24,772934-07:00 systemd[1]: Starting systemd-random-seed.service - Load/Save OS Random Seed...
2026-04-24T08:05:24,773068-07:00 systemd[1]: systemd-tpm2-setup.service - TPM SRK Setup was skipped because of an unmet condition check (ConditionSecurity=measured-uki).
2026-04-24T08:05:24,804616-07:00 systemd-journald[304]: Collecting audit messages is disabled.
2026-04-24T08:05:24,842632-07:00 ppdev: user-space parallel port driver
2026-04-24T08:05:24,856820-07:00 systemd[1]: Finished systemd-tmpfiles-setup-dev-early.service - Create Static Device Nodes in /dev gracefully.
2026-04-24T08:05:24,857714-07:00 systemd[1]: systemd-sysusers.service - Create System Users was skipped because no trigger condition checks were met.
2026-04-24T08:05:24,879301-07:00 systemd[1]: Starting systemd-timesyncd.service - Network Time Synchronization...
2026-04-24T08:05:24,902019-07:00 systemd[1]: Starting systemd-tmpfiles-setup-dev.service - Create Static Device Nodes in /dev...
2026-04-24T08:05:24,904825-07:00 systemd[1]: modprobe@configfs.service: Deactivated successfully.
2026-04-24T08:05:24,905923-07:00 systemd[1]: Finished modprobe@configfs.service - Load Kernel Module configfs.
2026-04-24T08:05:24,907831-07:00 systemd[1]: modprobe@drm.service: Deactivated successfully.
2026-04-24T08:05:24,911031-07:00 systemd[1]: Finished modprobe@drm.service - Load Kernel Module drm.
2026-04-24T08:05:24,912703-07:00 systemd[1]: modprobe@efi_pstore.service: Deactivated successfully.
2026-04-24T08:05:24,913812-07:00 systemd[1]: Finished modprobe@efi_pstore.service - Load Kernel Module efi_pstore.
2026-04-24T08:05:24,916517-07:00 systemd[1]: modprobe@fuse.service: Deactivated successfully.
2026-04-24T08:05:24,919051-07:00 systemd[1]: Finished modprobe@fuse.service - Load Kernel Module fuse.
2026-04-24T08:05:24,920127-07:00 systemd[1]: systemd-pstore.service - Platform Persistent Storage Archival was skipped because of an unmet condition check (ConditionDirectoryNotEmpty=/sys/fs/pstore).
2026-04-24T08:05:25,202921-07:00 systemd[1]: Finished systemd-tmpfiles-setup-dev.service - Create Static Device Nodes in /dev.
2026-04-24T08:05:25,219795-07:00 systemd[1]: Starting systemd-udevd.service - Rule-based Manager for Device Events and Files...
2026-04-24T08:05:25,230630-07:00 random: crng init done
2026-04-24T08:05:25,248702-07:00 systemd[1]: Finished systemd-random-seed.service - Load/Save OS Random Seed.
2026-04-24T08:05:25,337394-07:00 device-mapper: uevent: version 1.0.3
2026-04-24T08:05:25,338818-07:00 device-mapper: ioctl: 4.50.0-ioctl (2025-04-28) initialised: dm-devel@lists.linux.dev
2026-04-24T08:05:25,427077-07:00 systemd[1]: Mounting sys-fs-fuse-connections.mount - FUSE Control File System...
2026-04-24T08:05:25,435718-07:00 systemd[1]: Mounting sys-kernel-config.mount - Kernel Configuration File System...
2026-04-24T08:05:25,437686-07:00 systemd[1]: Finished lvm2-monitor.service - Monitoring of LVM2 mirrors, snapshots etc. using dmeventd or progress polling.
2026-04-24T08:05:25,438211-07:00 systemd[1]: Reached target local-fs-pre.target - Preparation for Local File Systems.
2026-04-24T08:05:25,438389-07:00 systemd[1]: var-lib-machines.mount - Virtual Machine and Container Storage (Compatibility) was skipped because of an unmet condition check (ConditionPathExists=/var/lib/machines.raw).
2026-04-24T08:05:25,438489-07:00 systemd[1]: Reached target machines.target - Containers.
2026-04-24T08:05:25,443634-07:00 systemd[1]: Listening on systemd-importd.socket - Disk Image Download Service Socket.
2026-04-24T08:05:25,485644-07:00 Key type encrypted registered
2026-04-24T08:05:25,509088-07:00 systemd[1]: Mounted sys-fs-fuse-connections.mount - FUSE Control File System.
2026-04-24T08:05:25,509930-07:00 systemd[1]: Mounted sys-kernel-config.mount - Kernel Configuration File System.
2026-04-24T08:05:25,620980-07:00 systemd[1]: Finished systemd-modules-load.service - Load Kernel Modules.
2026-04-24T08:05:25,626971-07:00 systemd[1]: Mounting proc-fs-nfsd.mount - NFSD configuration filesystem...
2026-04-24T08:05:25,639198-07:00 systemd[1]: Starting systemd-sysctl.service - Apply Kernel Variables...
2026-04-24T08:05:25,855839-07:00 systemd[1]: Started systemd-timesyncd.service - Network Time Synchronization.
2026-04-24T08:05:25,859208-07:00 systemd[1]: Reached target time-set.target - System Time Set.
2026-04-24T08:05:25,970206-07:00 RPC: Registered named UNIX socket transport module.
2026-04-24T08:05:25,970225-07:00 RPC: Registered udp transport module.
2026-04-24T08:05:25,970228-07:00 RPC: Registered tcp transport module.
2026-04-24T08:05:25,970231-07:00 RPC: Registered tcp-with-tls transport module.
2026-04-24T08:05:25,970234-07:00 RPC: Registered tcp NFSv4.1 backchannel transport module.
2026-04-24T08:05:26,148525-07:00 systemd[1]: Started systemd-journald.service - Journal Service.
2026-04-24T08:05:26,475088-07:00 systemd-journald[304]: Received client request to flush runtime journal.
2026-04-24T08:05:27,814650-07:00 sd 0:0:0:0: Attached scsi generic sg0 type 0
2026-04-24T08:05:27,952192-07:00 io scheduler kyber registered
2026-04-24T08:05:28,536761-07:00 mousedev: PS/2 mouse device common for all mice
2026-04-24T08:05:30,405409-07:00 input: PC Speaker as /devices/platform/pcspkr/input/input15
2026-04-24T08:05:30,409588-07:00 cfg80211: Loading compiled-in X.509 certificates for regulatory database
2026-04-24T08:05:30,437326-07:00 acpi_cpufreq: overriding BIOS provided _PSD data
2026-04-24T08:05:30,486749-07:00 Loaded X.509 cert 'sforshee: 00b28ddf47aef9cea7'
2026-04-24T08:05:30,487634-07:00 Loaded X.509 cert 'wens: 61c038651aabdcf94bd0ac7ff06c7248db18c600'
2026-04-24T08:05:30,493498-07:00 cfg80211: loaded regulatory.db is malformed or signature is missing/invalid
2026-04-24T08:05:30,613325-07:00 Adding 8593404k swap on /dev/sda2.  Priority:-2 extents:1 across:8593404k SS
2026-04-24T08:05:31,826616-07:00 thinkpad_acpi: ThinkPad ACPI Extras v0.26
2026-04-24T08:05:31,826635-07:00 thinkpad_acpi: http://ibm-acpi.sf.net/
2026-04-24T08:05:31,826639-07:00 thinkpad_acpi: ThinkPad BIOS 8RET54WW (1.17 ), EC unknown
2026-04-24T08:05:31,826643-07:00 thinkpad_acpi: Lenovo ThinkPad X130e, model 06222DU
2026-04-24T08:05:32,794041-07:00 thinkpad_acpi: radio switch found; radios are enabled
2026-04-24T08:05:32,882106-07:00 thinkpad_acpi: Tablet mode switch found (type: MHKG), currently in laptop mode
2026-04-24T08:05:32,882168-07:00 thinkpad_acpi: This ThinkPad has standard ACPI backlight brightness control, supported by the ACPI video driver
2026-04-24T08:05:32,882173-07:00 thinkpad_acpi: Disabling thinkpad-acpi brightness events by default...
2026-04-24T08:05:36,076734-07:00 input: HD-Audio Generic HDMI/DP,pcm=3 as /devices/pci0000:00/0000:00:01.1/sound/card0/input17
2026-04-24T08:05:36,217647-07:00 snd_hda_codec_conexant hdaudioC1D0: CX20590: BIOS auto-probing.
2026-04-24T08:05:36,220013-07:00 snd_hda_codec_conexant hdaudioC1D0: CX20590: picked fixup  for PCI SSID 17aa:0000
2026-04-24T08:05:36,220202-07:00 snd_hda_codec_conexant hdaudioC1D0: autoconfig for CX20590: line_outs=1 (0x1f/0x0/0x0/0x0/0x0) type:speaker
2026-04-24T08:05:36,220215-07:00 snd_hda_codec_conexant hdaudioC1D0:    speaker_outs=0 (0x0/0x0/0x0/0x0/0x0)
2026-04-24T08:05:36,220223-07:00 snd_hda_codec_conexant hdaudioC1D0:    hp_outs=1 (0x19/0x0/0x0/0x0/0x0)
2026-04-24T08:05:36,220230-07:00 snd_hda_codec_conexant hdaudioC1D0:    mono: mono_out=0x0
2026-04-24T08:05:36,220235-07:00 snd_hda_codec_conexant hdaudioC1D0:    inputs:
2026-04-24T08:05:36,220242-07:00 snd_hda_codec_conexant hdaudioC1D0:      Internal Mic=0x23
2026-04-24T08:05:36,220248-07:00 snd_hda_codec_conexant hdaudioC1D0:      Mic=0x1b
2026-04-24T08:05:36,266816-07:00 zram: Added device: zram0
2026-04-24T08:05:36,277953-07:00 input: HDA ATI SB Mic as /devices/pci0000:00/0000:00:14.2/sound/card1/input18
2026-04-24T08:05:36,278314-07:00 input: HDA ATI SB Headphone as /devices/pci0000:00/0000:00:14.2/sound/card1/input19
2026-04-24T08:05:36,486880-07:00 zram0: detected capacity change from 0 to 7981200
2026-04-24T08:05:36,559089-07:00 Adding 3990596k swap on /dev/zram0.  Priority:100 extents:1 across:3990596k SS
2026-04-24T08:05:37,023198-07:00 rtl8192ce: Chip Version ID: B_CHIP_88C
2026-04-24T08:05:37,062987-07:00 thinkpad_acpi: rfkill switch tpacpi_bluetooth_sw: radio is unblocked
2026-04-24T08:05:37,181555-07:00 rtl8192ce: Using firmware rtlwifi/rtl8192cfw.bin
2026-04-24T08:05:37,289829-07:00 ieee80211 phy0: Selected rate control algorithm 'rtl_rc'
2026-04-24T08:05:37,403034-07:00 rtlwifi: rtlwifi: wireless switch is on
2026-04-24T08:05:37,858279-07:00 rtl8192ce 0000:01:00.0 wlp1s0: renamed from wlan0
2026-04-24T08:05:38,112729-07:00 atl1c 0000:02:00.0: atl1c: enp2s0 NIC Link is Up<1000 Mbps Full Duplex>
2026-04-24T08:05:39,040346-07:00 mc: Linux media interface: v0.10
2026-04-24T08:05:39,584260-07:00 thinkpad_acpi: secondary fan control detected & enabled
2026-04-24T08:05:39,896080-07:00 ACPI: \_SB_.PCI0.LPC0.EC__.HKEY: BCTG evaluated but flagged as error
2026-04-24T08:05:39,896102-07:00 thinkpad_acpi: Error probing battery 2
2026-04-24T08:05:39,896110-07:00 ACPI: battery: hook failed to load: ThinkPad Battery Extension
2026-04-24T08:05:39,896134-07:00 ACPI: battery: hook unregistered: ThinkPad Battery Extension
2026-04-24T08:05:39,900096-07:00 input: ThinkPad Extra Buttons as /devices/platform/thinkpad_acpi/input/input16
2026-04-24T08:05:40,694837-07:00 Bluetooth: Core ver 2.22
2026-04-24T08:05:40,695016-07:00 NET: Registered PF_BLUETOOTH protocol family
2026-04-24T08:05:40,695023-07:00 Bluetooth: HCI device and connection manager initialized
2026-04-24T08:05:40,695041-07:00 Bluetooth: HCI socket layer initialized
2026-04-24T08:05:40,695049-07:00 Bluetooth: L2CAP socket layer initialized
2026-04-24T08:05:40,695069-07:00 Bluetooth: SCO socket layer initialized
2026-04-24T08:05:41,140907-07:00 videodev: Linux video capture interface: v2.00
2026-04-24T08:05:41,591378-07:00 NFSD: Using nfsdcld client tracking operations.
2026-04-24T08:05:41,591398-07:00 NFSD: no clients to reclaim, skipping NFSv4 grace period (net effffff9)
2026-04-24T08:05:43,240336-07:00 usbcore: registered new interface driver btusb
2026-04-24T08:05:44,303677-07:00 uvcvideo 4-5:1.0: Found UVC 1.00 device Integrated Camera (04f2:b2b9)
2026-04-24T08:05:44,528554-07:00 usbcore: registered new interface driver uvcvideo
2026-04-24T08:05:45,293927-07:00 bridge: filtering via arp/ip/ip6tables is no longer available by default. Update your scripts to load br_netfilter if you need this.
2026-04-24T08:05:45,440373-07:00 Bridge firewalling registered
2026-04-24T08:05:46,032358-07:00 Bluetooth: BNEP (Ethernet Emulation) ver 1.3
2026-04-24T08:05:46,032383-07:00 Bluetooth: BNEP filters: protocol multicast
2026-04-24T08:05:46,032406-07:00 Bluetooth: BNEP socket layer initialized
2026-04-24T08:05:46,129774-07:00 Bluetooth: MGMT ver 1.23
2026-04-24T08:05:46,229563-07:00 Bluetooth: RFCOMM TTY layer initialized
2026-04-24T08:05:46,229601-07:00 Bluetooth: RFCOMM socket layer initialized
2026-04-24T08:05:46,229629-07:00 Bluetooth: RFCOMM ver 1.11
2026-04-24T08:05:47,244001-07:00 Initializing XFRM netlink socket
