2026-04-24T08:04:35,295380-07:00 Linux version 6.18.22-x64v1-xanmod1 (root@runner-5zaukmnig-project-51590166-concurrent-0) (Debian clang version 19.1.7 (3), Debian LLD 19.1.7) #0~20260411.g1d9cd8c SMP PREEMPT_DYNAMIC Sat Apr 11 18:07:48 UTC
2026-04-24T08:04:35,295380-07:00 Command line: BOOT_IMAGE=/boot/vmlinuz-6.18.22-x64v1-xanmod1 root=UUID=1d93df94-f6f2-4289-98ee-774f2f6a4bbd ro quiet processor.max_cstate=1 nowatchdog nmi_watchdog=0 tsc=reliable threadirqs usbhid.mousepoll=1 usbhid.kbpoll=1 radeon.dpm=1 radeon.bapm=0 radeon.runpm=0 radeon.msi=1 radeon.fastfb=1 radeon.audio=0 radeon.pcie_gen2=1 radeon.disp_priority=1 pcie_aspm=force mitigations=off ahci.mobile_lpm_policy=0 zswap.enabled=0 iomem=relaxed transparent_hugepage=madvise drm_kms_helper.poll=0 snd_hda_intel.power_save=0 processor.ignore_ppc=1 radeon.hard_reset=1 radeon.lockup_timeout=10000
2026-04-24T08:04:35,295380-07:00 BIOS-provided physical RAM map:
2026-04-24T08:04:35,295380-07:00 BIOS-e820: [mem 0x0000000000000000-0x000000000008efff] usable
2026-04-24T08:04:35,295380-07:00 BIOS-e820: [mem 0x000000000008f000-0x000000000008ffff] ACPI NVS
2026-04-24T08:04:35,295380-07:00 BIOS-e820: [mem 0x0000000000090000-0x000000000009ffff] usable
2026-04-24T08:04:35,295380-07:00 BIOS-e820: [mem 0x0000000000100000-0x00000000c6ce9fff] usable
2026-04-24T08:04:35,295380-07:00 BIOS-e820: [mem 0x00000000c6cea000-0x00000000c70f9fff] reserved
2026-04-24T08:04:35,295380-07:00 BIOS-e820: [mem 0x00000000c70fa000-0x00000000c7179fff] ACPI NVS
2026-04-24T08:04:35,295380-07:00 BIOS-e820: [mem 0x00000000c717a000-0x00000000c71d9fff] ACPI data
2026-04-24T08:04:35,295380-07:00 BIOS-e820: [mem 0x00000000c71da000-0x00000000c7bfffff] usable
2026-04-24T08:04:35,295380-07:00 BIOS-e820: [mem 0x00000000fed80000-0x00000000fed80fff] reserved
2026-04-24T08:04:35,295380-07:00 BIOS-e820: [mem 0x0000000100000000-0x000000041effffff] usable
2026-04-24T08:04:35,295380-07:00 NX (Execute Disable) protection: active
2026-04-24T08:04:35,295380-07:00 APIC: Static calls initialized
2026-04-24T08:04:35,295380-07:00 efi: EFI v2.0 by Phoenix Technologies Ltd.
2026-04-24T08:04:35,295380-07:00 efi: ACPI=0xc71d9000 ACPI 2.0=0xc71d9014 SMBIOS=0xc70ec000 MOKvar=0xc703d000 INITRD=0xc497d818
2026-04-24T08:04:35,295380-07:00 efi: Not removing mem42: MMIO range=[0xfed80000-0xfed80fff] (4KB) from e820 map
2026-04-24T08:04:35,295380-07:00 SMBIOS 2.6 present.
2026-04-24T08:04:35,295380-07:00 DMI: LENOVO 06222DU/06222DU, BIOS 8RET54WW (1.17 ) 10/24/2012
2026-04-24T08:04:35,295380-07:00 DMI: Memory slots populated: 2/2
2026-04-24T08:04:35,295380-07:00 tsc: Fast TSC calibration using PIT
2026-04-24T08:04:35,295380-07:00 tsc: Detected 1297.252 MHz processor
2026-04-24T08:04:35,297185-07:00 e820: update [mem 0x00000000-0x00000fff] usable ==> reserved
2026-04-24T08:04:35,297194-07:00 e820: remove [mem 0x000a0000-0x000fffff] usable
2026-04-24T08:04:35,297211-07:00 last_pfn = 0x41f000 max_arch_pfn = 0x400000000
2026-04-24T08:04:35,297232-07:00 MTRR map: 9 entries (3 fixed + 6 variable; max 20), built from 9 variable MTRRs
2026-04-24T08:04:35,297238-07:00 x86/PAT: Configuration [0-7]: WB  WC  UC- UC  WB  WP  UC- WT
2026-04-24T08:04:35,297437-07:00 last_pfn = 0xc7c00 max_arch_pfn = 0x400000000
2026-04-24T08:04:35,308448-07:00 Using GB pages for direct mapping
2026-04-24T08:04:35,309155-07:00 Secure boot disabled
2026-04-24T08:04:35,309158-07:00 RAMDISK: [mem 0xb6b6c000-0xc0177fff]
2026-04-24T08:04:35,309175-07:00 ACPI: Early table checksum verification disabled
2026-04-24T08:04:35,309186-07:00 ACPI: RSDP 0x00000000C71D9014 000024 (v04 LENOVO)
2026-04-24T08:04:35,309200-07:00 ACPI: XSDT 0x00000000C71D9120 000074 (v01 LENOVO TP-8R    00000003 PTEC 00000002)
2026-04-24T08:04:35,309217-07:00 ACPI: FACP 0x00000000C71C4000 0000F4 (v04 LENOVO TP-8R    00001170 PTL  00000002)
2026-04-24T08:04:35,309234-07:00 ACPI: DSDT 0x00000000C71C6000 0112E1 (v01 LENOVO TP-8R    00001000 PTEC 00001170)
2026-04-24T08:04:35,309244-07:00 ACPI: FACS 0x00000000C7165000 000040
2026-04-24T08:04:35,309251-07:00 ACPI: FACS 0x00000000C7165000 000040
2026-04-24T08:04:35,309258-07:00 ACPI: SLIC 0x00000000C71D8000 000176 (v01 LENOVO TP-8R    00001170 PTEC 00000001)
2026-04-24T08:04:35,309267-07:00 ACPI: HPET 0x00000000C71C3000 000038 (v01 LENOVO TP-8R    00001170 PTL  00000002)
2026-04-24T08:04:35,309276-07:00 ACPI: APIC 0x00000000C71C2000 00005E (v02 LENOVO TP-8R    00001170 PTL  00000002)
2026-04-24T08:04:35,309284-07:00 ACPI: MCFG 0x00000000C71C1000 00003C (v01 LENOVO TP-8R    00001170 PTL  00000002)
2026-04-24T08:04:35,309293-07:00 ACPI: UEFI 0x00000000C71C0000 00003E (v01 LENOVO TP-8R    00001170 PTL  00000002)
2026-04-24T08:04:35,309301-07:00 ACPI: UEFI 0x00000000C71BF000 000042 (v01 PTL    COMBUF   00000001 PTL  00000001)
2026-04-24T08:04:35,309310-07:00 ACPI: SSDT 0x00000000C71BE000 0003DE (v01 AMD    POWERNOW 00000001 AMD  00000001)
2026-04-24T08:04:35,309319-07:00 ACPI: SSDT 0x00000000C71BC000 00168E (v02 AMD    ALIB     00000001 MSFT 04000000)
2026-04-24T08:04:35,309329-07:00 ACPI: UEFI 0x00000000C71BB000 00013E (v01 LENOVO TP-8R    00001170 PTL  00000002)
2026-04-24T08:04:35,309336-07:00 ACPI: Reserving FACP table memory at [mem 0xc71c4000-0xc71c40f3]
2026-04-24T08:04:35,309341-07:00 ACPI: Reserving DSDT table memory at [mem 0xc71c6000-0xc71d72e0]
2026-04-24T08:04:35,309344-07:00 ACPI: Reserving FACS table memory at [mem 0xc7165000-0xc716503f]
2026-04-24T08:04:35,309347-07:00 ACPI: Reserving FACS table memory at [mem 0xc7165000-0xc716503f]
2026-04-24T08:04:35,309349-07:00 ACPI: Reserving SLIC table memory at [mem 0xc71d8000-0xc71d8175]
2026-04-24T08:04:35,309352-07:00 ACPI: Reserving HPET table memory at [mem 0xc71c3000-0xc71c3037]
2026-04-24T08:04:35,309354-07:00 ACPI: Reserving APIC table memory at [mem 0xc71c2000-0xc71c205d]
2026-04-24T08:04:35,309357-07:00 ACPI: Reserving MCFG table memory at [mem 0xc71c1000-0xc71c103b]
2026-04-24T08:04:35,309360-07:00 ACPI: Reserving UEFI table memory at [mem 0xc71c0000-0xc71c003d]
2026-04-24T08:04:35,309362-07:00 ACPI: Reserving UEFI table memory at [mem 0xc71bf000-0xc71bf041]
2026-04-24T08:04:35,309365-07:00 ACPI: Reserving SSDT table memory at [mem 0xc71be000-0xc71be3dd]
2026-04-24T08:04:35,309367-07:00 ACPI: Reserving SSDT table memory at [mem 0xc71bc000-0xc71bd68d]
2026-04-24T08:04:35,309370-07:00 ACPI: Reserving UEFI table memory at [mem 0xc71bb000-0xc71bb13d]
2026-04-24T08:04:35,309657-07:00 No NUMA configuration found
2026-04-24T08:04:35,309659-07:00 Faking a node at [mem 0x0000000000000000-0x000000041effffff]
2026-04-24T08:04:35,309697-07:00 NODE_DATA(0) allocated [mem 0x41efd3280-0x41effdfff]
2026-04-24T08:04:35,310684-07:00 Zone ranges:
2026-04-24T08:04:35,310687-07:00   DMA      [mem 0x0000000000001000-0x0000000000ffffff]
2026-04-24T08:04:35,310695-07:00   DMA32    [mem 0x0000000001000000-0x00000000ffffffff]
2026-04-24T08:04:35,310699-07:00   Normal   [mem 0x0000000100000000-0x000000041effffff]
2026-04-24T08:04:35,310704-07:00   Device   empty
2026-04-24T08:04:35,310707-07:00 Movable zone start for each node
2026-04-24T08:04:35,310711-07:00 Early memory node ranges
2026-04-24T08:04:35,310713-07:00   node   0: [mem 0x0000000000001000-0x000000000008efff]
2026-04-24T08:04:35,310717-07:00   node   0: [mem 0x0000000000090000-0x000000000009ffff]
2026-04-24T08:04:35,310721-07:00   node   0: [mem 0x0000000000100000-0x00000000c6ce9fff]
2026-04-24T08:04:35,310726-07:00   node   0: [mem 0x00000000c71da000-0x00000000c7bfffff]
2026-04-24T08:04:35,310729-07:00   node   0: [mem 0x0000000100000000-0x000000041effffff]
2026-04-24T08:04:35,310737-07:00 Initmem setup node 0 [mem 0x0000000000001000-0x000000041effffff]
2026-04-24T08:04:35,310761-07:00 On node 0, zone DMA: 1 pages in unavailable ranges
2026-04-24T08:04:35,310765-07:00 On node 0, zone DMA: 1 pages in unavailable ranges
2026-04-24T08:04:35,310928-07:00 On node 0, zone DMA: 96 pages in unavailable ranges
2026-04-24T08:04:35,344872-07:00 On node 0, zone DMA32: 1264 pages in unavailable ranges
2026-04-24T08:04:35,481426-07:00 On node 0, zone Normal: 1024 pages in unavailable ranges
2026-04-24T08:04:35,481580-07:00 On node 0, zone Normal: 4096 pages in unavailable ranges
2026-04-24T08:04:35,481954-07:00 ACPI: PM-Timer IO Port: 0x808
2026-04-24T08:04:35,481979-07:00 ACPI: LAPIC_NMI (acpi_id[0x00] high edge lint[0x1])
2026-04-24T08:04:35,481986-07:00 ACPI: LAPIC_NMI (acpi_id[0x01] high edge lint[0x1])
2026-04-24T08:04:35,482050-07:00 IOAPIC[0]: apic_id 2, version 33, address 0xfec00000, GSI 0-23
2026-04-24T08:04:35,482059-07:00 ACPI: INT_SRC_OVR (bus 0 bus_irq 0 global_irq 2 dfl dfl)
2026-04-24T08:04:35,482073-07:00 ACPI: Using ACPI (MADT) for SMP configuration information
2026-04-24T08:04:35,482077-07:00 ACPI: HPET id: 0x43538210 base: 0xfed00000
2026-04-24T08:04:35,482107-07:00 CPU topo: Max. logical packages:   1
2026-04-24T08:04:35,482110-07:00 CPU topo: Max. logical dies:       1
2026-04-24T08:04:35,482112-07:00 CPU topo: Max. dies per package:   1
2026-04-24T08:04:35,482129-07:00 CPU topo: Max. threads per core:   1
2026-04-24T08:04:35,482132-07:00 CPU topo: Num. cores per package:     2
2026-04-24T08:04:35,482134-07:00 CPU topo: Num. threads per package:   2
2026-04-24T08:04:35,482136-07:00 CPU topo: Allowing 2 present CPUs plus 0 hotplug CPUs
2026-04-24T08:04:35,482169-07:00 PM: hibernation: Registered nosave memory: [mem 0x00000000-0x00000fff]
2026-04-24T08:04:35,482174-07:00 PM: hibernation: Registered nosave memory: [mem 0x0008f000-0x0008ffff]
2026-04-24T08:04:35,482179-07:00 PM: hibernation: Registered nosave memory: [mem 0x000a0000-0x000fffff]
2026-04-24T08:04:35,482184-07:00 PM: hibernation: Registered nosave memory: [mem 0xc6cea000-0xc71d9fff]
2026-04-24T08:04:35,482188-07:00 PM: hibernation: Registered nosave memory: [mem 0xc7c00000-0xffffffff]
2026-04-24T08:04:35,482193-07:00 [mem 0xc7c00000-0xfed7ffff] available for PCI devices
2026-04-24T08:04:35,482199-07:00 Booting paravirtualized kernel on bare hardware
2026-04-24T08:04:35,482204-07:00 clocksource: refined-jiffies: mask: 0xffffffff max_cycles: 0xffffffff, max_idle_ns: 7645519600211568 ns
2026-04-24T08:04:35,501333-07:00 setup_percpu: NR_CPUS:8192 nr_cpumask_bits:2 nr_cpu_ids:2 nr_node_ids:1
2026-04-24T08:04:35,502836-07:00 percpu: Embedded 62 pages/cpu s217088 r8192 d28672 u1048576
2026-04-24T08:04:35,502855-07:00 pcpu-alloc: s217088 r8192 d28672 u1048576 alloc=1*2097152
2026-04-24T08:04:35,502864-07:00 pcpu-alloc: [0] 0 1
2026-04-24T08:04:35,502914-07:00 Kernel command line: BOOT_IMAGE=/boot/vmlinuz-6.18.22-x64v1-xanmod1 root=UUID=1d93df94-f6f2-4289-98ee-774f2f6a4bbd ro quiet processor.max_cstate=1 nowatchdog nmi_watchdog=0 tsc=reliable threadirqs usbhid.mousepoll=1 usbhid.kbpoll=1 radeon.dpm=1 radeon.bapm=0 radeon.runpm=0 radeon.msi=1 radeon.fastfb=1 radeon.audio=0 radeon.pcie_gen2=1 radeon.disp_priority=1 pcie_aspm=force mitigations=off ahci.mobile_lpm_policy=0 zswap.enabled=0 iomem=relaxed transparent_hugepage=madvise drm_kms_helper.poll=0 snd_hda_intel.power_save=0 processor.ignore_ppc=1 radeon.hard_reset=1 radeon.lockup_timeout=10000
2026-04-24T08:04:35,503648-07:00 PCIe ASPM is forcibly enabled
2026-04-24T08:04:35,504014-07:00 printk: log buffer data + meta data: 131072 + 458752 = 589824 bytes
2026-04-24T08:04:35,513241-07:00 Dentry cache hash table entries: 2097152 (order: 12, 16777216 bytes, linear)
2026-04-24T08:04:35,517876-07:00 Inode-cache hash table entries: 1048576 (order: 11, 8388608 bytes, linear)
2026-04-24T08:04:35,517989-07:00 software IO TLB: area num 2.
2026-04-24T08:04:35,592864-07:00 Fallback order for Node 0: 0
2026-04-24T08:04:35,592878-07:00 Built 1 zonelists, mobility grouping on.  Total pages: 4089518
2026-04-24T08:04:35,592883-07:00 Policy zone: Normal
2026-04-24T08:04:35,594217-07:00 mem auto-init: stack:all(zero), heap alloc:on, heap free:off
2026-04-24T08:04:35,867777-07:00 SLUB: HWalign=64, Order=0-3, MinObjects=0, CPUs=2, Nodes=1
2026-04-24T08:04:35,870092-07:00 ftrace: allocating 56667 entries in 222 pages
2026-04-24T08:04:35,870107-07:00 ftrace: allocated 222 pages with 6 groups
2026-04-24T08:04:35,872119-07:00 Dynamic Preempt: lazy
2026-04-24T08:04:35,872430-07:00 rcu: Preemptible hierarchical RCU implementation.
2026-04-24T08:04:35,872433-07:00 rcu: 	RCU restricting CPUs from NR_CPUS=8192 to nr_cpu_ids=2.
2026-04-24T08:04:35,872437-07:00 rcu: 	RCU priority boosting: priority 1 delay 0 ms.
2026-04-24T08:04:35,872441-07:00 	Trampoline variant of Tasks RCU enabled.
2026-04-24T08:04:35,872442-07:00 	Rude variant of Tasks RCU enabled.
2026-04-24T08:04:35,872444-07:00 	Tracing variant of Tasks RCU enabled.
2026-04-24T08:04:35,872446-07:00 rcu: RCU calculated value of scheduler-enlistment delay is 25 jiffies.
2026-04-24T08:04:35,872449-07:00 rcu: Adjusting geometry for rcu_fanout_leaf=16, nr_cpu_ids=2
2026-04-24T08:04:35,872476-07:00 RCU Tasks: Setting shift to 1 and lim to 1 rcu_task_cb_adjust=1 rcu_task_cpu_ids=2.
2026-04-24T08:04:35,872481-07:00 RCU Tasks Rude: Setting shift to 1 and lim to 1 rcu_task_cb_adjust=1 rcu_task_cpu_ids=2.
2026-04-24T08:04:35,872486-07:00 RCU Tasks Trace: Setting shift to 1 and lim to 1 rcu_task_cb_adjust=1 rcu_task_cpu_ids=2.
2026-04-24T08:04:35,890884-07:00 NR_IRQS: 524544, nr_irqs: 440, preallocated irqs: 16
2026-04-24T08:04:35,891454-07:00 rcu: srcu_init: Setting srcu_struct sizes based on contention.
2026-04-24T08:04:35,892998-07:00 kfence: initialized - using 2097152 bytes for 255 objects at 0x(____ptrval____)-0x(____ptrval____)
2026-04-24T08:04:35,893230-07:00 Console: colour dummy device 80x25
2026-04-24T08:04:35,893240-07:00 printk: legacy console [tty0] enabled
2026-04-24T08:04:35,893826-07:00 ACPI: Core revision 20250807
2026-04-24T08:04:35,894553-07:00 clocksource: hpet: mask: 0xffffffff max_cycles: 0xffffffff, max_idle_ns: 133484873504 ns
2026-04-24T08:04:35,894591-07:00 APIC: Switch to symmetric I/O mode setup
2026-04-24T08:04:35,895098-07:00 ..TIMER: vector=0x30 apic1=0 pin1=2 apic2=-1 pin2=-1
2026-04-24T08:04:35,914636-07:00 clocksource: tsc-early: mask: 0xffffffffffffffff max_cycles: 0x12b2fa1b427, max_idle_ns: 440795256637 ns
2026-04-24T08:04:35,914655-07:00 Calibrating delay loop (skipped), value calculated using timer frequency.. 2594.50 BogoMIPS (lpj=5189008)
2026-04-24T08:04:35,914760-07:00 Last level iTLB entries: 4KB 512, 2MB 8, 4MB 4
2026-04-24T08:04:35,914766-07:00 Last level dTLB entries: 4KB 512, 2MB 8, 4MB 4, 1GB 0
2026-04-24T08:04:35,914787-07:00 mitigations: Enabled attack vectors: SMT mitigations: off
2026-04-24T08:04:35,914797-07:00 Speculative Store Bypass: Vulnerable
2026-04-24T08:04:35,914803-07:00 Spectre V2 : Vulnerable
2026-04-24T08:04:35,914808-07:00 Spectre V1 : Vulnerable: __user pointer sanitization and usercopy barriers only; no swapgs barriers
2026-04-24T08:04:35,914822-07:00 x86/fpu: x87 FPU will use FXSAVE
2026-04-24T08:04:35,979171-07:00 Freeing SMP alternatives memory: 60K
2026-04-24T08:04:35,979203-07:00 pid_max: default: 32768 minimum: 301
2026-04-24T08:04:35,980592-07:00 LSM: initializing lsm=capability,landlock,lockdown,yama,bpf
2026-04-24T08:04:35,982369-07:00 landlock: Up and running.
2026-04-24T08:04:35,982378-07:00 Yama: becoming mindful.
2026-04-24T08:04:35,982909-07:00 LSM support for eBPF active
2026-04-24T08:04:35,983601-07:00 Mount-cache hash table entries: 32768 (order: 6, 262144 bytes, linear)
2026-04-24T08:04:35,983752-07:00 Mountpoint-cache hash table entries: 32768 (order: 6, 262144 bytes, linear)
2026-04-24T08:04:36,099893-07:00 smpboot: CPU0: AMD E-300 APU with Radeon(tm) HD Graphics (family: 0x14, model: 0x2, stepping: 0x0)
2026-04-24T08:04:36,101132-07:00 Performance Events: AMD PMU driver.
2026-04-24T08:04:36,101157-07:00 ... version:                   0
2026-04-24T08:04:36,101161-07:00 ... bit width:                 48
2026-04-24T08:04:36,101165-07:00 ... generic counters:          4
2026-04-24T08:04:36,101168-07:00 ... generic bitmap:            000000000000000f
2026-04-24T08:04:36,101172-07:00 ... fixed-purpose counters:    0
2026-04-24T08:04:36,101175-07:00 ... fixed-purpose bitmap:      0000000000000000
2026-04-24T08:04:36,101178-07:00 ... value mask:                0000ffffffffffff
2026-04-24T08:04:36,101181-07:00 ... max period:                00007fffffffffff
2026-04-24T08:04:36,101184-07:00 ... global_ctrl mask:          000000000000000f
2026-04-24T08:04:36,101523-07:00 signal: max sigframe size: 1440
2026-04-24T08:04:36,101865-07:00 rcu: Hierarchical SRCU implementation.
2026-04-24T08:04:36,101873-07:00 rcu: 	Max phase no-delay instances is 1000.
2026-04-24T08:04:36,102270-07:00 Timer migration: 1 hierarchy levels; 8 children per group; 1 crossnode level
2026-04-24T08:04:36,102645-07:00 MCE: In-kernel MCE decoding enabled.
2026-04-24T08:04:36,102645-07:00 smp: Bringing up secondary CPUs ...
2026-04-24T08:04:36,102989-07:00 smpboot: x86: Booting SMP configuration:
2026-04-24T08:04:36,103003-07:00 .... node  #0, CPUs:      #1
2026-04-24T08:04:35,302490-07:00 No irq handler for 1.55
2026-04-24T08:04:36,114785-07:00 smp: Brought up 1 node, 2 CPUs
2026-04-24T08:04:36,114785-07:00 smpboot: Total of 2 processors activated (5189.00 BogoMIPS)
2026-04-24T08:04:36,115316-07:00 Memory: 15749168K/16358072K available (19609K kernel code, 2815K rwdata, 14476K rodata, 3472K init, 4060K bss, 602388K reserved, 0K cma-reserved)
2026-04-24T08:04:36,115338-07:00 le9 Unofficial (le9uo) working set protection 1.15 by Masahito Suzuki (forked from hakavlad's original le9 patch)
2026-04-24T08:04:36,117262-07:00 devtmpfs: initialized
2026-04-24T08:04:36,117262-07:00 x86/mm: Memory block size: 128MB
2026-04-24T08:04:36,125176-07:00 ACPI: PM: Registering ACPI NVS region [mem 0x0008f000-0x0008ffff] (4096 bytes)
2026-04-24T08:04:36,125176-07:00 ACPI: PM: Registering ACPI NVS region [mem 0xc70fa000-0xc7179fff] (524288 bytes)
2026-04-24T08:04:36,126911-07:00 clocksource: jiffies: mask: 0xffffffff max_cycles: 0xffffffff, max_idle_ns: 7645041785100000 ns
2026-04-24T08:04:36,126959-07:00 posixtimers hash table entries: 1024 (order: 2, 16384 bytes, linear)
2026-04-24T08:04:36,126990-07:00 futex hash table entries: 512 (32768 bytes on 1 NUMA nodes, total 32 KiB, linear).
2026-04-24T08:04:36,128452-07:00 pinctrl core: initialized pinctrl subsystem
2026-04-24T08:04:36,128910-07:00 PM: RTC time: 15:04:36, date: 2026-04-24
2026-04-24T08:04:36,133120-07:00 NET: Registered PF_NETLINK/PF_ROUTE protocol family
2026-04-24T08:04:36,135282-07:00 DMA: preallocated 2048 KiB GFP_KERNEL pool for atomic allocations
2026-04-24T08:04:36,136512-07:00 DMA: preallocated 2048 KiB GFP_KERNEL|GFP_DMA pool for atomic allocations
2026-04-24T08:04:36,137737-07:00 DMA: preallocated 2048 KiB GFP_KERNEL|GFP_DMA32 pool for atomic allocations
2026-04-24T08:04:36,137805-07:00 audit: initializing netlink subsys (disabled)
2026-04-24T08:04:36,138066-07:00 audit: type=2000 audit(1777043076.240:1): state=initialized audit_enabled=0 res=1
2026-04-24T08:04:36,138898-07:00 thermal_sys: Registered thermal governor 'fair_share'
2026-04-24T08:04:36,138912-07:00 thermal_sys: Registered thermal governor 'bang_bang'
2026-04-24T08:04:36,138916-07:00 thermal_sys: Registered thermal governor 'step_wise'
2026-04-24T08:04:36,138919-07:00 thermal_sys: Registered thermal governor 'user_space'
2026-04-24T08:04:36,138922-07:00 thermal_sys: Registered thermal governor 'power_allocator'
2026-04-24T08:04:36,138972-07:00 cpuidle: using governor ladder
2026-04-24T08:04:36,138972-07:00 cpuidle: using governor menu
2026-04-24T08:04:36,151148-07:00 efi: Freeing EFI boot services memory: 44780K
2026-04-24T08:04:36,151192-07:00 acpiphp: ACPI Hot Plug PCI Controller Driver version: 0.5
2026-04-24T08:04:36,152248-07:00 PCI: ECAM [mem 0xf8000000-0xf9ffffff] (base 0xf8000000) for domain 0000 [bus 00-1f]
2026-04-24T08:04:36,152270-07:00 PCI: not using ECAM ([mem 0xf8000000-0xf9ffffff] not reserved)
2026-04-24T08:04:36,152276-07:00 PCI: Using configuration type 1 for base access
2026-04-24T08:04:36,152279-07:00 PCI: Using configuration type 1 for extended access
2026-04-24T08:04:36,152996-07:00 kprobes: kprobe jump-optimization is enabled. All kprobes are optimized if possible.
2026-04-24T08:04:36,174759-07:00 HugeTLB: registered 1.00 GiB page size, pre-allocated 0 pages
2026-04-24T08:04:36,174775-07:00 HugeTLB: 16380 KiB vmemmap can be freed for a 1.00 GiB page
2026-04-24T08:04:36,174781-07:00 HugeTLB: registered 2.00 MiB page size, pre-allocated 0 pages
2026-04-24T08:04:36,174784-07:00 HugeTLB: 28 KiB vmemmap can be freed for a 2.00 MiB page
2026-04-24T08:04:36,211144-07:00 raid6: skipped pq benchmark and selected sse2x4
2026-04-24T08:04:36,211159-07:00 raid6: using ssse3x2 recovery algorithm
2026-04-24T08:04:36,211548-07:00 fbcon: Taking over console
2026-04-24T08:04:36,211640-07:00 ACPI: Added _OSI(Module Device)
2026-04-24T08:04:36,211645-07:00 ACPI: Added _OSI(Processor Device)
2026-04-24T08:04:36,211649-07:00 ACPI: Added _OSI(Processor Aggregator Device)
2026-04-24T08:04:36,267867-07:00 ACPI: 3 ACPI AML tables successfully acquired and loaded
2026-04-24T08:04:36,280555-07:00 ACPI: [Firmware Bug]: BIOS _OSI(Linux) query ignored
2026-04-24T08:04:36,287971-07:00 ACPI: EC: EC started
2026-04-24T08:04:36,287985-07:00 ACPI: EC: interrupt blocked
2026-04-24T08:04:36,291630-07:00 ACPI: EC: EC_CMD/EC_SC=0x66, EC_DATA=0x62
2026-04-24T08:04:36,291641-07:00 ACPI: \_SB_.PCI0.LPC0.EC__: Boot DSDT EC used to handle transactions
2026-04-24T08:04:36,291648-07:00 ACPI: Interpreter enabled
2026-04-24T08:04:36,291701-07:00 ACPI: PM: (supports S0 S3 S4 S5)
2026-04-24T08:04:36,291706-07:00 ACPI: Using IOAPIC for interrupt routing
2026-04-24T08:04:36,294059-07:00 PCI: ECAM [mem 0xf8000000-0xf9ffffff] (base 0xf8000000) for domain 0000 [bus 00-1f]
2026-04-24T08:04:36,295099-07:00 PCI: ECAM [mem 0xf8000000-0xf9ffffff] reserved as ACPI motherboard resource
2026-04-24T08:04:36,295140-07:00 PCI: Using host bridge windows from ACPI; if necessary, use "pci=nocrs" and report a bug
2026-04-24T08:04:36,295145-07:00 PCI: Using E820 reservations for host bridge windows
2026-04-24T08:04:36,295803-07:00 ACPI: Enabled 4 GPEs in block 00 to 1F
2026-04-24T08:04:36,323602-07:00 ACPI: PCI Root Bridge [PCI0] (domain 0000 [bus 00-ff])
2026-04-24T08:04:36,323637-07:00 acpi PNP0A08:00: _OSC: OS supports [ExtendedConfig ASPM ClockPM Segments MSI EDR HPX-Type3]
2026-04-24T08:04:36,324112-07:00 acpi PNP0A08:00: _OSC: platform does not support [SHPCHotplug LTR DPC]
2026-04-24T08:04:36,324942-07:00 acpi PNP0A08:00: _OSC: OS now controls [PCIeHotplug PME AER PCIeCapability]
2026-04-24T08:04:36,324973-07:00 acpi PNP0A08:00: [Firmware Info]: ECAM [mem 0xf8000000-0xf9ffffff] for domain 0000 [bus 00-1f] only partially covers this bridge
2026-04-24T08:04:36,327182-07:00 acpi PNP0A08:00: ignoring host bridge window [mem 0x000ce000-0x000cffff window] (conflicts with Video ROM [mem 0x000c0000-0x000ce5ff])
2026-04-24T08:04:36,328159-07:00 PCI host bridge to bus 0000:00
2026-04-24T08:04:36,328181-07:00 pci_bus 0000:00: root bus resource [mem 0x000a0000-0x000cdfff window]
2026-04-24T08:04:36,328192-07:00 pci_bus 0000:00: root bus resource [mem 0x000d0000-0x000effff window]
2026-04-24T08:04:36,328198-07:00 pci_bus 0000:00: root bus resource [mem 0xe0000000-0xffffffff window]
2026-04-24T08:04:36,328204-07:00 pci_bus 0000:00: root bus resource [io  0x0000-0x0cf7 window]
2026-04-24T08:04:36,328209-07:00 pci_bus 0000:00: root bus resource [io  0x0d00-0xffff window]
2026-04-24T08:04:36,328216-07:00 pci_bus 0000:00: root bus resource [bus 00-ff]
2026-04-24T08:04:36,328254-07:00 pci 0000:00:00.0: [1022:1510] type 00 class 0x060000 conventional PCI endpoint
2026-04-24T08:04:36,328497-07:00 pci 0000:00:01.0: [1002:9802] type 00 class 0x030000 PCIe Root Complex Integrated Endpoint
2026-04-24T08:04:36,328541-07:00 pci 0000:00:01.0: BAR 0 [mem 0xe0000000-0xefffffff pref]
2026-04-24T08:04:36,328549-07:00 pci 0000:00:01.0: BAR 1 [io  0x4000-0x40ff]
2026-04-24T08:04:36,328556-07:00 pci 0000:00:01.0: BAR 2 [mem 0xf0300000-0xf033ffff]
2026-04-24T08:04:36,328572-07:00 pci 0000:00:01.0: enabling Extended Tags
2026-04-24T08:04:36,328604-07:00 pci 0000:00:01.0: Video device with shadowed ROM at [mem 0x000c0000-0x000dffff]
2026-04-24T08:04:36,328641-07:00 pci 0000:00:01.0: supports D1 D2
2026-04-24T08:04:36,328917-07:00 pci 0000:00:01.1: [1002:1314] type 00 class 0x040300 PCIe Root Complex Integrated Endpoint
2026-04-24T08:04:36,328960-07:00 pci 0000:00:01.1: BAR 0 [mem 0xf0344000-0xf0347fff]
2026-04-24T08:04:36,328977-07:00 pci 0000:00:01.1: enabling Extended Tags
2026-04-24T08:04:36,329029-07:00 pci 0000:00:01.1: supports D1 D2
2026-04-24T08:04:36,329233-07:00 pci 0000:00:05.0: [1022:1513] type 01 class 0x060400 PCIe Root Port
2026-04-24T08:04:36,329265-07:00 pci 0000:00:05.0: PCI bridge to [bus 01]
2026-04-24T08:04:36,329277-07:00 pci 0000:00:05.0:   bridge window [io  0x3000-0x3fff]
2026-04-24T08:04:36,329284-07:00 pci 0000:00:05.0:   bridge window [mem 0xf0200000-0xf02fffff]
2026-04-24T08:04:36,329309-07:00 pci 0000:00:05.0: enabling Extended Tags
2026-04-24T08:04:36,329378-07:00 pci 0000:00:05.0: PME# supported from D0 D3hot D3cold
2026-04-24T08:04:36,329680-07:00 pci 0000:00:06.0: [1022:1514] type 01 class 0x060400 PCIe Root Port
2026-04-24T08:04:36,329711-07:00 pci 0000:00:06.0: PCI bridge to [bus 02]
2026-04-24T08:04:36,329721-07:00 pci 0000:00:06.0:   bridge window [io  0x2000-0x2fff]
2026-04-24T08:04:36,329728-07:00 pci 0000:00:06.0:   bridge window [mem 0xf0100000-0xf01fffff]
2026-04-24T08:04:36,329752-07:00 pci 0000:00:06.0: enabling Extended Tags
2026-04-24T08:04:36,329817-07:00 pci 0000:00:06.0: PME# supported from D0 D3hot D3cold
2026-04-24T08:04:36,330096-07:00 pci 0000:00:07.0: [1022:1515] type 01 class 0x060400 PCIe Root Port
2026-04-24T08:04:36,330128-07:00 pci 0000:00:07.0: PCI bridge to [bus 03]
2026-04-24T08:04:36,330140-07:00 pci 0000:00:07.0:   bridge window [mem 0xf0000000-0xf00fffff]
2026-04-24T08:04:36,330164-07:00 pci 0000:00:07.0: enabling Extended Tags
2026-04-24T08:04:36,330232-07:00 pci 0000:00:07.0: PME# supported from D0 D3hot D3cold
2026-04-24T08:04:36,330582-07:00 pci 0000:00:11.0: [1002:4391] type 00 class 0x010601 conventional PCI endpoint
2026-04-24T08:04:36,330662-07:00 pci 0000:00:11.0: BAR 0 [io  0x4118-0x411f]
2026-04-24T08:04:36,330670-07:00 pci 0000:00:11.0: BAR 1 [io  0x4124-0x4127]
2026-04-24T08:04:36,330677-07:00 pci 0000:00:11.0: BAR 2 [io  0x4110-0x4117]
2026-04-24T08:04:36,330684-07:00 pci 0000:00:11.0: BAR 3 [io  0x4120-0x4123]
2026-04-24T08:04:36,330690-07:00 pci 0000:00:11.0: BAR 4 [io  0x4100-0x410f]
2026-04-24T08:04:36,330697-07:00 pci 0000:00:11.0: BAR 5 [mem 0xf034a000-0xf034a3ff]
2026-04-24T08:04:36,331090-07:00 pci 0000:00:12.0: [1002:4397] type 00 class 0x0c0310 conventional PCI endpoint
2026-04-24T08:04:36,331154-07:00 pci 0000:00:12.0: BAR 0 [mem 0xf0349000-0xf0349fff]
2026-04-24T08:04:36,331531-07:00 pci 0000:00:12.2: [1002:4396] type 00 class 0x0c0320 conventional PCI endpoint
2026-04-24T08:04:36,331595-07:00 pci 0000:00:12.2: BAR 0 [mem 0xf034a500-0xf034a5ff]
2026-04-24T08:04:36,331664-07:00 pci 0000:00:12.2: supports D1 D2
2026-04-24T08:04:36,331669-07:00 pci 0000:00:12.2: PME# supported from D0 D1 D2 D3hot
2026-04-24T08:04:36,331989-07:00 pci 0000:00:13.0: [1002:4397] type 00 class 0x0c0310 conventional PCI endpoint
2026-04-24T08:04:36,332053-07:00 pci 0000:00:13.0: BAR 0 [mem 0xf0348000-0xf0348fff]
2026-04-24T08:04:36,332374-07:00 pci 0000:00:13.2: [1002:4396] type 00 class 0x0c0320 conventional PCI endpoint
2026-04-24T08:04:36,332437-07:00 pci 0000:00:13.2: BAR 0 [mem 0xf034a400-0xf034a4ff]
2026-04-24T08:04:36,332506-07:00 pci 0000:00:13.2: supports D1 D2
2026-04-24T08:04:36,332511-07:00 pci 0000:00:13.2: PME# supported from D0 D1 D2 D3hot
2026-04-24T08:04:36,332830-07:00 pci 0000:00:14.0: [1002:4385] type 00 class 0x0c0500 conventional PCI endpoint
2026-04-24T08:04:36,333221-07:00 pci 0000:00:14.2: [1002:4383] type 00 class 0x040300 conventional PCI endpoint
2026-04-24T08:04:36,333286-07:00 pci 0000:00:14.2: BAR 0 [mem 0xf0340000-0xf0343fff 64bit]
2026-04-24T08:04:36,333347-07:00 pci 0000:00:14.2: PME# supported from D0 D3hot D3cold
2026-04-24T08:04:36,333638-07:00 pci 0000:00:14.3: [1002:439d] type 00 class 0x060100 conventional PCI endpoint
2026-04-24T08:04:36,334093-07:00 pci 0000:00:14.4: [1002:4384] type 01 class 0x060401 conventional PCI bridge
2026-04-24T08:04:36,334137-07:00 pci 0000:00:14.4: PCI bridge to [bus 04] (subtractive decode)
2026-04-24T08:04:36,334470-07:00 pci 0000:00:18.0: [1022:1700] type 00 class 0x060000 conventional PCI endpoint
2026-04-24T08:04:36,334816-07:00 pci 0000:00:18.1: [1022:1701] type 00 class 0x060000 conventional PCI endpoint
2026-04-24T08:04:36,334998-07:00 pci 0000:00:18.2: [1022:1702] type 00 class 0x060000 conventional PCI endpoint
2026-04-24T08:04:36,335178-07:00 pci 0000:00:18.3: [1022:1703] type 00 class 0x060000 conventional PCI endpoint
2026-04-24T08:04:36,335356-07:00 pci 0000:00:18.4: [1022:1704] type 00 class 0x060000 conventional PCI endpoint
2026-04-24T08:04:36,335521-07:00 pci 0000:00:18.5: [1022:1718] type 00 class 0x060000 conventional PCI endpoint
2026-04-24T08:04:36,335686-07:00 pci 0000:00:18.6: [1022:1716] type 00 class 0x060000 conventional PCI endpoint
2026-04-24T08:04:36,335862-07:00 pci 0000:00:18.7: [1022:1719] type 00 class 0x060000 conventional PCI endpoint
2026-04-24T08:04:36,336235-07:00 pci 0000:01:00.0: [10ec:8176] type 00 class 0x028000 PCIe Endpoint
2026-04-24T08:04:36,336310-07:00 pci 0000:01:00.0: BAR 0 [io  0x3000-0x30ff]
2026-04-24T08:04:36,336321-07:00 pci 0000:01:00.0: BAR 2 [mem 0xf0200000-0xf0203fff 64bit]
2026-04-24T08:04:36,336450-07:00 pci 0000:01:00.0: supports D1 D2
2026-04-24T08:04:36,336455-07:00 pci 0000:01:00.0: PME# supported from D0 D1 D2 D3hot D3cold
2026-04-24T08:04:36,342747-07:00 pci 0000:00:05.0: PCI bridge to [bus 01]
2026-04-24T08:04:36,343039-07:00 pci 0000:02:00.0: [1969:1083] type 00 class 0x020000 PCIe Endpoint
2026-04-24T08:04:36,343112-07:00 pci 0000:02:00.0: BAR 0 [mem 0xf0100000-0xf013ffff 64bit]
2026-04-24T08:04:36,343122-07:00 pci 0000:02:00.0: BAR 2 [io  0x2000-0x207f]
2026-04-24T08:04:36,343180-07:00 pci 0000:02:00.0: [Firmware Bug]: disabling VPD access (can't determine size of non-standard VPD format)
2026-04-24T08:04:36,343253-07:00 pci 0000:02:00.0: PME# supported from D0 D1 D2 D3hot D3cold
2026-04-24T08:04:36,350742-07:00 pci 0000:00:06.0: PCI bridge to [bus 02]
2026-04-24T08:04:36,351009-07:00 pci 0000:03:00.0: [10ec:5209] type 00 class 0xff0000 PCIe Endpoint
2026-04-24T08:04:36,351083-07:00 pci 0000:03:00.0: BAR 0 [mem 0xf0000000-0xf0000fff]
2026-04-24T08:04:36,351100-07:00 pci 0000:03:00.0: ROM [mem 0xffff0000-0xffffffff pref]
2026-04-24T08:04:36,351219-07:00 pci 0000:03:00.0: supports D1 D2
2026-04-24T08:04:36,351225-07:00 pci 0000:03:00.0: PME# supported from D1 D2 D3hot
2026-04-24T08:04:36,358760-07:00 pci 0000:00:07.0: PCI bridge to [bus 03]
2026-04-24T08:04:36,358872-07:00 pci_bus 0000:04: extended config space not accessible
2026-04-24T08:04:36,359098-07:00 pci 0000:00:14.4: PCI bridge to [bus 04] (subtractive decode)
2026-04-24T08:04:36,359117-07:00 pci 0000:00:14.4:   bridge window [mem 0x000a0000-0x000cdfff window] (subtractive decode)
2026-04-24T08:04:36,359124-07:00 pci 0000:00:14.4:   bridge window [mem 0x000d0000-0x000effff window] (subtractive decode)
2026-04-24T08:04:36,359130-07:00 pci 0000:00:14.4:   bridge window [mem 0xe0000000-0xffffffff window] (subtractive decode)
2026-04-24T08:04:36,359136-07:00 pci 0000:00:14.4:   bridge window [io  0x0000-0x0cf7 window] (subtractive decode)
2026-04-24T08:04:36,359142-07:00 pci 0000:00:14.4:   bridge window [io  0x0d00-0xffff window] (subtractive decode)
2026-04-24T08:04:36,361964-07:00 ACPI: PCI: Interrupt link LNKA configured for IRQ 0
2026-04-24T08:04:36,362772-07:00 ACPI: PCI: Interrupt link LNKB configured for IRQ 0
2026-04-24T08:04:36,363158-07:00 ACPI: PCI: Interrupt link LNKC configured for IRQ 0
2026-04-24T08:04:36,363541-07:00 ACPI: PCI: Interrupt link LNKD configured for IRQ 0
2026-04-24T08:04:36,363877-07:00 ACPI: PCI: Interrupt link LNKE configured for IRQ 0
2026-04-24T08:04:36,364165-07:00 ACPI: PCI: Interrupt link LNKF configured for IRQ 0
2026-04-24T08:04:36,364452-07:00 ACPI: PCI: Interrupt link LNKG configured for IRQ 0
2026-04-24T08:04:36,364739-07:00 ACPI: PCI: Interrupt link LNKH configured for IRQ 0
2026-04-24T08:04:36,367391-07:00 ACPI: EC: interrupt unblocked
2026-04-24T08:04:36,367401-07:00 ACPI: EC: event unblocked
2026-04-24T08:04:36,367406-07:00 ACPI: EC: EC_CMD/EC_SC=0x66, EC_DATA=0x62
2026-04-24T08:04:36,367411-07:00 ACPI: EC: GPE=0x3
2026-04-24T08:04:36,367418-07:00 ACPI: \_SB_.PCI0.LPC0.EC__: Boot DSDT EC initialization complete
2026-04-24T08:04:36,367424-07:00 ACPI: \_SB_.PCI0.LPC0.EC__: EC: Used to handle transactions and events
2026-04-24T08:04:36,367831-07:00 iommu: Default domain type: Translated
2026-04-24T08:04:36,367831-07:00 iommu: DMA domain TLB invalidation policy: lazy mode
2026-04-24T08:04:36,367831-07:00 SCSI subsystem initialized
2026-04-24T08:04:36,367831-07:00 libata version 3.00 loaded.
2026-04-24T08:04:36,367831-07:00 ACPI: bus type USB registered
2026-04-24T08:04:36,367831-07:00 usbcore: registered new interface driver usbfs
2026-04-24T08:04:36,367831-07:00 usbcore: registered new interface driver hub
2026-04-24T08:04:36,367831-07:00 usbcore: registered new device driver usb
2026-04-24T08:04:36,367831-07:00 EDAC MC: Ver: 3.0.0
2026-04-24T08:04:36,370943-07:00 efivars: Registered efivars operations
2026-04-24T08:04:36,371536-07:00 NetLabel: Initializing
2026-04-24T08:04:36,371550-07:00 NetLabel:  domain hash size = 128
2026-04-24T08:04:36,371554-07:00 NetLabel:  protocols = UNLABELED CIPSOv4 CALIPSO
2026-04-24T08:04:36,371597-07:00 NetLabel:  unlabeled traffic allowed by default
2026-04-24T08:04:36,371610-07:00 mctp: management component transport protocol core
2026-04-24T08:04:36,371614-07:00 NET: Registered PF_MCTP protocol family
2026-04-24T08:04:36,371660-07:00 PCI: Using ACPI for IRQ routing
2026-04-24T08:04:36,372937-07:00 PCI: pci_cache_line_size set to 64 bytes
2026-04-24T08:04:36,373042-07:00 e820: reserve RAM buffer [mem 0x0008f000-0x0008ffff]
2026-04-24T08:04:36,373050-07:00 e820: reserve RAM buffer [mem 0xc6cea000-0xc7ffffff]
2026-04-24T08:04:36,373055-07:00 e820: reserve RAM buffer [mem 0xc7c00000-0xc7ffffff]
2026-04-24T08:04:36,373059-07:00 e820: reserve RAM buffer [mem 0x41f000000-0x41fffffff]
2026-04-24T08:04:36,373225-07:00 pci 0000:00:01.0: vgaarb: setting as boot VGA device
2026-04-24T08:04:36,373225-07:00 pci 0000:00:01.0: vgaarb: bridge control possible
2026-04-24T08:04:36,373225-07:00 pci 0000:00:01.0: vgaarb: VGA device added: decodes=io+mem,owns=io+mem,locks=none
2026-04-24T08:04:36,373225-07:00 vgaarb: loaded
2026-04-24T08:04:36,375301-07:00 hpet0: at MMIO 0xfed00000, IRQs 2, 8, 0
2026-04-24T08:04:36,375327-07:00 hpet0: 3 comparators, 32-bit 14.318180 MHz counter
2026-04-24T08:04:36,377384-07:00 amd_nb: x86/cpu/AMD: CPU erratum 688 worked around
2026-04-24T08:04:36,377734-07:00 clocksource: Switched to clocksource tsc-early
2026-04-24T08:04:36,379665-07:00 VFS: Disk quotas dquot_6.6.0
2026-04-24T08:04:36,379816-07:00 VFS: Dquot-cache hash table entries: 512 (order 0, 4096 bytes)
2026-04-24T08:04:36,380986-07:00 pnp: PnP ACPI init
2026-04-24T08:04:36,381611-07:00 system 00:00: [io  0x0f50-0x0f51] has been reserved
2026-04-24T08:04:36,381628-07:00 system 00:00: [mem 0xfec00000-0xfec00fff] could not be reserved
2026-04-24T08:04:36,381637-07:00 system 00:00: [mem 0xfee00000-0xfee00fff] has been reserved
2026-04-24T08:04:36,381644-07:00 system 00:00: [mem 0xf8000000-0xf9ffffff] has been reserved
2026-04-24T08:04:36,384661-07:00 system 00:04: [io  0x04d0-0x04d1] has been reserved
2026-04-24T08:04:36,384675-07:00 system 00:04: [io  0x0530-0x0537] has been reserved
2026-04-24T08:04:36,384682-07:00 system 00:04: [io  0x0800-0x0827] has been reserved
2026-04-24T08:04:36,384688-07:00 system 00:04: [io  0x0830] has been reserved
2026-04-24T08:04:36,384695-07:00 system 00:04: [io  0x0840-0x0847] has been reserved
2026-04-24T08:04:36,384720-07:00 system 00:04: [io  0x0b00-0x0b1f] has been reserved
2026-04-24T08:04:36,384728-07:00 system 00:04: [io  0x0b20-0x0b3f] has been reserved
2026-04-24T08:04:36,384734-07:00 system 00:04: [io  0x0c00-0x0c01] has been reserved
2026-04-24T08:04:36,384740-07:00 system 00:04: [io  0x0c14] has been reserved
2026-04-24T08:04:36,384746-07:00 system 00:04: [io  0x0c50-0x0c52] has been reserved
2026-04-24T08:04:36,384752-07:00 system 00:04: [io  0x0cd0-0x0cd1] has been reserved
2026-04-24T08:04:36,384758-07:00 system 00:04: [io  0x0cd2-0x0cd3] has been reserved
2026-04-24T08:04:36,384764-07:00 system 00:04: [io  0x0cd4-0x0cd5] has been reserved
2026-04-24T08:04:36,384770-07:00 system 00:04: [io  0x0cd6-0x0cd7] has been reserved
2026-04-24T08:04:36,384775-07:00 system 00:04: [io  0x0cd8-0x0cdf] has been reserved
2026-04-24T08:04:36,384782-07:00 system 00:04: [io  0x0cf9] could not be reserved
2026-04-24T08:04:36,384788-07:00 system 00:04: [io  0x8100-0x81ff window] has been reserved
2026-04-24T08:04:36,384795-07:00 system 00:04: [io  0x8200-0x82ff window] has been reserved
2026-04-24T08:04:36,385327-07:00 system 00:05: [mem 0x000e0000-0x000fffff] could not be reserved
2026-04-24T08:04:36,385341-07:00 system 00:05: [mem 0xffe00000-0xffffffff] has been reserved
2026-04-24T08:04:36,385347-07:00 system 00:05: [mem 0xfec10000-0xfec1001f] has been reserved
2026-04-24T08:04:36,385354-07:00 system 00:05: [mem 0xfed00000-0xfed003ff] has been reserved
2026-04-24T08:04:36,385360-07:00 system 00:05: [mem 0xfed61000-0xfed613ff] has been reserved
2026-04-24T08:04:36,385367-07:00 system 00:05: [mem 0xfed80000-0xfed80fff] has been reserved
2026-04-24T08:04:36,386287-07:00 pnp: PnP ACPI: found 6 devices
2026-04-24T08:04:36,403642-07:00 clocksource: acpi_pm: mask: 0xffffff max_cycles: 0xffffff, max_idle_ns: 2085701024 ns
2026-04-24T08:04:36,404395-07:00 NET: Registered PF_INET protocol family
2026-04-24T08:04:36,405683-07:00 IP idents hash table entries: 262144 (order: 9, 2097152 bytes, linear)
2026-04-24T08:04:36,462307-07:00 tcp_listen_portaddr_hash hash table entries: 8192 (order: 5, 131072 bytes, linear)
2026-04-24T08:04:36,464143-07:00 Table-perturb hash table entries: 65536 (order: 6, 262144 bytes, linear)
2026-04-24T08:04:36,464808-07:00 TCP established hash table entries: 131072 (order: 8, 1048576 bytes, linear)
2026-04-24T08:04:36,466814-07:00 TCP bind hash table entries: 65536 (order: 9, 2097152 bytes, linear)
2026-04-24T08:04:36,467864-07:00 TCP: Hash tables configured (established 131072 bind 65536)
2026-04-24T08:04:36,468677-07:00 MPTCP token hash table entries: 16384 (order: 7, 393216 bytes, linear)
2026-04-24T08:04:36,469302-07:00 UDP hash table entries: 8192 (order: 7, 524288 bytes, linear)
2026-04-24T08:04:36,469875-07:00 UDP-Lite hash table entries: 8192 (order: 7, 524288 bytes, linear)
2026-04-24T08:04:36,470486-07:00 NET: Registered PF_UNIX/PF_LOCAL protocol family
2026-04-24T08:04:36,470579-07:00 NET: Registered PF_XDP protocol family
2026-04-24T08:04:36,470605-07:00 pci 0000:03:00.0: ROM [mem 0xffff0000-0xffffffff pref]: can't claim; no compatible bridge window
2026-04-24T08:04:36,470633-07:00 pci 0000:00:07.0: bridge window [io  0x1000-0x0fff] to [bus 03] add_size 1000
2026-04-24T08:04:36,470646-07:00 pci 0000:00:07.0: bridge window [mem 0x00100000-0x000fffff 64bit pref] to [bus 03] add_size 200000 add_align 100000
2026-04-24T08:04:36,470690-07:00 pci 0000:00:07.0: bridge window [mem 0xf0400000-0xf05fffff 64bit pref]: assigned
2026-04-24T08:04:36,470705-07:00 pci 0000:00:07.0: bridge window [io  0x1000-0x1fff]: assigned
2026-04-24T08:04:36,470719-07:00 pci 0000:00:05.0: PCI bridge to [bus 01]
2026-04-24T08:04:36,470728-07:00 pci 0000:00:05.0:   bridge window [io  0x3000-0x3fff]
2026-04-24T08:04:36,470738-07:00 pci 0000:00:05.0:   bridge window [mem 0xf0200000-0xf02fffff]
2026-04-24T08:04:36,470752-07:00 pci 0000:00:06.0: PCI bridge to [bus 02]
2026-04-24T08:04:36,470759-07:00 pci 0000:00:06.0:   bridge window [io  0x2000-0x2fff]
2026-04-24T08:04:36,470769-07:00 pci 0000:00:06.0:   bridge window [mem 0xf0100000-0xf01fffff]
2026-04-24T08:04:36,470785-07:00 pci 0000:03:00.0: ROM [mem 0xf0010000-0xf001ffff pref]: assigned
2026-04-24T08:04:36,470794-07:00 pci 0000:00:07.0: PCI bridge to [bus 03]
2026-04-24T08:04:36,470801-07:00 pci 0000:00:07.0:   bridge window [io  0x1000-0x1fff]
2026-04-24T08:04:36,470810-07:00 pci 0000:00:07.0:   bridge window [mem 0xf0000000-0xf00fffff]
2026-04-24T08:04:36,470818-07:00 pci 0000:00:07.0:   bridge window [mem 0xf0400000-0xf05fffff 64bit pref]
2026-04-24T08:04:36,470831-07:00 pci 0000:00:14.4: PCI bridge to [bus 04]
2026-04-24T08:04:36,470904-07:00 pci_bus 0000:00: resource 4 [mem 0x000a0000-0x000cdfff window]
2026-04-24T08:04:36,470912-07:00 pci_bus 0000:00: resource 5 [mem 0x000d0000-0x000effff window]
2026-04-24T08:04:36,470918-07:00 pci_bus 0000:00: resource 6 [mem 0xe0000000-0xffffffff window]
2026-04-24T08:04:36,470924-07:00 pci_bus 0000:00: resource 7 [io  0x0000-0x0cf7 window]
2026-04-24T08:04:36,470930-07:00 pci_bus 0000:00: resource 8 [io  0x0d00-0xffff window]
2026-04-24T08:04:36,470936-07:00 pci_bus 0000:01: resource 0 [io  0x3000-0x3fff]
2026-04-24T08:04:36,470942-07:00 pci_bus 0000:01: resource 1 [mem 0xf0200000-0xf02fffff]
2026-04-24T08:04:36,470948-07:00 pci_bus 0000:02: resource 0 [io  0x2000-0x2fff]
2026-04-24T08:04:36,470953-07:00 pci_bus 0000:02: resource 1 [mem 0xf0100000-0xf01fffff]
2026-04-24T08:04:36,470959-07:00 pci_bus 0000:03: resource 0 [io  0x1000-0x1fff]
2026-04-24T08:04:36,470964-07:00 pci_bus 0000:03: resource 1 [mem 0xf0000000-0xf00fffff]
2026-04-24T08:04:36,470969-07:00 pci_bus 0000:03: resource 2 [mem 0xf0400000-0xf05fffff 64bit pref]
2026-04-24T08:04:36,470976-07:00 pci_bus 0000:04: resource 4 [mem 0x000a0000-0x000cdfff window]
2026-04-24T08:04:36,470982-07:00 pci_bus 0000:04: resource 5 [mem 0x000d0000-0x000effff window]
2026-04-24T08:04:36,470987-07:00 pci_bus 0000:04: resource 6 [mem 0xe0000000-0xffffffff window]
2026-04-24T08:04:36,470993-07:00 pci_bus 0000:04: resource 7 [io  0x0000-0x0cf7 window]
2026-04-24T08:04:36,470998-07:00 pci_bus 0000:04: resource 8 [io  0x0d00-0xffff window]
2026-04-24T08:04:36,471428-07:00 pci 0000:00:01.1: D0 power state depends on 0000:00:01.0
2026-04-24T08:04:36,476466-07:00 PCI: CLS 32 bytes, default 64
2026-04-24T08:04:36,476558-07:00 PCI-DMA: Using software bounce buffering for IO (SWIOTLB)
2026-04-24T08:04:36,476562-07:00 software IO TLB: mapped [mem 0x00000000b2b6c000-0x00000000b6b6c000] (64MB)
2026-04-24T08:04:36,476826-07:00 Trying to unpack rootfs image as initramfs...
2026-04-24T08:04:36,477105-07:00 LVT offset 0 assigned for vector 0x400
2026-04-24T08:04:36,482750-07:00 perf: AMD IBS detected (0x000000ff)
2026-04-24T08:04:36,600600-07:00 Initialise system trusted keyrings
2026-04-24T08:04:36,600686-07:00 Key type blacklist registered
2026-04-24T08:04:36,602692-07:00 workingset: timestamp_bits=36 max_order=22 bucket_order=0
2026-04-24T08:04:36,618708-07:00 fuse: init (API version 7.45)
2026-04-24T08:04:36,619672-07:00 integrity: Platform Keyring initialized
2026-04-24T08:04:36,619714-07:00 integrity: Machine keyring initialized
2026-04-24T08:04:36,674611-07:00 xor: measuring software checksum speed
2026-04-24T08:04:36,675744-07:00    prefetch64-sse  :  2914 MB/sec
2026-04-24T08:04:36,676959-07:00    generic_sse     :  2716 MB/sec
2026-04-24T08:04:36,676964-07:00 xor: using function: prefetch64-sse (2914 MB/sec)
2026-04-24T08:04:36,676975-07:00 Key type asymmetric registered
2026-04-24T08:04:36,676980-07:00 Asymmetric key parser 'x509' registered
2026-04-24T08:04:36,677155-07:00 Block layer SCSI generic (bsg) driver version 0.4 loaded (major 245)
2026-04-24T08:04:36,677443-07:00 io scheduler mq-deadline registered
2026-04-24T08:04:36,682707-07:00 ledtrig-cpu: registered to indicate activity on CPUs
2026-04-24T08:04:36,684108-07:00 pcieport 0000:00:05.0: PME: Signaling with IRQ 24
2026-04-24T08:04:36,688062-07:00 pcieport 0000:00:06.0: PME: Signaling with IRQ 25
2026-04-24T08:04:36,689503-07:00 pcieport 0000:00:07.0: PME: Signaling with IRQ 26
2026-04-24T08:04:36,689618-07:00 pcieport 0000:00:07.0: pciehp: Slot #7 AttnBtn- PwrCtrl- MRL- AttnInd- PwrInd- HotPlug+ Surprise- Interlock- NoCompl+ IbPresDis- LLActRep+
2026-04-24T08:04:36,693058-07:00 ACPI: AC: AC Adapter [ACAD] (on-line)
2026-04-24T08:04:36,693330-07:00 input: Power Button as /devices/LNXSYSTM:00/LNXSYBUS:00/PNP0C0C:00/input/input0
2026-04-24T08:04:36,693476-07:00 ACPI: button: Power Button [PWRB]
2026-04-24T08:04:36,693620-07:00 input: Sleep Button as /devices/LNXSYSTM:00/LNXSYBUS:00/PNP0C0E:00/input/input1
2026-04-24T08:04:36,693718-07:00 ACPI: button: Sleep Button [SLPB]
2026-04-24T08:04:36,693900-07:00 input: Lid Switch as /devices/LNXSYSTM:00/LNXSYBUS:00/PNP0C0D:00/input/input2
2026-04-24T08:04:36,694705-07:00 ACPI: button: Lid Switch [LID]
2026-04-24T08:04:36,694935-07:00 input: Power Button as /devices/LNXSYSTM:00/LNXPWRBN:00/input/input3
2026-04-24T08:04:36,695185-07:00 ACPI: button: Power Button [PWRF]
2026-04-24T08:04:36,695418-07:00 ACPI: processor limited to max C-state 1
2026-04-24T08:04:36,698563-07:00 Could not retrieve perf counters (-19)
2026-04-24T08:04:36,706966-07:00 thermal LNXTHERM:00: registered as thermal_zone0
2026-04-24T08:04:36,706986-07:00 ACPI: thermal: Thermal Zone [THZ0] (66 C)
2026-04-24T08:04:36,709096-07:00 Serial: 8250/16550 driver, 32 ports, IRQ sharing enabled
2026-04-24T08:04:36,730403-07:00 Non-volatile memory driver v1.3
2026-04-24T08:04:36,730420-07:00 Linux agpgart interface v0.103
2026-04-24T08:04:36,739195-07:00 ahci 0000:00:11.0: AHCI vers 0001.0200, 32 command slots, 3 Gbps, SATA mode
2026-04-24T08:04:36,739218-07:00 ahci 0000:00:11.0: 1/1 ports implemented (port mask 0x1)
2026-04-24T08:04:36,739225-07:00 ahci 0000:00:11.0: flags: 64bit ncq sntf ilck pm led clo pmp pio slum part
2026-04-24T08:04:36,742198-07:00 scsi host0: ahci
2026-04-24T08:04:36,743524-07:00 ata1: SATA max UDMA/133 abar m1024@0xf034a000 port 0xf034a100 irq 19 lpm-pol 0
2026-04-24T08:04:36,743741-07:00 ACPI: bus type drm_connector registered
2026-04-24T08:04:36,745255-07:00 QUIRK: Enable AMD PLL fix
2026-04-24T08:04:36,745363-07:00 ohci-pci 0000:00:12.0: OHCI PCI host controller
2026-04-24T08:04:36,745395-07:00 ohci-pci 0000:00:12.0: new USB bus registered, assigned bus number 1
2026-04-24T08:04:36,746718-07:00 ohci-pci 0000:00:12.0: irq 18, io mem 0xf0349000
2026-04-24T08:04:36,758876-07:00 ACPI: battery: Slot [BAT1] (battery present)
2026-04-24T08:04:36,807039-07:00 usb usb1: New USB device found, idVendor=1d6b, idProduct=0001, bcdDevice= 6.18
2026-04-24T08:04:36,807061-07:00 usb usb1: New USB device strings: Mfr=3, Product=2, SerialNumber=1
2026-04-24T08:04:36,807068-07:00 usb usb1: Product: OHCI PCI host controller
2026-04-24T08:04:36,807074-07:00 usb usb1: Manufacturer: Linux 6.18.22-x64v1-xanmod1 ohci_hcd
2026-04-24T08:04:36,807080-07:00 usb usb1: SerialNumber: 0000:00:12.0
2026-04-24T08:04:36,807680-07:00 hub 1-0:1.0: USB hub found
2026-04-24T08:04:36,807773-07:00 hub 1-0:1.0: 5 ports detected
2026-04-24T08:04:36,809476-07:00 ohci-pci 0000:00:13.0: OHCI PCI host controller
2026-04-24T08:04:36,809504-07:00 ohci-pci 0000:00:13.0: new USB bus registered, assigned bus number 2
2026-04-24T08:04:36,809918-07:00 ohci-pci 0000:00:13.0: irq 18, io mem 0xf0348000
2026-04-24T08:04:36,867052-07:00 usb usb2: New USB device found, idVendor=1d6b, idProduct=0001, bcdDevice= 6.18
2026-04-24T08:04:36,867074-07:00 usb usb2: New USB device strings: Mfr=3, Product=2, SerialNumber=1
2026-04-24T08:04:36,867081-07:00 usb usb2: Product: OHCI PCI host controller
2026-04-24T08:04:36,867087-07:00 usb usb2: Manufacturer: Linux 6.18.22-x64v1-xanmod1 ohci_hcd
2026-04-24T08:04:36,867093-07:00 usb usb2: SerialNumber: 0000:00:13.0
2026-04-24T08:04:36,867579-07:00 hub 2-0:1.0: USB hub found
2026-04-24T08:04:36,867671-07:00 hub 2-0:1.0: 5 ports detected
2026-04-24T08:04:36,868803-07:00 usbcore: registered new interface driver usbserial_generic
2026-04-24T08:04:36,868833-07:00 usbserial: USB Serial support registered for generic
2026-04-24T08:04:36,868990-07:00 i8042: PNP: PS/2 Controller [PNP0303:KBC0,PNP0f13:MSE0] at 0x60,0x64 irq 1,12
2026-04-24T08:04:36,871214-07:00 ehci-pci 0000:00:12.2: EHCI Host Controller
2026-04-24T08:04:36,871276-07:00 ehci-pci 0000:00:12.2: new USB bus registered, assigned bus number 3
2026-04-24T08:04:36,871326-07:00 ehci-pci 0000:00:12.2: applying AMD SB700/SB800/Hudson-2/3 EHCI dummy qh workaround
2026-04-24T08:04:36,871393-07:00 ehci-pci 0000:00:12.2: debug port 1
2026-04-24T08:04:36,871503-07:00 i8042: Detected active multiplexing controller, rev 1.1
2026-04-24T08:04:36,872066-07:00 ehci-pci 0000:00:12.2: irq 17, io mem 0xf034a500
2026-04-24T08:04:36,874298-07:00 serio: i8042 KBD port at 0x60,0x64 irq 1
2026-04-24T08:04:36,874321-07:00 serio: i8042 AUX0 port at 0x60,0x64 irq 12
2026-04-24T08:04:36,874331-07:00 serio: i8042 AUX1 port at 0x60,0x64 irq 12
2026-04-24T08:04:36,874339-07:00 serio: i8042 AUX2 port at 0x60,0x64 irq 12
2026-04-24T08:04:36,874346-07:00 serio: i8042 AUX3 port at 0x60,0x64 irq 12
2026-04-24T08:04:36,875545-07:00 rtc_cmos 00:01: RTC can wake from S4
2026-04-24T08:04:36,876612-07:00 rtc_cmos 00:01: registered as rtc0
2026-04-24T08:04:36,876711-07:00 rtc_cmos 00:01: setting system clock to 2026-04-24T15:04:37 UTC (1777043077)
2026-04-24T08:04:36,876815-07:00 rtc_cmos 00:01: alarms up to one month, 114 bytes nvram, hpet irqs
2026-04-24T08:04:36,877050-07:00 amd_pstate: the _CPC object is not present in SBIOS or ACPI disabled
2026-04-24T08:04:36,879006-07:00 simple-framebuffer simple-framebuffer.0: [drm] Registered 1 planes with drm panic
2026-04-24T08:04:36,879027-07:00 [drm] Initialized simpledrm 1.0.0 for simple-framebuffer.0 on minor 0
2026-04-24T08:04:36,882620-07:00 ehci-pci 0000:00:12.2: USB 2.0 started, EHCI 1.00
2026-04-24T08:04:36,882974-07:00 usb usb3: New USB device found, idVendor=1d6b, idProduct=0002, bcdDevice= 6.18
2026-04-24T08:04:36,882983-07:00 usb usb3: New USB device strings: Mfr=3, Product=2, SerialNumber=1
2026-04-24T08:04:36,882989-07:00 usb usb3: Product: EHCI Host Controller
2026-04-24T08:04:36,882993-07:00 usb usb3: Manufacturer: Linux 6.18.22-x64v1-xanmod1 ehci_hcd
2026-04-24T08:04:36,882997-07:00 usb usb3: SerialNumber: 0000:00:12.2
2026-04-24T08:04:36,883562-07:00 hub 3-0:1.0: USB hub found
2026-04-24T08:04:36,883605-07:00 hub 3-0:1.0: 5 ports detected
2026-04-24T08:04:36,885624-07:00 Console: switching to colour frame buffer device 80x30
2026-04-24T08:04:36,888049-07:00 simple-framebuffer simple-framebuffer.0: [drm] fb0: simpledrmdrmfb frame buffer device
2026-04-24T08:04:36,889814-07:00 hid: raw HID events driver (C) Jiri Kosina
2026-04-24T08:04:36,889971-07:00 usbcore: registered new interface driver usbhid
2026-04-24T08:04:36,889979-07:00 usbhid: USB HID core driver
2026-04-24T08:04:36,890241-07:00 drop_monitor: Initializing network drop monitor service
2026-04-24T08:04:36,891123-07:00 NET: Registered PF_INET6 protocol family
2026-04-24T08:04:36,894037-07:00 Segment Routing with IPv6
2026-04-24T08:04:36,894053-07:00 RPL Segment Routing with IPv6
2026-04-24T08:04:36,894096-07:00 In-situ OAM (IOAM) with IPv6
2026-04-24T08:04:36,894165-07:00 NET: Registered PF_PACKET protocol family
2026-04-24T08:04:36,899453-07:00 microcode: Current revision: 0x05000119
2026-04-24T08:04:36,899471-07:00 microcode: Updated early from: 0x05000101
2026-04-24T08:04:36,900751-07:00 input: AT Translated Set 2 keyboard as /devices/platform/i8042/serio0/input/input4
2026-04-24T08:04:36,901198-07:00 IPI shorthand broadcast: enabled
2026-04-24T08:04:36,915930-07:00 sched_clock: Marking stable (1616013094, 3110337)->(1623779526, -4656095)
2026-04-24T08:04:36,916573-07:00 registered taskstats version 1
2026-04-24T08:04:36,923877-07:00 Loading compiled-in X.509 certificates
2026-04-24T08:04:36,946957-07:00 hub 1-0:1.0: USB hub found
2026-04-24T08:04:36,947061-07:00 hub 1-0:1.0: 5 ports detected
2026-04-24T08:04:36,948363-07:00 ehci-pci 0000:00:13.2: EHCI Host Controller
2026-04-24T08:04:36,948393-07:00 ehci-pci 0000:00:13.2: new USB bus registered, assigned bus number 4
2026-04-24T08:04:36,948410-07:00 ehci-pci 0000:00:13.2: applying AMD SB700/SB800/Hudson-2/3 EHCI dummy qh workaround
2026-04-24T08:04:36,948475-07:00 ehci-pci 0000:00:13.2: debug port 1
2026-04-24T08:04:36,948866-07:00 ehci-pci 0000:00:13.2: irq 17, io mem 0xf034a400
2026-04-24T08:04:36,958728-07:00 ehci-pci 0000:00:13.2: USB 2.0 started, EHCI 1.00
2026-04-24T08:04:36,959128-07:00 usb usb4: New USB device found, idVendor=1d6b, idProduct=0002, bcdDevice= 6.18
2026-04-24T08:04:36,959141-07:00 usb usb4: New USB device strings: Mfr=3, Product=2, SerialNumber=1
2026-04-24T08:04:36,959148-07:00 usb usb4: Product: EHCI Host Controller
2026-04-24T08:04:36,959153-07:00 usb usb4: Manufacturer: Linux 6.18.22-x64v1-xanmod1 ehci_hcd
2026-04-24T08:04:36,959159-07:00 usb usb4: SerialNumber: 0000:00:13.2
2026-04-24T08:04:36,959677-07:00 hub 4-0:1.0: USB hub found
2026-04-24T08:04:36,959722-07:00 hub 4-0:1.0: 5 ports detected
2026-04-24T08:04:37,022907-07:00 hub 2-0:1.0: USB hub found
2026-04-24T08:04:37,023010-07:00 hub 2-0:1.0: 5 ports detected
2026-04-24T08:04:37,206686-07:00 usb 4-5: new high-speed USB device number 2 using ehci-pci
2026-04-24T08:04:37,210710-07:00 ata1: SATA link up 3.0 Gbps (SStatus 123 SControl 300)
2026-04-24T08:04:37,211651-07:00 ata1.00: supports DRM functions and may not be fully accessible
2026-04-24T08:04:37,211668-07:00 ata1.00: ATA-10: CT1000MX500SSD1, M3CR033, max UDMA/133
2026-04-24T08:04:37,211742-07:00 ata1.00: 1953525168 sectors, multi 1: LBA48 NCQ (depth 32), AA
2026-04-24T08:04:37,213252-07:00 ata1.00: Features: Trust Dev-Sleep DIPM
2026-04-24T08:04:37,213546-07:00 ata1.00: supports DRM functions and may not be fully accessible
2026-04-24T08:04:37,214594-07:00 ata1.00: configured for UDMA/133
2026-04-24T08:04:37,215088-07:00 scsi 0:0:0:0: Direct-Access     ATA      CT1000MX500SSD1  033  PQ: 0 ANSI: 5
2026-04-24T08:04:37,217057-07:00 sd 0:0:0:0: [sda] 1953525168 512-byte logical blocks: (1.00 TB/932 GiB)
2026-04-24T08:04:37,217075-07:00 sd 0:0:0:0: [sda] 4096-byte physical blocks
2026-04-24T08:04:37,217133-07:00 sd 0:0:0:0: [sda] Write Protect is off
2026-04-24T08:04:37,217144-07:00 sd 0:0:0:0: [sda] Mode Sense: 00 3a 00 00
2026-04-24T08:04:37,217239-07:00 sd 0:0:0:0: [sda] Write cache: enabled, read cache: enabled, doesn't support DPO or FUA
2026-04-24T08:04:37,217536-07:00 sd 0:0:0:0: [sda] Preferred minimum I/O size 4096 bytes
2026-04-24T08:04:37,254723-07:00  sda: sda1 sda2 sda3
2026-04-24T08:04:37,255572-07:00 sd 0:0:0:0: [sda] supports TCG Opal
2026-04-24T08:04:37,255585-07:00 sd 0:0:0:0: [sda] Attached SCSI disk
2026-04-24T08:04:37,361554-07:00 usb 4-5: New USB device found, idVendor=04f2, idProduct=b2b9, bcdDevice=41.64
2026-04-24T08:04:37,361576-07:00 usb 4-5: New USB device strings: Mfr=1, Product=2, SerialNumber=0
2026-04-24T08:04:37,361584-07:00 usb 4-5: Product: Integrated Camera
2026-04-24T08:04:37,361590-07:00 usb 4-5: Manufacturer: Image Processor
2026-04-24T08:04:37,398663-07:00 usb 1-4: new full-speed USB device number 2 using ohci-pci
2026-04-24T08:04:37,498663-07:00 tsc: Refined TSC clocksource calibration: 1297.237 MHz
2026-04-24T08:04:37,498693-07:00 clocksource: tsc: mask: 0xffffffffffffffff max_cycles: 0x12b2ebef9b1, max_idle_ns: 440795214546 ns
2026-04-24T08:04:37,498778-07:00 clocksource: Switched to clocksource tsc
2026-04-24T08:04:37,586760-07:00 usb 1-4: New USB device found, idVendor=0a5c, idProduct=217f, bcdDevice= 7.48
2026-04-24T08:04:37,586782-07:00 usb 1-4: New USB device strings: Mfr=1, Product=2, SerialNumber=3
2026-04-24T08:04:37,586789-07:00 usb 1-4: Product: Broadcom Bluetooth Device
2026-04-24T08:04:37,586795-07:00 usb 1-4: Manufacturer: Broadcom Corp
2026-04-24T08:04:37,586800-07:00 usb 1-4: SerialNumber: 7CE9D3BAA4BC
2026-04-24T08:04:42,157348-07:00 Freeing initrd memory: 153648K
2026-04-24T08:04:42,188222-07:00 Loaded X.509 cert 'Build time autogenerated kernel key: 2abbf26058799da8cf061797c854846699428893'
2026-04-24T08:04:42,199666-07:00 Demotion targets for Node 0: null
2026-04-24T08:04:42,200932-07:00 Key type .fscrypt registered
2026-04-24T08:04:42,200948-07:00 Key type fscrypt-provisioning registered
2026-04-24T08:04:42,203406-07:00 Btrfs loaded, zoned=yes, fsverity=yes
2026-04-24T08:04:42,203561-07:00 Key type big_key registered
2026-04-24T08:04:42,205899-07:00 PM:   Magic number: 6:894:83
2026-04-24T08:04:42,212966-07:00 RAS: Correctable Errors collector initialized.
2026-04-24T08:04:42,245730-07:00 clk: Disabling unused clocks
2026-04-24T08:04:42,245747-07:00 PM: genpd: Disabling unused power domains
2026-04-24T08:04:42,253868-07:00 Freeing unused decrypted memory: 2028K
2026-04-24T08:04:42,257460-07:00 Freeing unused kernel image (initmem) memory: 3472K
2026-04-24T08:04:42,257609-07:00 Write protecting the kernel read-only data: 36864k
2026-04-24T08:04:42,259555-07:00 Freeing unused kernel image (text/rodata gap) memory: 868K
2026-04-24T08:04:42,261485-07:00 Freeing unused kernel image (rodata/data gap) memory: 1908K
2026-04-24T08:04:42,348056-07:00 x86/mm: Checked W+X mappings: passed, no W+X pages found.
2026-04-24T08:04:42,348077-07:00 rodata_test: all tests were successful
2026-04-24T08:04:42,348169-07:00 Run /init as init process
2026-04-24T08:04:42,348176-07:00   with arguments:
2026-04-24T08:04:42,348181-07:00     /init
2026-04-24T08:04:42,348184-07:00   with environment:
2026-04-24T08:04:42,348188-07:00     HOME=/
2026-04-24T08:04:42,348191-07:00     TERM=linux
2026-04-24T08:04:43,723431-07:00 ACPI: video: Video Device [VGA1] (multi-head: yes  rom: no  post: no)
2026-04-24T08:04:43,724171-07:00 input: Video Bus as /devices/LNXSYSTM:00/LNXSYBUS:00/PNP0A08:00/LNXVIDEO:01/input/input9
2026-04-24T08:04:43,812821-07:00 ACPI Warning: SystemIO range 0x0000000000000B00-0x0000000000000B08 conflicts with OpRegion 0x0000000000000B00-0x0000000000000B0F (\_SB.PCI0.SMB.SMB0) (20250807/utaddress-204)
2026-04-24T08:04:43,812857-07:00 ACPI: OSL: Resource conflict; ACPI support missing from driver?
2026-04-24T08:04:43,864002-07:00 sp5100_tco: SP5100/SB800 TCO WatchDog Timer Driver
2026-04-24T08:04:43,864386-07:00 sp5100-tco sp5100-tco: Using 0xfed80b00 for watchdog MMIO address
2026-04-24T08:04:43,890985-07:00 sp5100-tco sp5100-tco: initialized. heartbeat=60 sec (nowayout=0)
2026-04-24T08:04:44,288783-07:00 atl1c 0000:02:00.0 enp2s0: renamed from eth0
2026-04-24T08:04:44,604246-07:00 [drm] radeon kernel modesetting enabled.
2026-04-24T08:04:44,632987-07:00 Console: switching to colour dummy device 80x25
2026-04-24T08:04:44,644804-07:00 radeon 0000:00:01.0: vgaarb: deactivate vga console
2026-04-24T08:04:44,645581-07:00 [drm] initializing kernel modesetting (PALM 0x1002:0x9802 0x17AA:0x21EC 0x00).
2026-04-24T08:04:44,645661-07:00 resource: resource sanity check: requesting [mem 0x00000000000c0000-0x00000000000dffff], which spans more than PCI Bus 0000:00 [mem 0x000a0000-0x000cdfff window]
2026-04-24T08:04:44,645675-07:00 caller radeon_read_bios+0x3f/0xd0 [radeon] mapping multiple BARs
2026-04-24T08:04:44,646367-07:00 ATOM BIOS: Lenovo
2026-04-24T08:04:44,646578-07:00 radeon 0000:00:01.0: VRAM: 384M 0x0000000000000000 - 0x0000000017FFFFFF (384M used)
2026-04-24T08:04:44,646596-07:00 radeon 0000:00:01.0: GTT: 1024M 0x0000000018000000 - 0x0000000057FFFFFF
2026-04-24T08:04:44,646618-07:00 [drm] Detected VRAM RAM=384M, BAR=256M
2026-04-24T08:04:44,646622-07:00 [drm] RAM width 32bits DDR
2026-04-24T08:04:44,647116-07:00 [drm] radeon: 384M of VRAM memory ready
2026-04-24T08:04:44,647137-07:00 [drm] radeon: 1024M of GTT memory ready.
2026-04-24T08:04:44,647175-07:00 [drm] Loading PALM Microcode
2026-04-24T08:04:44,647870-07:00 [drm] Internal thermal controller without fan control
2026-04-24T08:04:44,648018-07:00 == power state 0 ==
2026-04-24T08:04:44,648025-07:00 	ui class: none
2026-04-24T08:04:44,648028-07:00 	internal class: uvd_hd
2026-04-24T08:04:44,648037-07:00 	caps:
2026-04-24T08:04:44,648041-07:00 	uvd    vclk: 39000 dclk: 30000
2026-04-24T08:04:44,648045-07:00 		power level 0    sclk: 27858 vddc: 850
2026-04-24T08:04:44,648050-07:00 	status:
2026-04-24T08:04:44,648053-07:00 == power state 1 ==
2026-04-24T08:04:44,648056-07:00 	ui class: none
2026-04-24T08:04:44,648058-07:00 	internal class: uvd
2026-04-24T08:04:44,648063-07:00 	caps:
2026-04-24T08:04:44,648067-07:00 	uvd    vclk: 52000 dclk: 41053
2026-04-24T08:04:44,648070-07:00 		power level 0    sclk: 48750 vddc: 913
2026-04-24T08:04:44,648074-07:00 	status:
2026-04-24T08:04:44,648077-07:00 == power state 2 ==
2026-04-24T08:04:44,648080-07:00 	ui class: battery
2026-04-24T08:04:44,648082-07:00 	internal class: none
2026-04-24T08:04:44,648087-07:00 	caps:
2026-04-24T08:04:44,648090-07:00 	uvd    vclk: 0 dclk: 0
2026-04-24T08:04:44,648093-07:00 		power level 0    sclk: 27858 vddc: 850
2026-04-24T08:04:44,648097-07:00 	status:
2026-04-24T08:04:44,648100-07:00 == power state 3 ==
2026-04-24T08:04:44,648103-07:00 	ui class: performance
2026-04-24T08:04:44,648105-07:00 	internal class: none
2026-04-24T08:04:44,648110-07:00 	caps:
2026-04-24T08:04:44,648113-07:00 	uvd    vclk: 0 dclk: 0
2026-04-24T08:04:44,648116-07:00 		power level 0    sclk: 27858 vddc: 850
2026-04-24T08:04:44,648120-07:00 		power level 1    sclk: 48750 vddc: 913
2026-04-24T08:04:44,648124-07:00 	status:
2026-04-24T08:04:44,648127-07:00 == power state 4 ==
2026-04-24T08:04:44,648129-07:00 	ui class: none
2026-04-24T08:04:44,648131-07:00 	internal class: boot
2026-04-24T08:04:44,648136-07:00 	caps:
2026-04-24T08:04:44,648139-07:00 	uvd    vclk: 0 dclk: 0
2026-04-24T08:04:44,648142-07:00 		power level 0    sclk: 20000 vddc: 913
2026-04-24T08:04:44,648146-07:00 	status: c r b
2026-04-24T08:04:44,648154-07:00 == power state 5 ==
2026-04-24T08:04:44,648156-07:00 	ui class: none
2026-04-24T08:04:44,648158-07:00 	internal class: thermal
2026-04-24T08:04:44,648163-07:00 	caps:
2026-04-24T08:04:44,648166-07:00 	uvd    vclk: 0 dclk: 0
2026-04-24T08:04:44,648169-07:00 		power level 0    sclk: 17334 vddc: 850
2026-04-24T08:04:44,648173-07:00 	status:
2026-04-24T08:04:44,648178-07:00 [drm] Found smc ucode version: 0x00010601
2026-04-24T08:04:44,648260-07:00 [drm] radeon: dpm initialized
2026-04-24T08:04:44,653524-07:00 [drm] GART: num cpu pages 262144, num gpu pages 262144
2026-04-24T08:04:44,668878-07:00 [drm] PCIE GART of 1024M enabled (table at 0x0000000000162000).
2026-04-24T08:04:44,669171-07:00 radeon 0000:00:01.0: WB enabled
2026-04-24T08:04:44,669183-07:00 radeon 0000:00:01.0: fence driver on ring 0 uses gpu addr 0x0000000018000c00
2026-04-24T08:04:44,669191-07:00 radeon 0000:00:01.0: fence driver on ring 3 uses gpu addr 0x0000000018000c0c
2026-04-24T08:04:44,669662-07:00 radeon 0000:00:01.0: fence driver on ring 5 uses gpu addr 0x0000000000072118
2026-04-24T08:04:44,670467-07:00 radeon 0000:00:01.0: radeon: MSI limited to 32-bit
2026-04-24T08:04:44,670767-07:00 radeon 0000:00:01.0: radeon: using MSI.
2026-04-24T08:04:44,671313-07:00 [drm] radeon: irq initialized.
2026-04-24T08:04:44,688481-07:00 [drm] ring test on 0 succeeded in 1 usecs
2026-04-24T08:04:44,688506-07:00 [drm] ring test on 3 succeeded in 3 usecs
2026-04-24T08:04:44,734367-07:00 [drm] ring test on 5 succeeded in 1 usecs
2026-04-24T08:04:44,754281-07:00 [drm] UVD initialized successfully.
2026-04-24T08:04:44,755088-07:00 [drm] ib test on ring 0 succeeded in 0 usecs
2026-04-24T08:04:44,755155-07:00 [drm] ib test on ring 3 succeeded in 0 usecs
2026-04-24T08:04:44,900437-07:00 psmouse serio4: synaptics: queried max coordinates: x [..5766], y [..5260]
2026-04-24T08:04:44,966661-07:00 psmouse serio4: synaptics: Touchpad model: 1, fw: 8.0, id: 0x1e2b1, caps: 0xd001a3/0x940300/0x123c00/0x0, board id: 1917, fw id: 864720
2026-04-24T08:04:44,966709-07:00 psmouse serio4: synaptics: serio: Synaptics pass-through port at isa0060/serio4/input0
2026-04-24T08:04:45,006773-07:00 input: SynPS/2 Synaptics TouchPad as /devices/platform/i8042/serio4/input/input13
2026-04-24T08:04:45,306876-07:00 [drm] ib test on ring 5 succeeded
2026-04-24T08:04:45,327941-07:00 radeon 0000:00:01.0: [drm] Skipping radeon atom DIG backlight registration
2026-04-24T08:04:45,333045-07:00 acpi device:37: registered as cooling_device2
2026-04-24T08:04:45,333078-07:00 [drm] Radeon Display Connectors
2026-04-24T08:04:45,333083-07:00 [drm] Connector 0:
2026-04-24T08:04:45,333086-07:00 [drm]   LVDS-1
2026-04-24T08:04:45,333089-07:00 [drm]   HPD1
2026-04-24T08:04:45,333092-07:00 [drm]   DDC: 0x6430 0x6430 0x6434 0x6434 0x6438 0x6438 0x643c 0x643c
2026-04-24T08:04:45,333099-07:00 [drm]   Encoders:
2026-04-24T08:04:45,333101-07:00 [drm]     LCD1: INTERNAL_UNIPHY
2026-04-24T08:04:45,333105-07:00 [drm] Connector 1:
2026-04-24T08:04:45,333108-07:00 [drm]   HDMI-A-1
2026-04-24T08:04:45,333110-07:00 [drm]   HPD2
2026-04-24T08:04:45,333112-07:00 [drm]   DDC: 0x6440 0x6440 0x6444 0x6444 0x6448 0x6448 0x644c 0x644c
2026-04-24T08:04:45,333117-07:00 [drm]   Encoders:
2026-04-24T08:04:45,333119-07:00 [drm]     DFP1: INTERNAL_UNIPHY
2026-04-24T08:04:45,333122-07:00 [drm] Connector 2:
2026-04-24T08:04:45,333124-07:00 [drm]   VGA-1
2026-04-24T08:04:45,333126-07:00 [drm]   DDC: 0x64d8 0x64d8 0x64dc 0x64dc 0x64e0 0x64e0 0x64e4 0x64e4
2026-04-24T08:04:45,333131-07:00 [drm]   Encoders:
2026-04-24T08:04:45,333133-07:00 [drm]     CRT1: INTERNAL_KLDSCP_DAC1
2026-04-24T08:04:45,334917-07:00 switching from power state:
2026-04-24T08:04:45,334931-07:00 	ui class: none
2026-04-24T08:04:45,334935-07:00 	internal class: boot
2026-04-24T08:04:45,334944-07:00 	caps:
2026-04-24T08:04:45,334947-07:00 	uvd    vclk: 0 dclk: 0
2026-04-24T08:04:45,334953-07:00 		power level 0    sclk: 20000 vddc: 913
2026-04-24T08:04:45,334959-07:00 	status: c b
2026-04-24T08:04:45,334966-07:00 switching to power state:
2026-04-24T08:04:45,334968-07:00 	ui class: performance
2026-04-24T08:04:45,334971-07:00 	internal class: none
2026-04-24T08:04:45,334976-07:00 	caps:
2026-04-24T08:04:45,334979-07:00 	uvd    vclk: 0 dclk: 0
2026-04-24T08:04:45,334982-07:00 		power level 0    sclk: 27858 vddc: 850
2026-04-24T08:04:45,334987-07:00 		power level 1    sclk: 48750 vddc: 913
2026-04-24T08:04:45,334991-07:00 	status: r
2026-04-24T08:04:45,337785-07:00 [drm] Initialized radeon 2.51.0 for 0000:00:01.0 on minor 0
2026-04-24T08:04:45,706039-07:00 psmouse serio5: trackpoint: IBM TrackPoint firmware: 0x0e, buttons: 3/3
2026-04-24T08:04:45,780905-07:00 [drm] fb mappable at 0xE0366000
2026-04-24T08:04:45,780922-07:00 [drm] vram apper at 0xE0000000
2026-04-24T08:04:45,780926-07:00 [drm] size 4325376
2026-04-24T08:04:45,780930-07:00 [drm] fb depth is 24
2026-04-24T08:04:45,780933-07:00 [drm]    pitch is 5632
2026-04-24T08:04:45,781279-07:00 fbcon: radeondrmfb (fb0) is primary device
2026-04-24T08:04:45,926633-07:00 input: TPPS/2 IBM TrackPoint as /devices/platform/i8042/serio4/serio5/input/input14
2026-04-24T08:04:46,333078-07:00 Console: switching to colour frame buffer device 170x48
2026-04-24T08:04:46,335600-07:00 radeon 0000:00:01.0: [drm] fb0: radeondrmfb frame buffer device
2026-04-24T08:05:19,878301-07:00 amdgpu: Virtual CRAT table created for CPU
2026-04-24T08:05:19,878369-07:00 amdgpu: Topology: Add CPU node
2026-04-24T08:05:20,132864-07:00 async_tx: api initialized (async)
2026-04-24T08:05:20,507884-07:00 PM: Image not found (code -22)
2026-04-24T08:05:20,806040-07:00 EXT4-fs (sda3): orphan cleanup on readonly fs
2026-04-24T08:05:20,807778-07:00 EXT4-fs (sda3): mounted filesystem 1d93df94-f6f2-4289-98ee-774f2f6a4bbd ro with ordered data mode. Quota mode: none.
2026-04-24T08:05:21,645028-07:00 systemd[1]: systemd 257.9-1~deb13u1 running in system mode (+PAM +AUDIT +SELINUX +APPARMOR +IMA +IPE +SMACK +SECCOMP +GCRYPT -GNUTLS +OPENSSL +ACL +BLKID +CURL +ELFUTILS +FIDO2 +IDN2 -IDN +IPTC +KMOD +LIBCRYPTSETUP +LIBCRYPTSETUP_PLUGINS +LIBFDISK +PCRE2 +PWQUALITY +P11KIT +QRENCODE +TPM2 +BZIP2 +LZ4 +XZ +ZLIB +ZSTD +BPF_FRAMEWORK +BTF -XKBCOMMON -UTMP +SYSVINIT +LIBARCHIVE)
2026-04-24T08:05:21,645068-07:00 systemd[1]: Detected architecture x86-64.
2026-04-24T08:05:21,650146-07:00 systemd[1]: Hostname set to <x130e>.
2026-04-24T08:05:22,323618-07:00 systemd[1]: bpf-restrict-fs: LSM BPF program attached
2026-04-24T08:05:22,998569-07:00 systemd-sysv-generator[280]: SysV service '/etc/init.d/exim4' lacks a native systemd unit file, automatically generating a unit file for compatibility.
2026-04-24T08:05:22,998608-07:00 systemd-sysv-generator[280]: Please update package to include a native systemd unit file.
2026-04-24T08:05:22,998621-07:00 systemd-sysv-generator[280]: ! This compatibility logic is deprecated, expect removal soon. !
2026-04-24T08:05:23,010246-07:00 systemd-sysv-generator[280]: SysV service '/etc/init.d/preload' lacks a native systemd unit file, automatically generating a unit file for compatibility.
2026-04-24T08:05:23,010272-07:00 systemd-sysv-generator[280]: Please update package to include a native systemd unit file.
2026-04-24T08:05:23,010286-07:00 systemd-sysv-generator[280]: ! This compatibility logic is deprecated, expect removal soon. !
2026-04-24T08:05:23,361715-07:00 systemd[1]: Configuration file /etc/systemd/system/ssd-performance.service is marked world-inaccessible. This has no effect as configuration data is accessible via APIs without restrictions. Proceeding anyway.
2026-04-24T08:05:23,487493-07:00 systemd[1]: Configuration file /etc/systemd/system/network-performance.service is marked world-inaccessible. This has no effect as configuration data is accessible via APIs without restrictions. Proceeding anyway.
2026-04-24T08:05:23,499359-07:00 systemd[1]: Configuration file /etc/systemd/system/ksm-enable.service is marked world-inaccessible. This has no effect as configuration data is accessible via APIs without restrictions. Proceeding anyway.
2026-04-24T08:05:23,549163-07:00 systemd[1]: Configuration file /etc/systemd/system/gpu-performance.service is marked world-inaccessible. This has no effect as configuration data is accessible via APIs without restrictions. Proceeding anyway.
2026-04-24T08:05:23,998006-07:00 systemd[1]: Queued start job for default target graphical.target.
2026-04-24T08:05:24,050227-07:00 systemd[1]: Created slice system-getty.slice - Slice /system/getty.
2026-04-24T08:05:24,054276-07:00 systemd[1]: Created slice system-modprobe.slice - Slice /system/modprobe.
2026-04-24T08:05:24,057964-07:00 systemd[1]: Created slice system-systemd\x2dfsck.slice - Slice /system/systemd-fsck.
2026-04-24T08:05:24,061988-07:00 systemd[1]: Created slice system-xfs_scrub.slice - xfs_scrub background service slice.
2026-04-24T08:05:24,064653-07:00 systemd[1]: Created slice user.slice - User and Session Slice.
2026-04-24T08:05:24,065124-07:00 systemd[1]: Started systemd-ask-password-wall.path - Forward Password Requests to Wall Directory Watch.
2026-04-24T08:05:24,066259-07:00 systemd[1]: Set up automount proc-sys-fs-binfmt_misc.automount - Arbitrary Executable File Formats File System Automount Point.
2026-04-24T08:05:24,066418-07:00 systemd[1]: Expecting device dev-disk-by\x2duuid-2a7a2c0e\x2deb22\x2d4f84\x2dab43\x2dc1bb70fec58b.device - /dev/disk/by-uuid/2a7a2c0e-eb22-4f84-ab43-c1bb70fec58b...
2026-04-24T08:05:24,066486-07:00 systemd[1]: Expecting device dev-disk-by\x2duuid-47FA\x2dE39B.device - /dev/disk/by-uuid/47FA-E39B...
2026-04-24T08:05:24,066907-07:00 systemd[1]: Reached target nss-lookup.target - Host and Network Name Lookups.
2026-04-24T08:05:24,067012-07:00 systemd[1]: Reached target nss-user-lookup.target - User and Group Name Lookups.
2026-04-24T08:05:24,067218-07:00 systemd[1]: Reached target slices.target - Slice Units.
2026-04-24T08:05:24,067924-07:00 systemd[1]: Listening on dm-event.socket - Device-mapper event daemon FIFOs.
2026-04-24T08:05:24,068509-07:00 systemd[1]: Listening on lvm2-lvmpolld.socket - LVM2 poll daemon socket.
2026-04-24T08:05:24,090845-07:00 systemd[1]: Listening on rpcbind.socket - RPCbind Server Activation Socket.
2026-04-24T08:05:24,091694-07:00 systemd[1]: Listening on syslog.socket - Syslog Socket.
2026-04-24T08:05:24,099861-07:00 systemd[1]: Listening on systemd-coredump.socket - Process Core Dump Socket.
2026-04-24T08:05:24,105463-07:00 systemd[1]: Listening on systemd-creds.socket - Credential Encryption/Decryption.
2026-04-24T08:05:24,106146-07:00 systemd[1]: Listening on systemd-initctl.socket - initctl Compatibility Named Pipe.
2026-04-24T08:05:24,106782-07:00 systemd[1]: Listening on systemd-journald-dev-log.socket - Journal Socket (/dev/log).
2026-04-24T08:05:24,107452-07:00 systemd[1]: Listening on systemd-journald.socket - Journal Sockets.
2026-04-24T08:05:24,107722-07:00 systemd[1]: systemd-pcrextend.socket - TPM PCR Measurements was skipped because of an unmet condition check (ConditionSecurity=measured-uki).
2026-04-24T08:05:24,107845-07:00 systemd[1]: systemd-pcrlock.socket - Make TPM PCR Policy was skipped because of an unmet condition check (ConditionSecurity=measured-uki).
2026-04-24T08:05:24,108381-07:00 systemd[1]: Listening on systemd-udevd-control.socket - udev Control Socket.
2026-04-24T08:05:24,108743-07:00 systemd[1]: Listening on systemd-udevd-kernel.socket - udev Kernel Socket.
2026-04-24T08:05:24,115329-07:00 systemd[1]: Mounting dev-hugepages.mount - Huge Pages File System...
2026-04-24T08:05:24,123011-07:00 systemd[1]: Mounting dev-mqueue.mount - POSIX Message Queue File System...
2026-04-24T08:05:24,139124-07:00 systemd[1]: Mounting run-lock.mount - Legacy Locks Directory /run/lock...
2026-04-24T08:05:24,151045-07:00 systemd[1]: Mounting sys-kernel-debug.mount - Kernel Debug File System...
2026-04-24T08:05:24,179005-07:00 systemd[1]: Mounting sys-kernel-tracing.mount - Kernel Trace File System...
2026-04-24T08:05:24,179593-07:00 systemd[1]: auth-rpcgss-module.service - Kernel Module supporting RPCSEC_GSS was skipped because of an unmet condition check (ConditionPathExists=/etc/krb5.keytab).
2026-04-24T08:05:24,207315-07:00 systemd[1]: Starting keyboard-setup.service - Set the console keyboard layout...
2026-04-24T08:05:24,229145-07:00 systemd[1]: Starting kmod-static-nodes.service - Create List of Static Device Nodes...
2026-04-24T08:05:24,251289-07:00 systemd[1]: Starting lvm2-monitor.service - Monitoring of LVM2 mirrors, snapshots etc. using dmeventd or progress polling...
2026-04-24T08:05:24,267256-07:00 systemd[1]: Starting modprobe@configfs.service - Load Kernel Module configfs...
2026-04-24T08:05:24,275212-07:00 systemd[1]: Starting modprobe@drm.service - Load Kernel Module drm...
2026-04-24T08:05:24,300408-07:00 systemd[1]: Starting modprobe@efi_pstore.service - Load Kernel Module efi_pstore...
2026-04-24T08:05:24,307602-07:00 systemd[1]: Starting modprobe@fuse.service - Load Kernel Module fuse...
2026-04-24T08:05:24,308742-07:00 systemd[1]: systemd-fsck-root.service - File System Check on Root Device was skipped because of an unmet condition check (ConditionPathExists=!/run/initramfs/fsck-root).
2026-04-24T08:05:24,308982-07:00 systemd[1]: systemd-hibernate-clear.service - Clear Stale Hibernate Storage Info was skipped because of an unmet condition check (ConditionPathExists=/sys/firmware/efi/efivars/HibernateLocation-8cf2644b-4b0b-428f-9387-6d876050dc67).
2026-04-24T08:05:24,327883-07:00 systemd[1]: Starting systemd-journald.service - Journal Service...
2026-04-24T08:05:24,348483-07:00 systemd[1]: Starting systemd-modules-load.service - Load Kernel Modules...
2026-04-24T08:05:24,348765-07:00 systemd[1]: systemd-pcrmachine.service - TPM PCR Machine ID Measurement was skipped because of an unmet condition check (ConditionSecurity=measured-uki).
2026-04-24T08:05:24,367382-07:00 systemd[1]: Starting systemd-remount-fs.service - Remount Root and Kernel File Systems...
2026-04-24T08:05:24,367688-07:00 systemd[1]: systemd-tpm2-setup-early.service - Early TPM SRK Setup was skipped because of an unmet condition check (ConditionSecurity=measured-uki).
2026-04-24T08:05:24,383900-07:00 systemd[1]: Starting systemd-udev-load-credentials.service - Load udev Rules from Credentials...
2026-04-24T08:05:24,392268-07:00 systemd[1]: Starting systemd-udev-trigger.service - Coldplug All udev Devices...
2026-04-24T08:05:24,410684-07:00 systemd[1]: Mounted dev-hugepages.mount - Huge Pages File System.
2026-04-24T08:05:24,411677-07:00 systemd[1]: Mounted dev-mqueue.mount - POSIX Message Queue File System.
2026-04-24T08:05:24,412241-07:00 systemd[1]: Mounted run-lock.mount - Legacy Locks Directory /run/lock.
2026-04-24T08:05:24,412787-07:00 systemd[1]: Mounted sys-kernel-debug.mount - Kernel Debug File System.
2026-04-24T08:05:24,413312-07:00 systemd[1]: Mounted sys-kernel-tracing.mount - Kernel Trace File System.
2026-04-24T08:05:24,419658-07:00 systemd[1]: Finished keyboard-setup.service - Set the console keyboard layout.
2026-04-24T08:05:24,422025-07:00 systemd[1]: Finished kmod-static-nodes.service - Create List of Static Device Nodes.
2026-04-24T08:05:24,451521-07:00 systemd[1]: Starting systemd-tmpfiles-setup-dev-early.service - Create Static Device Nodes in /dev gracefully...
2026-04-24T08:05:24,627003-07:00 systemd[1]: Finished systemd-udev-load-credentials.service - Load udev Rules from Credentials.
2026-04-24T08:05:24,730704-07:00 EXT4-fs (sda3): re-mounted 1d93df94-f6f2-4289-98ee-774f2f6a4bbd r/w.
2026-04-24T08:05:24,750899-07:00 systemd[1]: Finished systemd-remount-fs.service - Remount Root and Kernel File Systems.
2026-04-24T08:05:24,753031-07:00 systemd[1]: systemd-hwdb-update.service - Rebuild Hardware Database was skipped because of an unmet condition check (ConditionNeedsUpdate=/etc).
2026-04-24T08:05:24,770698-07:00 lp: driver loaded but no devices found
2026-04-24T08:05:24,772936-07:00 systemd[1]: Starting systemd-random-seed.service - Load/Save OS Random Seed...
2026-04-24T08:05:24,773070-07:00 systemd[1]: systemd-tpm2-setup.service - TPM SRK Setup was skipped because of an unmet condition check (ConditionSecurity=measured-uki).
2026-04-24T08:05:24,804618-07:00 systemd-journald[304]: Collecting audit messages is disabled.
2026-04-24T08:05:24,842634-07:00 ppdev: user-space parallel port driver
2026-04-24T08:05:24,856822-07:00 systemd[1]: Finished systemd-tmpfiles-setup-dev-early.service - Create Static Device Nodes in /dev gracefully.
2026-04-24T08:05:24,857716-07:00 systemd[1]: systemd-sysusers.service - Create System Users was skipped because no trigger condition checks were met.
2026-04-24T08:05:24,879303-07:00 systemd[1]: Starting systemd-timesyncd.service - Network Time Synchronization...
2026-04-24T08:05:24,902021-07:00 systemd[1]: Starting systemd-tmpfiles-setup-dev.service - Create Static Device Nodes in /dev...
2026-04-24T08:05:24,904827-07:00 systemd[1]: modprobe@configfs.service: Deactivated successfully.
2026-04-24T08:05:24,905925-07:00 systemd[1]: Finished modprobe@configfs.service - Load Kernel Module configfs.
2026-04-24T08:05:24,907833-07:00 systemd[1]: modprobe@drm.service: Deactivated successfully.
2026-04-24T08:05:24,911033-07:00 systemd[1]: Finished modprobe@drm.service - Load Kernel Module drm.
2026-04-24T08:05:24,912705-07:00 systemd[1]: modprobe@efi_pstore.service: Deactivated successfully.
2026-04-24T08:05:24,913814-07:00 systemd[1]: Finished modprobe@efi_pstore.service - Load Kernel Module efi_pstore.
2026-04-24T08:05:24,916519-07:00 systemd[1]: modprobe@fuse.service: Deactivated successfully.
2026-04-24T08:05:24,919053-07:00 systemd[1]: Finished modprobe@fuse.service - Load Kernel Module fuse.
2026-04-24T08:05:24,920129-07:00 systemd[1]: systemd-pstore.service - Platform Persistent Storage Archival was skipped because of an unmet condition check (ConditionDirectoryNotEmpty=/sys/fs/pstore).
2026-04-24T08:05:25,202923-07:00 systemd[1]: Finished systemd-tmpfiles-setup-dev.service - Create Static Device Nodes in /dev.
2026-04-24T08:05:25,219797-07:00 systemd[1]: Starting systemd-udevd.service - Rule-based Manager for Device Events and Files...
2026-04-24T08:05:25,230632-07:00 random: crng init done
2026-04-24T08:05:25,248704-07:00 systemd[1]: Finished systemd-random-seed.service - Load/Save OS Random Seed.
2026-04-24T08:05:25,337396-07:00 device-mapper: uevent: version 1.0.3
2026-04-24T08:05:25,338820-07:00 device-mapper: ioctl: 4.50.0-ioctl (2025-04-28) initialised: dm-devel@lists.linux.dev
2026-04-24T08:05:25,427079-07:00 systemd[1]: Mounting sys-fs-fuse-connections.mount - FUSE Control File System...
2026-04-24T08:05:25,435720-07:00 systemd[1]: Mounting sys-kernel-config.mount - Kernel Configuration File System...
2026-04-24T08:05:25,437688-07:00 systemd[1]: Finished lvm2-monitor.service - Monitoring of LVM2 mirrors, snapshots etc. using dmeventd or progress polling.
2026-04-24T08:05:25,438213-07:00 systemd[1]: Reached target local-fs-pre.target - Preparation for Local File Systems.
2026-04-24T08:05:25,438391-07:00 systemd[1]: var-lib-machines.mount - Virtual Machine and Container Storage (Compatibility) was skipped because of an unmet condition check (ConditionPathExists=/var/lib/machines.raw).
2026-04-24T08:05:25,438491-07:00 systemd[1]: Reached target machines.target - Containers.
2026-04-24T08:05:25,443636-07:00 systemd[1]: Listening on systemd-importd.socket - Disk Image Download Service Socket.
2026-04-24T08:05:25,485646-07:00 Key type encrypted registered
2026-04-24T08:05:25,509090-07:00 systemd[1]: Mounted sys-fs-fuse-connections.mount - FUSE Control File System.
2026-04-24T08:05:25,509932-07:00 systemd[1]: Mounted sys-kernel-config.mount - Kernel Configuration File System.
2026-04-24T08:05:25,620982-07:00 systemd[1]: Finished systemd-modules-load.service - Load Kernel Modules.
2026-04-24T08:05:25,626973-07:00 systemd[1]: Mounting proc-fs-nfsd.mount - NFSD configuration filesystem...
2026-04-24T08:05:25,639200-07:00 systemd[1]: Starting systemd-sysctl.service - Apply Kernel Variables...
2026-04-24T08:05:25,855841-07:00 systemd[1]: Started systemd-timesyncd.service - Network Time Synchronization.
2026-04-24T08:05:25,859210-07:00 systemd[1]: Reached target time-set.target - System Time Set.
2026-04-24T08:05:25,970208-07:00 RPC: Registered named UNIX socket transport module.
2026-04-24T08:05:25,970227-07:00 RPC: Registered udp transport module.
2026-04-24T08:05:25,970230-07:00 RPC: Registered tcp transport module.
2026-04-24T08:05:25,970233-07:00 RPC: Registered tcp-with-tls transport module.
2026-04-24T08:05:25,970236-07:00 RPC: Registered tcp NFSv4.1 backchannel transport module.
2026-04-24T08:05:26,148527-07:00 systemd[1]: Started systemd-journald.service - Journal Service.
2026-04-24T08:05:26,475090-07:00 systemd-journald[304]: Received client request to flush runtime journal.
2026-04-24T08:05:27,814652-07:00 sd 0:0:0:0: Attached scsi generic sg0 type 0
2026-04-24T08:05:27,952194-07:00 io scheduler kyber registered
2026-04-24T08:05:28,536763-07:00 mousedev: PS/2 mouse device common for all mice
2026-04-24T08:05:30,405411-07:00 input: PC Speaker as /devices/platform/pcspkr/input/input15
2026-04-24T08:05:30,409590-07:00 cfg80211: Loading compiled-in X.509 certificates for regulatory database
2026-04-24T08:05:30,437328-07:00 acpi_cpufreq: overriding BIOS provided _PSD data
2026-04-24T08:05:30,486751-07:00 Loaded X.509 cert 'sforshee: 00b28ddf47aef9cea7'
2026-04-24T08:05:30,487636-07:00 Loaded X.509 cert 'wens: 61c038651aabdcf94bd0ac7ff06c7248db18c600'
2026-04-24T08:05:30,493500-07:00 cfg80211: loaded regulatory.db is malformed or signature is missing/invalid
2026-04-24T08:05:30,613327-07:00 Adding 8593404k swap on /dev/sda2.  Priority:-2 extents:1 across:8593404k SS
2026-04-24T08:05:31,826618-07:00 thinkpad_acpi: ThinkPad ACPI Extras v0.26
2026-04-24T08:05:31,826637-07:00 thinkpad_acpi: http://ibm-acpi.sf.net/
2026-04-24T08:05:31,826641-07:00 thinkpad_acpi: ThinkPad BIOS 8RET54WW (1.17 ), EC unknown
2026-04-24T08:05:31,826645-07:00 thinkpad_acpi: Lenovo ThinkPad X130e, model 06222DU
2026-04-24T08:05:32,794043-07:00 thinkpad_acpi: radio switch found; radios are enabled
2026-04-24T08:05:32,882108-07:00 thinkpad_acpi: Tablet mode switch found (type: MHKG), currently in laptop mode
2026-04-24T08:05:32,882170-07:00 thinkpad_acpi: This ThinkPad has standard ACPI backlight brightness control, supported by the ACPI video driver
2026-04-24T08:05:32,882175-07:00 thinkpad_acpi: Disabling thinkpad-acpi brightness events by default...
2026-04-24T08:05:36,076736-07:00 input: HD-Audio Generic HDMI/DP,pcm=3 as /devices/pci0000:00/0000:00:01.1/sound/card0/input17
2026-04-24T08:05:36,217649-07:00 snd_hda_codec_conexant hdaudioC1D0: CX20590: BIOS auto-probing.
2026-04-24T08:05:36,220015-07:00 snd_hda_codec_conexant hdaudioC1D0: CX20590: picked fixup  for PCI SSID 17aa:0000
2026-04-24T08:05:36,220204-07:00 snd_hda_codec_conexant hdaudioC1D0: autoconfig for CX20590: line_outs=1 (0x1f/0x0/0x0/0x0/0x0) type:speaker
2026-04-24T08:05:36,220217-07:00 snd_hda_codec_conexant hdaudioC1D0:    speaker_outs=0 (0x0/0x0/0x0/0x0/0x0)
2026-04-24T08:05:36,220225-07:00 snd_hda_codec_conexant hdaudioC1D0:    hp_outs=1 (0x19/0x0/0x0/0x0/0x0)
2026-04-24T08:05:36,220232-07:00 snd_hda_codec_conexant hdaudioC1D0:    mono: mono_out=0x0
2026-04-24T08:05:36,220237-07:00 snd_hda_codec_conexant hdaudioC1D0:    inputs:
2026-04-24T08:05:36,220244-07:00 snd_hda_codec_conexant hdaudioC1D0:      Internal Mic=0x23
2026-04-24T08:05:36,220250-07:00 snd_hda_codec_conexant hdaudioC1D0:      Mic=0x1b
2026-04-24T08:05:36,266818-07:00 zram: Added device: zram0
2026-04-24T08:05:36,277955-07:00 input: HDA ATI SB Mic as /devices/pci0000:00/0000:00:14.2/sound/card1/input18
2026-04-24T08:05:36,278316-07:00 input: HDA ATI SB Headphone as /devices/pci0000:00/0000:00:14.2/sound/card1/input19
2026-04-24T08:05:36,486882-07:00 zram0: detected capacity change from 0 to 7981200
2026-04-24T08:05:36,559091-07:00 Adding 3990596k swap on /dev/zram0.  Priority:100 extents:1 across:3990596k SS
2026-04-24T08:05:37,023200-07:00 rtl8192ce: Chip Version ID: B_CHIP_88C
2026-04-24T08:05:37,062989-07:00 thinkpad_acpi: rfkill switch tpacpi_bluetooth_sw: radio is unblocked
2026-04-24T08:05:37,181557-07:00 rtl8192ce: Using firmware rtlwifi/rtl8192cfw.bin
2026-04-24T08:05:37,289831-07:00 ieee80211 phy0: Selected rate control algorithm 'rtl_rc'
2026-04-24T08:05:37,403036-07:00 rtlwifi: rtlwifi: wireless switch is on
2026-04-24T08:05:37,858281-07:00 rtl8192ce 0000:01:00.0 wlp1s0: renamed from wlan0
2026-04-24T08:05:38,112731-07:00 atl1c 0000:02:00.0: atl1c: enp2s0 NIC Link is Up<1000 Mbps Full Duplex>
2026-04-24T08:05:39,040348-07:00 mc: Linux media interface: v0.10
2026-04-24T08:05:39,584262-07:00 thinkpad_acpi: secondary fan control detected & enabled
2026-04-24T08:05:39,896082-07:00 ACPI: \_SB_.PCI0.LPC0.EC__.HKEY: BCTG evaluated but flagged as error
2026-04-24T08:05:39,896104-07:00 thinkpad_acpi: Error probing battery 2
2026-04-24T08:05:39,896112-07:00 ACPI: battery: hook failed to load: ThinkPad Battery Extension
2026-04-24T08:05:39,896136-07:00 ACPI: battery: hook unregistered: ThinkPad Battery Extension
2026-04-24T08:05:39,900098-07:00 input: ThinkPad Extra Buttons as /devices/platform/thinkpad_acpi/input/input16
2026-04-24T08:05:40,694839-07:00 Bluetooth: Core ver 2.22
2026-04-24T08:05:40,695018-07:00 NET: Registered PF_BLUETOOTH protocol family
2026-04-24T08:05:40,695025-07:00 Bluetooth: HCI device and connection manager initialized
2026-04-24T08:05:40,695043-07:00 Bluetooth: HCI socket layer initialized
2026-04-24T08:05:40,695051-07:00 Bluetooth: L2CAP socket layer initialized
2026-04-24T08:05:40,695071-07:00 Bluetooth: SCO socket layer initialized
2026-04-24T08:05:41,140909-07:00 videodev: Linux video capture interface: v2.00
2026-04-24T08:05:41,591380-07:00 NFSD: Using nfsdcld client tracking operations.
2026-04-24T08:05:41,591400-07:00 NFSD: no clients to reclaim, skipping NFSv4 grace period (net effffff9)
2026-04-24T08:05:43,240338-07:00 usbcore: registered new interface driver btusb
2026-04-24T08:05:44,303679-07:00 uvcvideo 4-5:1.0: Found UVC 1.00 device Integrated Camera (04f2:b2b9)
2026-04-24T08:05:44,528556-07:00 usbcore: registered new interface driver uvcvideo
2026-04-24T08:05:45,293929-07:00 bridge: filtering via arp/ip/ip6tables is no longer available by default. Update your scripts to load br_netfilter if you need this.
2026-04-24T08:05:45,440375-07:00 Bridge firewalling registered
2026-04-24T08:05:46,032360-07:00 Bluetooth: BNEP (Ethernet Emulation) ver 1.3
2026-04-24T08:05:46,032385-07:00 Bluetooth: BNEP filters: protocol multicast
2026-04-24T08:05:46,032408-07:00 Bluetooth: BNEP socket layer initialized
2026-04-24T08:05:46,129776-07:00 Bluetooth: MGMT ver 1.23
2026-04-24T08:05:46,229565-07:00 Bluetooth: RFCOMM TTY layer initialized
2026-04-24T08:05:46,229603-07:00 Bluetooth: RFCOMM socket layer initialized
2026-04-24T08:05:46,229631-07:00 Bluetooth: RFCOMM ver 1.11
2026-04-24T08:05:47,244003-07:00 Initializing XFRM netlink socket
