ninja: Entering directory `build-terakan-plain'
[1/368] Generating src/git_sha1.h with a custom command
[2/368] Compiling C object src/compiler/nir/libnir.a.p/nir_builtin_builder.c.o
[3/368] Compiling C object src/compiler/nir/libnir.a.p/nir_clip_cull_distance_io_utils.c.o
[4/368] Compiling C object src/compiler/nir/libnir.a.p/nir_clone.c.o
[5/368] Compiling C object src/compiler/nir/libnir.a.p/nir_control_flow.c.o
[6/368] Compiling C object src/compiler/nir/libnir.a.p/nir_deref.c.o
[7/368] Compiling C object src/compiler/nir/libnir.a.p/nir_divergence_analysis.c.o
[8/368] Compiling C object src/compiler/nir/libnir.a.p/nir_dominance.c.o
[9/368] Compiling C object src/compiler/nir/libnir.a.p/nir_dominance_lca.c.o
[10/368] Compiling C object src/compiler/nir/libnir.a.p/nir_downgrade_pls_vars.c.o
[11/368] Compiling C object src/compiler/nir/libnir.a.p/nir_fixup_is_exported.c.o
[12/368] Compiling C object src/compiler/nir/libnir.a.p/nir_format_convert.c.o
[13/368] Compiling C object src/compiler/nir/libnir.a.p/meson-generated_.._nir_opt_algebraic.c.o
[14/368] Compiling C object src/compiler/nir/libnir.a.p/nir_from_ssa.c.o
[15/368] Compiling C object src/compiler/nir/libnir.a.p/nir_gather_info.c.o
[16/368] Compiling C object src/compiler/nir/libnir.a.p/nir_functions.c.o
[17/368] Compiling C object src/compiler/nir/libnir.a.p/nir_gather_tcs_info.c.o
[18/368] Compiling C object src/compiler/nir/libnir.a.p/nir_gather_output_deps.c.o
[19/368] Compiling C object src/compiler/nir/libnir.a.p/nir_gather_types.c.o
[20/368] Compiling C object src/compiler/nir/libnir.a.p/nir_gather_xfb_info.c.o
[21/368] Compiling C object src/compiler/nir/libnir.a.p/nir_opt_group_loads.c.o
[22/368] Compiling C object src/compiler/nir/libnir.a.p/nir_gs_count_vertices.c.o
[23/368] Compiling C object src/compiler/nir/libnir.a.p/nir_inline_sysval.c.o
[24/368] Compiling C object src/compiler/nir/libnir.a.p/meson-generated_.._nir_constant_expressions.c.o
[25/368] Compiling C object src/compiler/nir/libnir.a.p/nir_instr_set.c.o
[26/368] Compiling C object src/compiler/nir/libnir.a.p/nir_inline_uniforms.c.o
[27/368] Compiling C object src/compiler/nir/libnir.a.p/nir_io_add_xfb_info.c.o
[28/368] Compiling C object src/compiler/nir/libnir.a.p/nir_liveness.c.o
[29/368] Compiling C object src/compiler/nir/libnir.a.p/nir_legacy.c.o
[30/368] Compiling C object src/compiler/nir/libnir.a.p/nir_linking_helpers.c.o
[31/368] Compiling C object src/compiler/nir/libnir.a.p/nir_lower_alu.c.o
[32/368] Compiling C object src/compiler/nir/libnir.a.p/nir_loop_analyze.c.o
[33/368] Compiling C object src/compiler/nir/libnir.a.p/nir_lower_amul.c.o
[34/368] Compiling C object src/compiler/nir/libnir.a.p/nir_lower_alu_width.c.o
[35/368] Compiling C object src/compiler/nir/libnir.a.p/nir_lower_alpha.c.o
[36/368] Compiling C object src/compiler/nir/libnir.a.p/nir_lower_array_deref_of_vec.c.o
[37/368] Compiling C object src/compiler/nir/libnir.a.p/nir_lower_atomics_to_ssbo.c.o
[38/368] Compiling C object src/compiler/nir/libnir.a.p/nir_lower_bitmap.c.o
[39/368] Compiling C object src/compiler/nir/libnir.a.p/nir_lower_bool_to_float.c.o
[40/368] Compiling C object src/compiler/nir/libnir.a.p/nir_lower_bool_to_int32.c.o
[41/368] Compiling C object src/compiler/nir/libnir.a.p/nir_lower_blend.c.o
[42/368] Compiling C object src/compiler/nir/libnir.a.p/nir_lower_calls_to_builtins.c.o
[43/368] Compiling C object src/compiler/nir/libnir.a.p/nir_lower_cl_images.c.o
[44/368] Compiling C object src/compiler/nir/libnir.a.p/nir_lower_clamp_color_outputs.c.o
[45/368] Compiling C object src/compiler/nir/libnir.a.p/nir_lower_clip_disable.c.o
[46/368] Compiling C object src/compiler/nir/libnir.a.p/nir_lower_clip_halfz.c.o
[47/368] Compiling C object src/compiler/nir/libnir.a.p/nir_lower_clip.c.o
[48/368] Compiling C object src/compiler/nir/libnir.a.p/nir_lower_const_arrays_to_uniforms.c.o
[49/368] Compiling C object src/compiler/nir/libnir.a.p/nir_lower_continue_constructs.c.o
[50/368] Compiling C object src/compiler/nir/libnir.a.p/nir_lower_convert_alu_types.c.o
[51/368] Compiling C object src/compiler/nir/libnir.a.p/nir_lower_discard_if.c.o
[52/368] Compiling C object src/compiler/nir/libnir.a.p/nir_lower_variable_initializers.c.o
[53/368] Compiling C object src/compiler/nir/libnir.a.p/nir_lower_cooperative_matrix.c.o
[54/368] Compiling C object src/compiler/nir/libnir.a.p/nir_lower_double_ops.c.o
[55/368] Compiling C object src/compiler/nir/libnir.a.p/nir_lower_fb_read.c.o
[56/368] Compiling C object src/compiler/nir/libnir.a.p/nir_lower_explicit_io.c.o
[57/368] Compiling C object src/compiler/nir/libnir.a.p/nir_lower_flatshade.c.o
[58/368] Compiling C object src/compiler/nir/libnir.a.p/nir_lower_floats.c.o
[59/368] Compiling C object src/compiler/nir/libnir.a.p/nir_lower_flrp.c.o
[60/368] Compiling C object src/compiler/nir/libnir.a.p/nir_lower_fp16_conv.c.o
[61/368] Compiling C object src/compiler/nir/libnir.a.p/nir_lower_fragcoord_wtrans.c.o
[62/368] Compiling C object src/compiler/nir/libnir.a.p/nir_lower_frag_coord_to_pixel_coord.c.o
[63/368] Compiling C object src/compiler/nir/libnir.a.p/nir_lower_fragcolor.c.o
[64/368] Compiling C object src/compiler/nir/libnir.a.p/nir_lower_frexp.c.o
[65/368] Compiling C object src/compiler/nir/libnir.a.p/nir_lower_global_vars_to_local.c.o
[66/368] Compiling C object src/compiler/nir/libnir.a.p/nir_lower_halt_to_return.c.o
[67/368] Compiling C object src/compiler/nir/libnir.a.p/nir_lower_goto_ifs.c.o
[68/368] Compiling C object src/compiler/nir/libnir.a.p/nir_lower_gs_intrinsics.c.o
[69/368] Compiling C object src/compiler/nir/libnir.a.p/nir_lower_helper_writes.c.o
[70/368] Compiling C object src/compiler/nir/libnir.a.p/nir_lower_load_const_to_scalar.c.o
[71/368] Compiling C object src/compiler/nir/libnir.a.p/nir_lower_locals_to_regs.c.o
[72/368] Compiling C object src/compiler/nir/libnir.a.p/nir_lower_idiv.c.o
[73/368] Compiling C object src/compiler/nir/libnir.a.p/nir_lower_image.c.o
[74/368] Compiling C object src/compiler/nir/libnir.a.p/nir_lower_image_atomics_to_global.c.o
[75/368] Compiling C object src/compiler/nir/libnir.a.p/nir_lower_indirect_derefs_to_if_else_trees.c.o
[76/368] Compiling C object src/compiler/nir/libnir.a.p/nir_lower_input_attachments.c.o
[77/368] Compiling C object src/compiler/nir/libnir.a.p/nir_lower_interpolation.c.o
[78/368] Compiling C object src/compiler/nir/libnir.a.p/nir_lower_int64.c.o
[79/368] Compiling C object src/compiler/nir/libnir.a.p/nir_lower_int_to_float.c.o
[80/368] Compiling C object src/compiler/nir/libnir.a.p/nir_lower_io_array_vars_to_elements.c.o
[81/368] Compiling C object src/compiler/nir/libnir.a.p/nir_lower_io_indirect_loads.c.o
[82/368] Compiling C object src/compiler/nir/libnir.a.p/nir_lower_io.c.o
[83/368] Compiling C object src/compiler/nir/libnir.a.p/nir_lower_io_vars_to_temporaries.c.o
[84/368] Compiling C object src/compiler/nir/libnir.a.p/nir_lower_io_to_scalar.c.o
[85/368] Compiling C object src/compiler/nir/libnir.a.p/nir_lower_io_vars_to_scalar.c.o
[86/368] Compiling C object src/compiler/nir/libnir.a.p/nir_lower_is_helper_invocation.c.o
[87/368] Compiling C object src/compiler/nir/libnir.a.p/nir_lower_multiview.c.o
[88/368] Compiling C object src/compiler/nir/libnir.a.p/nir_lower_mediump.c.o
[89/368] Compiling C object src/compiler/nir/libnir.a.p/nir_lower_memcpy.c.o
[90/368] Compiling C object src/compiler/nir/libnir.a.p/nir_lower_mem_access_bit_sizes.c.o
[91/368] Compiling C object src/compiler/nir/libnir.a.p/nir_lower_memory_model.c.o
[92/368] Compiling C object src/compiler/nir/libnir.a.p/nir_lower_passthrough_edgeflags.c.o
[93/368] Compiling C object src/compiler/nir/libnir.a.p/nir_lower_packing.c.o
[94/368] Compiling C object src/compiler/nir/libnir.a.p/nir_lower_non_uniform_access.c.o
[95/368] Compiling C object src/compiler/nir/libnir.a.p/nir_lower_patch_vertices.c.o
[96/368] Compiling C object src/compiler/nir/libnir.a.p/nir_lower_pntc_ytransform.c.o
[97/368] Compiling C object src/compiler/nir/libnir.a.p/nir_lower_phis_to_scalar.c.o
[98/368] Compiling C object src/compiler/nir/libnir.a.p/nir_lower_point_size.c.o
[99/368] Compiling C object src/compiler/nir/libnir.a.p/nir_lower_poly_line_smooth.c.o
[100/368] Compiling C object src/compiler/nir/libnir.a.p/nir_lower_point_smooth.c.o
[101/368] Compiling C object src/compiler/nir/libnir.a.p/nir_lower_printf.c.o
[102/368] Compiling C object src/compiler/nir/libnir.a.p/nir_lower_reg_intrinsics_to_ssa.c.o
[103/368] Compiling C object src/compiler/nir/libnir.a.p/nir_lower_readonly_images_to_tex.c.o
[104/368] Compiling C object src/compiler/nir/libnir.a.p/nir_lower_returns.c.o
[105/368] Compiling C object src/compiler/nir/libnir.a.p/nir_lower_samplers.c.o
[106/368] Compiling C object src/compiler/nir/libnir.a.p/nir_lower_robust_access.c.o
[107/368] Compiling C object src/compiler/nir/libnir.a.p/nir_lower_sample_shading.c.o
[108/368] Compiling C object src/compiler/nir/libnir.a.p/nir_lower_scratch.c.o
[109/368] Compiling C object src/compiler/nir/libnir.a.p/nir_lower_scratch_to_var.c.o
[110/368] Compiling C object src/compiler/nir/libnir.a.p/nir_lower_single_sampled.c.o
[111/368] Compiling C object src/compiler/nir/libnir.a.p/nir_lower_ssbo.c.o
[112/368] Compiling C object src/compiler/nir/libnir.a.p/nir_lower_system_values.c.o
[113/368] Compiling C object src/compiler/nir/libnir.a.p/nir_lower_shader_calls.c.o
[114/368] Compiling C object src/compiler/nir/libnir.a.p/nir_lower_subgroups.c.o
[115/368] Compiling C object src/compiler/nir/libnir.a.p/nir_lower_terminate_to_demote.c.o
[116/368] Compiling C object src/compiler/nir/libnir.a.p/nir_lower_task_shader.c.o
[117/368] Compiling C object src/compiler/nir/libnir.a.p/nir_lower_tess_coord_z.c.o
[118/368] Compiling C object src/compiler/nir/libnir.a.p/nir_lower_tex_shadow.c.o
[119/368] Compiling C object src/compiler/nir/libnir.a.p/nir_lower_texcoord_replace.c.o
[120/368] Compiling C object src/compiler/nir/libnir.a.p/nir_lower_texcoord_replace_late.c.o
[121/368] Compiling C object src/compiler/nir/libnir.a.p/nir_lower_two_sided_color.c.o
[122/368] Compiling C object src/compiler/nir/libnir.a.p/nir_lower_tex.c.o
[123/368] Compiling C object src/compiler/nir/libnir.a.p/nir_lower_undef_to_zero.c.o
[124/368] Compiling C object src/compiler/nir/libnir.a.p/nir_lower_vars_to_ssa.c.o
[125/368] Compiling C object src/compiler/nir/libnir.a.p/nir_lower_var_copies.c.o
[126/368] Compiling C object src/compiler/nir/libnir.a.p/nir_lower_vec_to_regs.c.o
[127/368] Compiling C object src/compiler/nir/libnir.a.p/nir_lower_view_index_to_device_index.c.o
[128/368] Compiling C object src/compiler/nir/libnir.a.p/nir_lower_vec3_to_vec4.c.o
[129/368] Compiling C object src/compiler/nir/libnir.a.p/nir_lower_viewport_transform.c.o
[130/368] Compiling C object src/compiler/nir/libnir.a.p/nir_lower_wpos_center.c.o
[131/368] Compiling C object src/compiler/nir/libnir.a.p/nir_lower_wpos_ytransform.c.o
[132/368] Compiling C object src/compiler/nir/libnir.a.p/nir_lower_wrmasks.c.o
[133/368] Compiling C object src/compiler/nir/libnir.a.p/nir_lower_bit_size.c.o
[134/368] Compiling C object src/compiler/nir/libnir.a.p/nir_lower_ubo_vec4.c.o
[135/368] Compiling C object src/compiler/nir/libnir.a.p/nir_lower_uniforms_to_ubo.c.o
[136/368] Compiling C object src/compiler/nir/libnir.a.p/nir_metadata.c.o
[137/368] Compiling C object src/compiler/nir/libnir.a.p/nir_lower_sysvals_to_varyings.c.o
[138/368] Compiling C object src/compiler/nir/libnir.a.p/nir_lower_workgroup_size.c.o
[139/368] Compiling C object src/compiler/nir/libnir.a.p/nir_mod_analysis.c.o
[140/368] Compiling C object src/compiler/nir/libnir.a.p/nir_move_vec_src_uses_to_dest.c.o
[141/368] Compiling C object src/compiler/nir/libnir.a.p/nir_move_output_stores_to_end.c.o
[142/368] Compiling C object src/compiler/nir/libnir.a.p/nir_normalize_cubemap_coords.c.o
[143/368] Compiling C object src/compiler/nir/libnir.a.p/nir_normalize_sin_cos.c.o
[144/368] Compiling C object src/compiler/nir/libnir.a.p/nir_opt_access.c.o
[145/368] Compiling C object src/compiler/nir/libnir.a.p/nir_opt_barriers.c.o
[146/368] Compiling C object src/compiler/nir/libnir.a.p/nir_opt_barycentric.c.o
[147/368] Compiling C object src/compiler/nir/libnir.a.p/nir_opt_call.c.o
[148/368] Compiling C object src/compiler/nir/libnir.a.p/nir_opt_clip_cull_const.c.o
[149/368] Compiling C object src/compiler/nir/libnir.a.p/nir_opt_combine_stores.c.o
[150/368] Compiling C object src/compiler/nir/libnir.a.p/nir_opt_comparison_pre.c.o
[151/368] Compiling C object src/compiler/nir/libnir.a.p/nir_opt_constant_folding.c.o
[152/368] Compiling C object src/compiler/nir/libnir.a.p/nir_opt_cse.c.o
[153/368] Compiling C object src/compiler/nir/libnir.a.p/nir_opt_copy_propagate.c.o
[154/368] Compiling C object src/compiler/nir/libnir.a.p/nir_opt_dce.c.o
[155/368] Compiling C object src/compiler/nir/libnir.a.p/nir_opt_copy_prop_vars.c.o
[156/368] Compiling C object src/compiler/nir/libnir.a.p/nir_opt_dead_cf.c.o
[157/368] Compiling C object src/compiler/nir/libnir.a.p/nir_opt_fp_math_ctrl.c.o
[158/368] Compiling C object src/compiler/nir/libnir.a.p/nir_opt_dead_write_vars.c.o
[159/368] Compiling C object src/compiler/nir/libnir.a.p/nir_opt_find_array_copies.c.o
[160/368] Compiling C object src/compiler/nir/libnir.a.p/nir_opt_frag_coord_to_pixel_coord.c.o
[161/368] Compiling C object src/compiler/nir/libnir.a.p/nir_opt_fragdepth.c.o
[162/368] Compiling C object src/compiler/nir/libnir.a.p/nir_opt_gcm.c.o
[163/368] Compiling C object src/compiler/nir/libnir.a.p/nir_opt_generate_bfi.c.o
[164/368] Compiling C object src/compiler/nir/libnir.a.p/nir_opt_idiv_const.c.o
[165/368] Compiling C object src/compiler/nir/libnir.a.p/nir_opt_if.c.o
[166/368] Compiling C object src/compiler/nir/libnir.a.p/nir_opt_licm.c.o
[167/368] Compiling C object src/compiler/nir/libnir.a.p/nir_opt_large_constants.c.o
[168/368] Compiling C object src/compiler/nir/libnir.a.p/nir_opt_intrinsics.c.o
[169/368] Compiling C object src/compiler/nir/libnir.a.p/nir_opt_load_skip_helpers.c.o
[170/368] Compiling C object src/compiler/nir/libnir.a.p/nir_opt_loop.c.o
[171/368] Compiling C object src/compiler/nir/libnir.a.p/nir_opt_loop_unroll.c.o
[172/368] Compiling C object src/compiler/nir/libnir.a.p/nir_opt_move.c.o
[173/368] Compiling C object src/compiler/nir/libnir.a.p/nir_opt_load_store_vectorize.c.o
[174/368] Compiling C object src/compiler/nir/libnir.a.p/nir_opt_memcpy.c.o
[175/368] Compiling C object src/compiler/nir/libnir.a.p/nir_opt_move_discards_to_top.c.o
[176/368] Compiling C object src/compiler/nir/libnir.a.p/nir_opt_move_to_top.c.o
[177/368] Compiling C object src/compiler/nir/libnir.a.p/nir_opt_mqsad.c.o
[178/368] Compiling C object src/compiler/nir/libnir.a.p/nir_opt_non_uniform_access.c.o
[179/368] Compiling C object src/compiler/nir/libnir.a.p/nir_opt_offsets.c.o
[180/368] Compiling C object src/compiler/nir/libnir.a.p/nir_opt_peephole_select.c.o
[181/368] Compiling C object src/compiler/nir/libnir.a.p/nir_opt_phi_precision.c.o
[182/368] Compiling C object src/compiler/nir/libnir.a.p/nir_opt_phi_to_bool.c.o
[183/368] Compiling C object src/compiler/nir/libnir.a.p/nir_opt_preamble.c.o
[184/368] Compiling C object src/compiler/nir/libnir.a.p/nir_opt_ray_queries.c.o
[185/368] Compiling C object src/compiler/nir/libnir.a.p/nir_opt_reassociate.c.o
[186/368] Compiling C object src/compiler/nir/libnir.a.p/nir_opt_reassociate_bfi.c.o
[187/368] Compiling C object src/compiler/nir/libnir.a.p/nir_opt_rematerialize_compares.c.o
[188/368] Compiling C object src/compiler/nir/libnir.a.p/nir_opt_remove_phis.c.o
[189/368] Compiling C object src/compiler/nir/libnir.a.p/nir_opt_shrink_stores.c.o
[190/368] Compiling C object src/compiler/nir/libnir.a.p/nir_opt_sink.c.o
[191/368] Compiling C object src/compiler/nir/libnir.a.p/nir_opt_shrink_vectors.c.o
[192/368] Compiling C object src/compiler/nir/libnir.a.p/nir_opt_undef.c.o
[193/368] Compiling C object src/compiler/nir/libnir.a.p/nir_opt_uniform_atomics.c.o
[194/368] Compiling C object src/compiler/nir/libnir.a.p/nir_opt_uniform_subgroup.c.o
[195/368] Compiling C object src/compiler/nir/libnir.a.p/nir_opt_uub.c.o
[196/368] Compiling C object src/compiler/nir/libnir.a.p/nir_opt_vectorize.c.o
[197/368] Compiling C object src/compiler/nir/libnir.a.p/nir_opt_vectorize_io.c.o
[198/368] Compiling C object src/compiler/nir/libnir.a.p/nir_opt_vectorize_io_vars.c.o
[199/368] Compiling C object src/compiler/nir/libnir.a.p/nir_passthrough_gs.c.o
[200/368] Compiling C object src/compiler/nir/libnir.a.p/nir_opt_varyings.c.o
[201/368] Compiling C object src/compiler/nir/libnir.a.p/nir_phi_builder.c.o
[202/368] Compiling C object src/compiler/nir/libnir.a.p/nir_passthrough_tcs.c.o
[203/368] Compiling C object src/compiler/nir/libnir.a.p/nir_propagate_invariant.c.o
[204/368] Compiling C object src/compiler/nir/libnir.a.p/nir_recompute_io_bases.c.o
[205/368] Compiling C object src/compiler/nir/libnir.a.p/nir_range_analysis.c.o
[206/368] Compiling C object src/compiler/nir/libnir.a.p/nir_print.c.o
[207/368] Compiling C object src/compiler/nir/libnir.a.p/nir_remove_dead_variables.c.o
[208/368] Compiling C object src/compiler/nir/libnir.a.p/nir_remove_outputs.c.o
[209/368] Compiling C object src/compiler/nir/libnir.a.p/nir_remove_tex_shadow.c.o
[210/368] Compiling C object src/compiler/nir/libnir.a.p/nir_repair_ssa.c.o
[211/368] Compiling C object src/compiler/nir/libnir.a.p/nir_scale_fdiv.c.o
[212/368] Compiling C object src/compiler/nir/libnir.a.p/nir_schedule.c.o
[213/368] Compiling C object src/compiler/nir/libnir.a.p/nir_search.c.o
[214/368] Compiling C object src/compiler/nir/libnir.a.p/nir_separate_merged_clip_cull_io.c.o
[215/368] Compiling C object src/compiler/nir/libnir.a.p/nir_shader_bisect.c.o
[216/368] Compiling C object src/compiler/nir/libnir.a.p/nir_serialize.c.o
[217/368] Compiling C object src/compiler/nir/libnir.a.p/nir_split_conversions.c.o
[218/368] Compiling C object src/compiler/nir/libnir.a.p/nir_split_64bit_vec3_and_vec4.c.o
[219/368] Compiling C object src/compiler/nir/libnir.a.p/nir_split_per_member_structs.c.o
[220/368] Compiling C object src/compiler/nir/libnir.a.p/nir_split_var_copies.c.o
[221/368] Compiling C object src/compiler/nir/libnir.a.p/nir_sweep.c.o
[222/368] Compiling C object src/compiler/nir/libnir.a.p/nir_to_lcssa.c.o
[223/368] Compiling C object src/compiler/nir/libnir.a.p/nir_split_vars.c.o
[224/368] Compiling C object src/compiler/nir/libnir.a.p/nir_trivialize_registers.c.o
[225/368] Compiling C object src/compiler/nir/libnir.a.p/nir_use_dominance.c.o
[226/368] Compiling C object src/compiler/nir/libnir.a.p/nir_worklist.c.o
[227/368] Compiling C object src/compiler/nir/libnir.a.p/nir_unlower_io_to_vars.c.o
[228/368] Compiling C object src/compiler/spirv/libvtn.a.p/meson-generated_.._vtn_gather_types.c.o
[229/368] Compiling C object src/compiler/nir/libnir.a.p/nir_lower_atomics.c.o
[230/368] Compiling C object src/compiler/nir/libnir.a.p/nir_validate.c.o
[231/368] Compiling C object src/compiler/spirv/libvtn.a.p/gl_spirv.c.o
[232/368] Compiling C object src/compiler/spirv/libvtn.a.p/vtn_alu.c.o
[233/368] Compiling C object src/compiler/spirv/libvtn.a.p/vtn_amd.c.o
[234/368] Compiling C object src/compiler/spirv/libvtn.a.p/vtn_cfg.c.o
[235/368] Compiling C object src/compiler/spirv/libvtn.a.p/vtn_cmat.c.o
[236/368] Compiling C object src/compiler/spirv/libvtn.a.p/spirv_to_nir.c.o
[237/368] Compiling C object src/compiler/spirv/libvtn.a.p/vtn_debug.c.o
[238/368] Compiling C object src/compiler/spirv/libvtn.a.p/vtn_glsl450.c.o
[239/368] Compiling C object src/compiler/spirv/libvtn.a.p/vtn_opencl.c.o
[240/368] Compiling C object src/compiler/spirv/libvtn.a.p/vtn_structured_cfg.c.o
[241/368] Compiling C object src/compiler/spirv/libvtn.a.p/vtn_subgroup.c.o
[242/368] Compiling C object src/vulkan/runtime/libvulkan_runtime.a.p/vk_meta.c.o
[243/368] Compiling C object src/vulkan/runtime/libvulkan_runtime.a.p/vk_meta_blit_resolve.c.o
[244/368] Compiling C object src/compiler/spirv/libvtn.a.p/vtn_variables.c.o
[245/368] Compiling C object src/vulkan/runtime/libvulkan_runtime.a.p/vk_meta_clear.c.o
[246/368] Compiling C object src/vulkan/runtime/libvulkan_runtime.a.p/vk_nir.c.o
[247/368] Compiling C object src/vulkan/runtime/libvulkan_runtime.a.p/vk_meta_draw_rects.c.o
[248/368] Compiling C object src/vulkan/runtime/libvulkan_runtime.a.p/vk_meta_copy_fill_update.c.o
[249/368] Compiling C object src/vulkan/runtime/libvulkan_runtime.a.p/vk_nir_convert_ycbcr.c.o
[250/368] Compiling C object src/vulkan/runtime/libvulkan_runtime.a.p/vk_nir_lower_descriptor_heaps.c.o
[251/368] Compiling C object src/vulkan/runtime/libvulkan_runtime.a.p/vk_shader.c.o
[252/368] Compiling C object src/vulkan/runtime/libvulkan_runtime.a.p/vk_pipeline.c.o
[253/368] Compiling C object src/vulkan/runtime/libvulkan_runtime.a.p/vk_texcompress_etc2.c.o
[254/368] Compiling C++ object src/amd/terascale/compiler/libamd_terascale_compiler.a.p/.._.._.._gallium_drivers_r600_sfn_sfn_debug.cpp.o
[255/368] Compiling C++ object src/amd/terascale/compiler/libamd_terascale_compiler.a.p/.._.._.._gallium_drivers_r600_sfn_sfn_conditionaljumptracker.cpp.o
[256/368] Compiling C++ object src/amd/terascale/compiler/libamd_terascale_compiler.a.p/.._.._.._gallium_drivers_r600_sfn_sfn_assembler.cpp.o
[257/368] Compiling C++ object src/amd/terascale/compiler/libamd_terascale_compiler.a.p/.._.._.._gallium_drivers_r600_sfn_sfn_instr.cpp.o
[258/368] Compiling C++ object src/amd/terascale/compiler/libamd_terascale_compiler.a.p/.._.._.._gallium_drivers_r600_sfn_sfn_instr_alugroup.cpp.o
[259/368] Compiling C++ object src/amd/terascale/compiler/libamd_terascale_compiler.a.p/.._.._.._gallium_drivers_r600_sfn_sfn_instr_export.cpp.o
[260/368] Compiling C++ object src/amd/terascale/compiler/libamd_terascale_compiler.a.p/.._.._.._gallium_drivers_r600_sfn_sfn_instr_alu.cpp.o
[261/368] Compiling C++ object src/amd/terascale/compiler/libamd_terascale_compiler.a.p/.._.._.._gallium_drivers_r600_sfn_sfn_instr_fetch.cpp.o
[262/368] Compiling C++ object src/amd/terascale/compiler/libamd_terascale_compiler.a.p/.._.._.._gallium_drivers_r600_sfn_sfn_instr_lds.cpp.o
[263/368] Compiling C++ object src/amd/terascale/compiler/libamd_terascale_compiler.a.p/.._.._.._gallium_drivers_r600_sfn_sfn_instr_mem.cpp.o
[264/368] Compiling C++ object src/amd/terascale/compiler/libamd_terascale_compiler.a.p/.._.._.._gallium_drivers_r600_sfn_sfn_instrfactory.cpp.o
[265/368] Compiling C++ object src/amd/terascale/compiler/libamd_terascale_compiler.a.p/.._.._.._gallium_drivers_r600_sfn_sfn_instr_tex.cpp.o
[266/368] Compiling C++ object src/amd/terascale/compiler/libamd_terascale_compiler.a.p/.._.._.._gallium_drivers_r600_sfn_sfn_liverangeevaluator.cpp.o
[267/368] Compiling C++ object src/amd/terascale/compiler/libamd_terascale_compiler.a.p/.._.._.._gallium_drivers_r600_sfn_sfn_liverangeevaluator_helpers.cpp.o
[268/368] Compiling C++ object src/amd/terascale/compiler/libamd_terascale_compiler.a.p/.._.._.._gallium_drivers_r600_sfn_sfn_nir_legalize_image_load_store.cpp.o
[269/368] Compiling C++ object src/amd/terascale/compiler/libamd_terascale_compiler.a.p/.._.._.._gallium_drivers_r600_sfn_sfn_nir_lower_64bit.cpp.o
[270/368] Compiling C++ object src/amd/terascale/compiler/libamd_terascale_compiler.a.p/.._.._.._gallium_drivers_r600_sfn_sfn_nir.cpp.o
[271/368] Compiling C++ object src/amd/terascale/compiler/libamd_terascale_compiler.a.p/.._.._.._gallium_drivers_r600_sfn_sfn_nir_lower_alu.cpp.o
[272/368] Compiling C++ object src/amd/terascale/compiler/libamd_terascale_compiler.a.p/.._.._.._gallium_drivers_r600_sfn_sfn_nir_lower_tex.cpp.o
[273/368] Compiling C++ object src/amd/terascale/compiler/libamd_terascale_compiler.a.p/.._.._.._gallium_drivers_r600_sfn_sfn_nir_lower_fs_out_to_vector.cpp.o
[274/368] Compiling C object src/amd/terascale/compiler/libamd_terascale_compiler.a.p/.._.._.._gallium_drivers_r600_sfn_sfn_nir_vectorize_vs_inputs.c.o
[275/368] Compiling C++ object src/amd/terascale/compiler/libamd_terascale_compiler.a.p/.._.._.._gallium_drivers_r600_sfn_sfn_nir_lower_tess_io.cpp.o
[276/368] Compiling C++ object src/amd/terascale/compiler/libamd_terascale_compiler.a.p/.._.._.._gallium_drivers_r600_sfn_sfn_peephole.cpp.o
[277/368] Compiling C++ object src/amd/terascale/compiler/libamd_terascale_compiler.a.p/.._.._.._gallium_drivers_r600_sfn_sfn_optimizer.cpp.o
[278/368] Compiling C++ object src/amd/terascale/compiler/libamd_terascale_compiler.a.p/.._.._.._gallium_drivers_r600_sfn_sfn_ra.cpp.o
